C51 COMPILER V8.05a   ANGLE                                                                08/10/2017 09:20:55 PAGE 1   


C51 COMPILER V8.05a, COMPILATION OF MODULE ANGLE
OBJECT MODULE PLACED IN .\ANGLE.obj
COMPILER INVOKED BY: C:\Keil_v5\C51\BIN\C51.EXE ..\HARDWARE\SENSOR\ANGLE\ANGLE.C LARGE WARNINGLEVEL(0) BROWSE DEBUG OBJE
                    -CTEXTEND PRINT(.\ANGLE.lst) TABS(2) OBJECT(.\ANGLE.obj)

line level    source

   1          #include "ANGLE.h"
   2          #define  POTENTIOMETER
   3          #ifdef POTENTIOMETER
   4          //ADC初始化函数 p1^0
   5          /*************************************************
   6          * 函数名称:void    ADC_config(u8 pin,u8 speed)
   7          * 描述: 初始化adc
   8          * 输入：u8 pin:需要使用的adc引脚
   9          *       u8 speed: adc的转换速度
  10          * 其他说明:
  11          * pin:
  12          *                ADC_P10
  13          *                ADC_P11
  14          *                ADC_P12
  15          *                ADC_P13
  16          *                ADC_P14
  17          *                ADC_P15
  18          *                ADC_P16
  19          *                ADC_P17
  20          * speed:
  21          *                ADC_90T
  22          *                ADC_180T
  23          *                ADC_360T
  24          *                ADC_540T
  25          *************************************************/
  26          void    ADC_config(u8 pin, u8 speed)
  27          {
  28   1          ADC_InitTypeDef     ADC_InitStructure;
  29   1          ADC_InitStructure.ADC_Px = pin;
  30   1          ADC_InitStructure.ADC_Speed = speed;
  31   1          ADC_InitStructure.ADC_Power = ENABLE;
  32   1          ADC_InitStructure.ADC_AdjResult = ADC_RES_H8L2;
  33   1          ADC_InitStructure.ADC_Polity = PolityLow;
  34   1          ADC_InitStructure.ADC_Interrupt = DISABLE;
  35   1          ADC_Inilize(&ADC_InitStructure);
  36   1          //ADC_PowerControl(ENABLE);
  37   1      }
  38          
  39          
  40          /*************************************************
  41          * 函数名称: float getAngle(bit whichAngle)
  42          * 描述:  读取当前风摆角度或者上一次读取的角度
  43          * 输入:  bit whichAngle
  44          * 返回值: float 角度
  45          * 其他说明:
  46            接线方法已经固定，不能再改变
  47          whichAngle:
  48                      PRESENT_ANGLE
  49                      LAST_ANGLE
  50          *************************************************/
  51          
  52          float getAngle(bit whichAngle)
  53          {
  54   1        u16 angleData[10];
C51 COMPILER V8.05a   ANGLE                                                                08/10/2017 09:20:55 PAGE 2   

  55   1        u8  angleDataloopTemp1=0;
  56   1          static float presentAngle, lastAngle;  //此函数还可以返回上一次的角度值，不需要读取时间 ，是静态的数据
             -，因为需要保存
  57   1          if (whichAngle)  //返回当前结果
  58   1          {
  59   2          
  60   2          for(angleDataloopTemp1 = 0; angleDataloopTemp1 < 10; angleDataloopTemp1++) //读取10次数据并保存在数组中
  61   2            {
  62   3              angleData[angleDataloopTemp1] =  Get_ADC10bitResult(ADC_CH0);
  63   3            }
  64   2            presentAngle= filter(angleData,10,1024,0);//将值滤波
  65   2              
  66   2              lastAngle = presentAngle;
  67   2              return presentAngle;
  68   2          }
  69   1          else  //返回上一次结果
  70   1          {
  71   2              return  lastAngle;
  72   2          }
  73   1      }
  74          #endif


MODULE INFORMATION:   STATIC OVERLAYABLE
   CODE SIZE        =    151    ----
   CONSTANT SIZE    =   ----    ----
   XDATA SIZE       =      8      27
   PDATA SIZE       =   ----    ----
   DATA SIZE        =   ----    ----
   IDATA SIZE       =   ----    ----
   BIT SIZE         =   ----       1
END OF MODULE INFORMATION.


C51 COMPILATION COMPLETE.  0 WARNING(S),  0 ERROR(S)
