C51 COMPILER V8.05a   SPEAKER                                                              08/09/2017 19:30:55 PAGE 1   


C51 COMPILER V8.05a, COMPILATION OF MODULE SPEAKER
OBJECT MODULE PLACED IN .\speaker.obj
COMPILER INVOKED BY: C:\Keil_v5\C51\BIN\C51.EXE ..\HARDWARE\SPEAKER\speaker.c LARGE WARNINGLEVEL(0) BROWSE DEBUG OBJECTE
                    -XTEND PRINT(.\speaker.lst) TABS(2) OBJECT(.\speaker.obj)

line level    source

   1          #include "speaker.h"
   2          void setSpeakerPeriod(u16 value)
   3          {
   4   1      
   5   1      }
   6          void setLength(u16 value)
   7          {
   8   1      
   9   1      }
  10          void open_Speaker(u8 value)
  11          {
  12   1      
  13   1      }
  14          void close_Speaker(u8 value)
  15          {
  16   1      
  17   1      }
  18          //************************************
  19          // Method:    buzz
  20          // FullName:  buzz
  21          // Access:    public 
  22          // Returns:   void
  23          // Qualifier: 蜂鸣器驱动
  24          // Parameter: u16 time:音调的持续时长，ms
  25          //            u16 type:音调的频率
  26          //************************************
  27          void buzz(u16 type,u16 time)
  28          {
  29   1        u16 pulse=(u16)(time*type/1000.0f);  //根据时长和频率算出脉冲数
  30   1        u8 loopTime=time/255;
  31   1           closePulser(PULSER_2);
  32   1          setPulse(PULSER_2, type, pulse);
  33   1          openPulser(PULSER_2);
  34   1          //PrintString1("buzz\r\n");
  35   1        if(time<255)//小于255
  36   1          {
  37   2           os_wait(K_TMO, time, 0);
  38   2      
  39   2          }
  40   1          else
  41   1          {
  42   2            while(loopTime--)
  43   2            {
  44   3           os_wait(K_TMO, 255, 0);
  45   3              
  46   3            }
  47   2          os_wait(K_TMO, time%255, 0);
  48   2      
  49   2          }
  50   1      
  51   1      }
  52          //************************************
  53          // Method:    buzzSucceed
  54          // FullName:  buzzSucceed
C51 COMPILER V8.05a   SPEAKER                                                              08/09/2017 19:30:55 PAGE 2   

  55          // Access:    public 
  56          // Returns:   void
  57          // Qualifier: 完成的提示音
  58          // Parameter: void
  59          //************************************
  60          void buzzSucceed(void)
  61          {
  62   1        buzz(530, 150);
  63   1        buzz(660, 150);
  64   1        buzz(788, 150);
  65   1      }
  66          //************************************
  67          // Method:    buzzWait
  68          // FullName:  buzzWait
  69          // Access:    public 
  70          // Returns:   void
  71          // Qualifier: 普通提示音
  72          // Parameter: void
  73          //************************************
  74          void buzzWait(void)
  75          {
  76   1        buzz(530, 150);
  77   1      
  78   1      }
  79          //************************************
  80          // Method:    buzzFailed
  81          // FullName:  buzzFailed
  82          // Access:    public 
  83          // Returns:   void
  84          // Qualifier: 失败提示音
  85          // Parameter: void
  86          //************************************
  87          void buzzFailed(void)
  88          {
  89   1        buzz(788, 150);
  90   1        buzz(660, 150);
  91   1        buzz(530, 150);
  92   1      
  93   1      }
  94          //************************************
  95          // Method:    Speaker_Init
  96          // FullName:  Speaker_Init
  97          // Access:    public 
  98          // Returns:   void
  99          // Qualifier: 蜂鸣器初始化，带提示音
 100          // Parameter: void
 101          //************************************
 102          void Speaker_Init(void)
 103          {
 104   1         PulserInit();
 105   1        buzz(444, 100); //6
 106   1        buzz(394, 100); //5
 107   1        buzz(350, 100); //4
 108   1        buzz(394, 100); //5
 109   1        buzz(530, 400); //高1
 110   1      
 111   1      }
 112          


MODULE INFORMATION:   STATIC OVERLAYABLE
   CODE SIZE        =    337    ----
C51 COMPILER V8.05a   SPEAKER                                                              08/09/2017 19:30:55 PAGE 3   

   CONSTANT SIZE    =   ----    ----
   XDATA SIZE       =   ----      13
   PDATA SIZE       =   ----    ----
   DATA SIZE        =   ----    ----
   IDATA SIZE       =   ----    ----
   BIT SIZE         =   ----    ----
END OF MODULE INFORMATION.


C51 COMPILATION COMPLETE.  0 WARNING(S),  0 ERROR(S)
