BL51 BANKED LINKER/LOCATER V6.00                                                        08/09/2017  18:31:26  PAGE 1


BL51 BANKED LINKER/LOCATER V6.00, INVOKED BY:
C:\KEIL_V5\C51\BIN\BL51.EXE .\absTask.obj, .\setup.obj, .\mode.obj, .\FILTER.obj, .\PID.obj, .\DataScope_DP.obj, .\BUTTO
>> N.obj, .\LCD5510_V2.obj, .\LED.obj, .\MOTOR.obj, .\SERVO.obj, .\STEP_MOTOR.obj, .\ANGLE.obj, .\phSensor.obj, .\liquid
>> ometer.obj, .\speaker.obj, .\fixedPulser.obj, .\MT_1_L298N.obj, .\MPU9250_SBUF.obj, .\RELAY.obj, .\TM1638.obj, .\ADS1
>> 115.obj, .\74HC595.obj, .\hc_sr04.obj, .\NRF24L01.obj, .\RTC.obj, .\DS18B20.obj, .\74LS165.obj, .\ADC.obj, .\delay.ob
>> j, .\stc15_eeprom.obj, .\stc15_exti.obj, .\GPIO.obj, .\stc15_iic.obj, .\PCA.obj, .\stc15_pwm.obj, .\stc15_spi.obj, .\
>> timer.obj, .\USART1.obj, .\Conf_tny.obj TO 简易水情检测装置 RTX51TINY RAMSIZE (256)


MEMORY MODEL: LARGE WITH FLOATING POINT ARITHMETIC


INPUT MODULES INCLUDED:
  .\absTask.obj (ABSTASK)
  .\setup.obj (SETUP)
  .\mode.obj (MODE)
  .\FILTER.obj (FILTER)
  .\PID.obj (PID)
  .\DataScope_DP.obj (DATASCOPE_DP)
  .\BUTTON.obj (BUTTON)
  .\LCD5510_V2.obj (LCD5510_V2)
  .\LED.obj (LED)
  .\MOTOR.obj (MOTOR)
  .\SERVO.obj (SERVO)
  .\STEP_MOTOR.obj (STEP_MOTOR)
  .\ANGLE.obj (ANGLE)
  .\phSensor.obj (PHSENSOR)
  .\liquidometer.obj (LIQUIDOMETER)
  .\speaker.obj (SPEAKER)
  .\fixedPulser.obj (FIXEDPULSER)
  .\MT_1_L298N.obj (MT_1_L298N)
  .\MPU9250_SBUF.obj (MPU9250_SBUF)
  .\RELAY.obj (RELAY)
  .\TM1638.obj (TM1638)
  .\ADS1115.obj (ADS1115)
  .\74HC595.obj (74HC595)
  .\hc_sr04.obj (HC_SR04)
  .\NRF24L01.obj (NRF24L01)
  .\RTC.obj (RTC)
  .\DS18B20.obj (DS18B20)
  .\74LS165.obj (74LS165)
  .\ADC.obj (ADC)
  .\delay.obj (DELAY)
  .\stc15_eeprom.obj (STC15_EEPROM)
  .\stc15_exti.obj (STC15_EXTI)
  .\GPIO.obj (GPIO)
  .\stc15_iic.obj (STC15_IIC)
  .\PCA.obj (PCA)
  .\stc15_pwm.obj (STC15_PWM)
  .\stc15_spi.obj (STC15_SPI)
  .\timer.obj (TIMER)
  .\USART1.obj (USART1)
  .\Conf_tny.obj (?RTX51_TINY_KERNAL)
  C:\KEIL_V5\C51\LIB\RTX51TNY.LIB (?RTX51_TINY_OS_CREATE)
  C:\KEIL_V5\C51\LIB\RTX51TNY.LIB (?RTX51_TINY_OS_DELETE)
  C:\KEIL_V5\C51\LIB\RTX51TNY.LIB (?RTX51_TINY_OS_WAIT)
  C:\KEIL_V5\C51\LIB\C51FPL.LIB (?C?FPADD)
  C:\KEIL_V5\C51\LIB\C51FPL.LIB (?C?FPMUL)
BL51 BANKED LINKER/LOCATER V6.00                                                      08/09/2017  18:31:26  PAGE 2


  C:\KEIL_V5\C51\LIB\C51FPL.LIB (?C?FPDIV)
  C:\KEIL_V5\C51\LIB\C51FPL.LIB (?C?FPCMP)
  C:\KEIL_V5\C51\LIB\C51FPL.LIB (?C?FCAST)
  C:\KEIL_V5\C51\LIB\C51FPL.LIB (?C?CASTF)
  C:\KEIL_V5\C51\LIB\C51FPL.LIB (PRINTF)
  C:\KEIL_V5\C51\LIB\C51FPL.LIB (FABS)
  C:\KEIL_V5\C51\LIB\C51FPL.LIB (?C?FPGETOPN)
  C:\KEIL_V5\C51\LIB\C51FPL.LIB (?C?FPROUND)
  C:\KEIL_V5\C51\LIB\C51FPL.LIB (?C?FPCONVERT)
  C:\KEIL_V5\C51\LIB\C51FPL.LIB (?C?FTNPWR)
  C:\KEIL_V5\C51\LIB\C51L.LIB (?C_STARTUP)
  C:\KEIL_V5\C51\LIB\C51L.LIB (?C?COPY)
  C:\KEIL_V5\C51\LIB\C51L.LIB (?C?CLDPTR)
  C:\KEIL_V5\C51\LIB\C51L.LIB (?C?CLDOPTR)
  C:\KEIL_V5\C51\LIB\C51L.LIB (?C?CSTPTR)
  C:\KEIL_V5\C51\LIB\C51L.LIB (?C?CSTOPTR)
  C:\KEIL_V5\C51\LIB\C51L.LIB (?C?IMUL)
  C:\KEIL_V5\C51\LIB\C51L.LIB (?C?UIDIV)
  C:\KEIL_V5\C51\LIB\C51L.LIB (?C?IILDX)
  C:\KEIL_V5\C51\LIB\C51L.LIB (?C?ILDIX)
  C:\KEIL_V5\C51\LIB\C51L.LIB (?C?ILDPTR)
  C:\KEIL_V5\C51\LIB\C51L.LIB (?C?ILDOPTR)
  C:\KEIL_V5\C51\LIB\C51L.LIB (?C?LMUL)
  C:\KEIL_V5\C51\LIB\C51L.LIB (?C?ULDIV)
  C:\KEIL_V5\C51\LIB\C51L.LIB (?C?SLDIV)
  C:\KEIL_V5\C51\LIB\C51L.LIB (?C?LNEG)
  C:\KEIL_V5\C51\LIB\C51L.LIB (?C?SLCMP)
  C:\KEIL_V5\C51\LIB\C51L.LIB (?C?ULCMP)
  C:\KEIL_V5\C51\LIB\C51L.LIB (?C?ULSHR)
  C:\KEIL_V5\C51\LIB\C51L.LIB (?C?LLDPTR)
  C:\KEIL_V5\C51\LIB\C51L.LIB (?C?LLDOPTR)
  C:\KEIL_V5\C51\LIB\C51L.LIB (?C?LLDOPTR0)
  C:\KEIL_V5\C51\LIB\C51L.LIB (?C?LSTXDATA)
  C:\KEIL_V5\C51\LIB\C51L.LIB (?C?LSTKXDATA)
  C:\KEIL_V5\C51\LIB\C51L.LIB (?C?OFFXADD)
  C:\KEIL_V5\C51\LIB\C51L.LIB (?C?PLDIXDATA)
  C:\KEIL_V5\C51\LIB\C51L.LIB (?C?PSTXDATA)
  C:\KEIL_V5\C51\LIB\C51L.LIB (?C?PLDPTR)
  C:\KEIL_V5\C51\LIB\C51L.LIB (?C?CCASE)
  C:\KEIL_V5\C51\LIB\C51L.LIB (?C?ICALL)
  C:\KEIL_V5\C51\LIB\C51L.LIB (PUTCHAR)
  C:\KEIL_V5\C51\LIB\C51L.LIB (ABS)
  C:\KEIL_V5\C51\LIB\C51L.LIB (LABS)
  C:\KEIL_V5\C51\LIB\C51L.LIB (MALLOC)
  C:\KEIL_V5\C51\LIB\C51L.LIB (FREE)
  C:\KEIL_V5\C51\LIB\C51L.LIB (?C_INIT)
  C:\KEIL_V5\C51\LIB\C51L.LIB (?C?LLDIDATA)
  C:\KEIL_V5\C51\LIB\C51L.LIB (?C?LLDXDATA)
  C:\KEIL_V5\C51\LIB\C51L.LIB (?C?LLDPDATA)
  C:\KEIL_V5\C51\LIB\C51L.LIB (?C?LLDCODE)
  C:\KEIL_V5\C51\LIB\C51L.LIB (?C?LLDIDATA0)
  C:\KEIL_V5\C51\LIB\C51L.LIB (?C?LLDXDATA0)
  C:\KEIL_V5\C51\LIB\C51L.LIB (?C?LLDPDATA0)
  C:\KEIL_V5\C51\LIB\C51L.LIB (?C?LLDCODE0)
  C:\KEIL_V5\C51\LIB\C51L.LIB (?C?PLDIDATA)
  C:\KEIL_V5\C51\LIB\C51L.LIB (?C?PLDXDATA)
  C:\KEIL_V5\C51\LIB\C51L.LIB (?C?PLDPDATA)
BL51 BANKED LINKER/LOCATER V6.00                                                      08/09/2017  18:31:26  PAGE 3


  C:\KEIL_V5\C51\LIB\C51L.LIB (?C?PLDCODE)
  C:\KEIL_V5\C51\LIB\C51L.LIB (INIT_MEM)


TASK TABLE OF MODULE:  简易水情检测装置 (ABSTASK)

TASKID   PRIORITY   REG-BANK   SEGMENT NAME
-------------------------------------------
0        0          0          ?PR?TASKSTART?ABSTASK
5        0          0          ?PR?PRINTDISTANCE?ABSTASK
9        0          0          ?PR?PRINTTMP?ABSTASK
10       0          0          ?PR?DISTANCE?ABSTASK
12       0          0          ?PR?BUTTONSOUND?ABSTASK
13       0          0          ?PR?TIMEUPDATE?ABSTASK
14       0          0          ?PR?BUTTONSTATEUPDATE?ABSTASK
15       0          0          ?PR?TEMPERATUREUPDATA?ABSTASK



LINK MAP OF MODULE:  简易水情检测装置 (ABSTASK)


            TYPE    BASE      LENGTH    RELOCATION   SEGMENT NAME
            -----------------------------------------------------

            * * * * * * *   D A T A   M E M O R Y   * * * * * * *
            REG     0000H     0008H     ABSOLUTE     "REG BANK 0"
            DATA    0008H     0005H     ABSOLUTE     
            DATA    000DH     0008H     UNIT         ?DT?TM1638
            DATA    0015H     0005H     UNIT         ?DT?PRINTF?PRINTF
                    001AH     0006H                  *** GAP ***
            DATA    0020H     0001H     BIT_ADDR     ?BA?STC15_SPI
            BIT     0021H.0   0001H.1   UNIT         ?BI?PRINTF?PRINTF
            BIT     0022H.1   0000H.3   UNIT         ?BI?PCA
            BIT     0022H.4   0000H.2   UNIT         ?BI?FIXEDPULSER
            BIT     0022H.6   0000H.2   UNIT         _BIT_GROUP_
            BIT     0023H.0   0000H.1   UNIT         ?BI?LED
            BIT     0023H.1   0000H.1   UNIT         ?BI?_SETSTEPMOTORDIVERSION?STEP_MOTOR
            BIT     0023H.2   0000H.1   UNIT         ?BI?GETANGLE?ANGLE
            BIT     0023H.3   0000H.1   UNIT         ?BI?_SETPINSTATE?GPIO
                    0023H.4   0000H.4                *** GAP ***
            IDATA   0024H     0020H     UNIT         ?RTX?TASKSTATE?S
            IDATA   0044H     0010H     UNIT         ?RTX?TASKSP?S
            IDATA   0054H     0001H     UNIT         ?STACK

            * * * * * * *  X D A T A   M E M O R Y  * * * * * * *
            XDATA   0000H     0290H     UNIT         ?XD?USART1
            XDATA   0290H     00D2H     UNIT         _XDATA_GROUP_
            XDATA   0362H     00A3H     UNIT         ?XD?MPU9250_SBUF
            XDATA   0405H     0082H     UNIT         ?XD?PID
            XDATA   0487H     0053H     UNIT         ?XD?_USART1_PRINTF?USART1
            XDATA   04DAH     004AH     UNIT         ?XD?SERVO
            XDATA   0524H     003EH     UNIT         ?XD?FILTER
            XDATA   0562H     003CH     UNIT         ?XD?STC15_PWM
            XDATA   059EH     0030H     UNIT         ?XD?PRINTF?PRINTF
            XDATA   05CEH     002EH     UNIT         ?XD?_COPESERIALDATA?MPU9250_SBUF
            XDATA   05FCH     002AH     UNIT         ?XD?DATASCOPE_DP
BL51 BANKED LINKER/LOCATER V6.00                                                      08/09/2017  18:31:26  PAGE 4


            XDATA   0626H     0028H     UNIT         ?XD?_KALMANFILTER?FILTER
            XDATA   064EH     0027H     UNIT         ?XD?HC_SR04
            XDATA   0675H     0022H     UNIT         ?XD?PHSENSOR
            XDATA   0697H     0021H     UNIT         ?XD?_INIT_STR_MOTOR?SERVO
            XDATA   06B8H     001CH     UNIT         ?XD?STEP_MOTOR
            XDATA   06D4H     0018H     UNIT         ?XD?_GETPH_VALUE?PHSENSOR
            XDATA   06ECH     0018H     UNIT         ?XD?FIXEDPULSER
            XDATA   0704H     0016H     UNIT         ?XD?_PWM_INIT?STC15_PWM
            XDATA   071AH     0016H     UNIT         ?XD?TIMER
            XDATA   0730H     0015H     UNIT         ?XD?GETANGLE?ANGLE
            XDATA   0745H     0015H     UNIT         ?XD?PCA
            XDATA   075AH     0014H     UNIT         ?XD?_ITOA?USART1
            XDATA   076EH     0013H     UNIT         ?XD?_NIXIELEDLIGHT?TM1638
            XDATA   0781H     0012H     UNIT         ?XD?DC_MOTOR_CONFIG?MOTOR
            XDATA   0793H     0010H     UNIT         ?XD?BUTTON
            XDATA   07A3H     0010H     UNIT         ?XD?ADS1115
            XDATA   07B3H     000EH     UNIT         ?XD?_STEPMOTOR_INIT?STEP_MOTOR
            XDATA   07C1H     000EH     UNIT         ?XD?_TM1638LEDDISPLAY?TM1638
            XDATA   07CFH     000EH     UNIT         ?XD?RTC
            XDATA   07DDH     000DH     UNIT         ?XD?_PID_CONFIG?PID
            XDATA   07EAH     000BH     UNIT         ?XD?_LCD_PRINTNUM_F?LCD5510_V2
            XDATA   07F5H     000AH     UNIT         ?XD?RELAY
            XDATA   07FFH     000AH     UNIT         ?XD?NRF24L01
            XDATA   0809H     0009H     UNIT         ?XD?_SET_STR_ANGLE?SERVO
            XDATA   0812H     0009H     UNIT         ?XD?_PH_CONFIG?PHSENSOR
            XDATA   081BH     0009H     UNIT         ?XD?_SETPHCOEFFICIENT?PHSENSOR
            XDATA   0824H     0008H     UNIT         ?XD?_LCD_PRINTNUM_I?LCD5510_V2
            XDATA   082CH     0008H     UNIT         ?XD?ANGLE
            XDATA   0834H     0008H     UNIT         ?XD?INIT_MEM
            XDATA   083CH     0007H     UNIT         ?XD?_SETSTEPMOTORWITHPULSE?STEP_MOTOR
            XDATA   0843H     0007H     UNIT         ?XD?_SETSTEPMOTORWITHDISTANCE?STEP_MOTOR
            XDATA   084AH     0007H     UNIT         ?XD?_SETSTEPMOTORWITHANGLE?STEP_MOTOR
            XDATA   0851H     0007H     UNIT         ?XD?_EEPROM_READ_N?STC15_EEPROM
            XDATA   0858H     0007H     UNIT         ?XD?_EEPROM_WRITE_N?STC15_EEPROM
            XDATA   085FH     0006H     UNIT         ?XD?_ADC_CONFIG?ANGLE
            XDATA   0865H     0006H     UNIT         ?XD?_CHARTOLONG?MPU9250_SBUF
            XDATA   086BH     0006H     UNIT         ?XD?_IIC_WRDATTOADD?STC15_IIC
            XDATA   0871H     0006H     UNIT         ?XD?_IIC_RDDATFROMADD?STC15_IIC
            XDATA   0877H     0006H     UNIT         ?XD?_SPI_WRITE_BUF?STC15_SPI
            XDATA   087DH     0006H     UNIT         ?XD?_MALLOC?MALLOC
            XDATA   0883H     0006H     UNIT         ?XD?_FREE?FREE
            XDATA   0889H     0005H     UNIT         ?XD?_SETPARAMETERINFERIORLIMIT?PID
            XDATA   088EH     0005H     UNIT         ?XD?_SETPARAMETERUPPERLIMIT?PID
            XDATA   0893H     0005H     UNIT         ?XD?_SETACTUALPARAMETER?PID
            XDATA   0898H     0005H     UNIT         ?XD?_SETKI?PID
            XDATA   089DH     0005H     UNIT         ?XD?_SETKP?PID
            XDATA   08A2H     0005H     UNIT         ?XD?_SETKD?PID
            XDATA   08A7H     0005H     UNIT         ?XD?_SETPARAMETER?PID
            XDATA   08ACH     0005H     UNIT         ?XD?_SETMAXERROR?PID
            XDATA   08B1H     0005H     UNIT         ?XD?_LCD_PRINTS?LCD5510_V2
            XDATA   08B6H     0005H     UNIT         ?XD?_LCD_PRINTSL?LCD5510_V2
            XDATA   08BBH     0005H     UNIT         ?XD?_SETDC_MOTORSPEED?MOTOR
            XDATA   08C0H     0005H     UNIT         ?XD?_GET_RTC_TIME?RTC
            XDATA   08C5H     0005H     UNIT         ?XD?_SET_PWM_DUTY?STC15_PWM
            XDATA   08CAH     0005H     UNIT         ?XD?_SPI_READ_BUF?STC15_SPI
            XDATA   08CFH     0004H     UNIT         ?XD?MOTOR
            XDATA   08D3H     0004H     UNIT         ?XD?_HC595_INIT?74HC595
BL51 BANKED LINKER/LOCATER V6.00                                                      08/09/2017  18:31:26  PAGE 5


            XDATA   08D7H     0004H     UNIT         ?XD?_NRF24L01_RXPACKET?NRF24L01
            XDATA   08DBH     0003H     UNIT         ?XD?_INTEGRAL_SEPARA_PID?PID
            XDATA   08DEH     0003H     UNIT         ?XD?_ANTI_WINDUP_PID?PID
            XDATA   08E1H     0003H     UNIT         ?XD?_TRAPEZOIDAL_INTEGRAL_PID?PID
            XDATA   08E4H     0003H     UNIT         ?XD?_NRF24L01_TXPACKET?NRF24L01
            XDATA   08E7H     0003H     UNIT         ?XD?_READ_RTC_DATE?RTC
            XDATA   08EAH     0003H     UNIT         ?XD?_PCA_INIT?PCA
            XDATA   08EDH     0003H     UNIT         ?XD?_PWMOUTPUT?PCA
            XDATA   08F0H     0002H     UNIT         ?XD?BUTTON_CONFIG?BUTTON
            XDATA   08F2H     0002H     UNIT         ?XD?LCD5510_INIT?LCD5510_V2
            XDATA   08F4H     0002H     UNIT         ?XD?BOARD_LED_INIT?LED
            XDATA   08F6H     0002H     UNIT         ?XD?_SETSTEPMOTORWITHROUND?STEP_MOTOR
            XDATA   08F8H     0002H     UNIT         ?XD?_SETSPEAKERPERIOD?SPEAKER
            XDATA   08FAH     0002H     UNIT         ?XD?_SETLENGTH?SPEAKER
            XDATA   08FCH     0002H     UNIT         ?XD?PULSERINIT?FIXEDPULSER
            XDATA   08FEH     0002H     UNIT         ?XD?RELAY_INIT?RELAY
            XDATA   0900H     0002H     UNIT         ?XD?_SET_PWM_PERIOD?STC15_PWM
            XDATA   0902H     0002H     UNIT         ?XD?_PWM_INILIZE?STC15_PWM
            XDATA   0904H     0001H     UNIT         ?XD?_POSITION_PID?PID
            XDATA   0905H     0001H     UNIT         ?XD?_INCREMENTAL_PID?PID
            XDATA   0906H     0001H     UNIT         ?XD?_POSCLASSPID?PID
            XDATA   0907H     0001H     UNIT         ?XD?_BLINK?LED
            XDATA   0908H     0001H     UNIT         ?XD?_BOARD_LED_PWM?LED
            XDATA   0909H     0001H     UNIT         ?XD?_OPEN_DC_MOTOR?MOTOR
            XDATA   090AH     0001H     UNIT         ?XD?_CLOSE_DC_MOTOR?MOTOR
            XDATA   090BH     0001H     UNIT         ?XD?_OPEN_STR?SERVO
            XDATA   090CH     0001H     UNIT         ?XD?_CLOSE_STR?SERVO
            XDATA   090DH     0001H     UNIT         ?XD?_CLOSE_STEPMOTOR?STEP_MOTOR
            XDATA   090EH     0001H     UNIT         ?XD?_OPEN_SPEAKER?SPEAKER
            XDATA   090FH     0001H     UNIT         ?XD?_CLOSE_SPEAKER?SPEAKER
            XDATA   0910H     0001H     UNIT         ?XD?_SETTM1638COM?TM1638
            XDATA   0911H     0001H     UNIT         ?XD?INIT_TM1638?TM1638
            XDATA   0912H     0001H     UNIT         ?XD?_HC595SENDDATA?74HC595
            XDATA   0913H     0001H     UNIT         ?XD?_NRF24L01_INIT?NRF24L01
            XDATA   0914H     0001H     UNIT         ?XD?_CHOICEHALFDUPLEXMODE?NRF24L01
            XDATA   0915H     0001H     UNIT         ?XD?_WRITE_RTC_DATE?RTC

            * * * * * * *   C O D E   M E M O R Y   * * * * * * *
            CODE    0000H     0003H     ABSOLUTE     
            CODE    0003H     0003H     ABSOLUTE     
                    0006H     0005H                  *** GAP ***
            CODE    000BH     0003H     ABSOLUTE     
                    000EH     0005H                  *** GAP ***
            CODE    0013H     0003H     ABSOLUTE     
                    0016H     000DH                  *** GAP ***
            CODE    0023H     0003H     ABSOLUTE     
                    0026H     0005H                  *** GAP ***
            CODE    002BH     0003H     ABSOLUTE     
                    002EH     000DH                  *** GAP ***
            CODE    003BH     0003H     ABSOLUTE     
                    003EH     0005H                  *** GAP ***
            CODE    0043H     0003H     ABSOLUTE     
                    0046H     000DH                  *** GAP ***
            CODE    0053H     0003H     ABSOLUTE     
                    0056H     0005H                  *** GAP ***
            CODE    005BH     0003H     ABSOLUTE     
                    005EH     0005H                  *** GAP ***
BL51 BANKED LINKER/LOCATER V6.00                                                      08/09/2017  18:31:26  PAGE 6


            CODE    0063H     0003H     ABSOLUTE     
                    0066H     001DH                  *** GAP ***
            CODE    0083H     0003H     ABSOLUTE     
                    0086H     0005H                  *** GAP ***
            CODE    008BH     0003H     ABSOLUTE     
                    008EH     0005H                  *** GAP ***
            CODE    0093H     0003H     ABSOLUTE     
                    0096H     0005H                  *** GAP ***
            CODE    009BH     0003H     ABSOLUTE     
                    009EH     0005H                  *** GAP ***
            CODE    00A3H     0003H     ABSOLUTE     
                    00A6H     075AH                  *** GAP ***
            CODE    0800H     0B0DH     UNIT         ?C?LIB_CODE
            CODE    130DH     06E0H     UNIT         ?PR?_USART_CONFIGURATION?USART1
            CODE    19EDH     049AH     UNIT         ?PR?_COPESERIALDATA?MPU9250_SBUF
            CODE    1E87H     0483H     UNIT         ?PR?PRINTF?PRINTF
            CODE    230AH     03E1H     UNIT         ?PR?_TRAPEZOIDAL_INTEGRAL_PID?PID
            CODE    26EBH     03D8H     UNIT         ?PR?_ANTI_WINDUP_PID?PID
            CODE    2AC3H     039AH     UNIT         ?PR?_PWM_INILIZE?STC15_PWM
            CODE    2E5DH     0393H     UNIT         ?PR?_NIXIELEDLIGHT?TM1638
            CODE    31F0H     033AH     UNIT         ?PR?_USART1_PRINTF?USART1
            CODE    352AH     0288H     UNIT         ?RTX?CODE
            CODE    37B2H     026AH     UNIT         ?CO?LCD5510_V2
            CODE    3A1CH     0252H     UNIT         ?PR?_TIMER_INILIZE?TIMER
            CODE    3C6EH     0246H     UNIT         ?PR?_INTEGRAL_SEPARA_PID?PID
            CODE    3EB4H     021EH     UNIT         ?PR?_FILTER?FILTER
            CODE    40D2H     01DDH     UNIT         ?PR?DISTANCE?ABSTASK
            CODE    42AFH     01DCH     UNIT         ?PR?_POSITION_PID?PID
            CODE    448BH     01D4H     UNIT         ?PR?_INIT_STR_MOTOR?SERVO
            CODE    465FH     01C4H     UNIT         ?PR?_GPIO_INILIZE?GPIO
            CODE    4823H     01A0H     UNIT         ?PR?_INCREMENTAL_PID?PID
            CODE    49C3H     019FH     UNIT         ?PR?_PCA_INIT?PCA
            CODE    4B62H     0198H     UNIT         ?PR?_TM1638LEDDISPLAY?TM1638
            CODE    4CFAH     0183H     UNIT         ?PR?_ITOA?USART1
            CODE    4E7DH     0152H     UNIT         ?PR?_KALMANFILTER?FILTER
            CODE    4FCFH     0146H     UNIT         ?PR?_PID_CONFIG?PID
            CODE    5115H     013EH     UNIT         ?PR?_FREE?FREE
            CODE    5253H     013DH     UNIT         ?PR?_PWMOUTPUT?PCA
            CODE    5390H     013BH     UNIT         ?PR?GETBUTTONNUM?TM1638
            CODE    54CBH     0134H     UNIT         ?PR?_DATASCOPE_GET_CHANNEL_DATA?DATASCOPE_DP
            CODE    55FFH     0116H     UNIT         ?PR?_SET_STR_ANGLE?SERVO
            CODE    5715H     0103H     UNIT         ?PR?_MOVINGAVERAGEFILTER?FILTER
            CODE    5818H     00FAH     UNIT         ?PR?_NRF24L01_INIT?NRF24L01
            CODE    5912H     00ECH     UNIT         ?PR?_SETPULSE?FIXEDPULSER
            CODE    59FEH     00E4H     UNIT         ?PR?_SET_PWM_DUTY?STC15_PWM
            CODE    5AE2H     00E2H     UNIT         ?C_INITSEG
            CODE    5BC4H     00D7H     UNIT         ?PR?_GETPH_VALUE?PHSENSOR
            CODE    5C9BH     00D1H     UNIT         ?PR?_MALLOC?MALLOC
            CODE    5D6CH     00C7H     UNIT         ?PR?_SETSTEPMOTORWITHDISTANCE?STEP_MOTOR
            CODE    5E33H     00C2H     UNIT         ?PR?_BUZZ?SPEAKER
            CODE    5EF5H     00B6H     UNIT         ?PR?_EXT_INILIZE?STC15_EXTI
            CODE    5FABH     00AFH     UNIT         ?PR?UART1_INT?USART1
            CODE    605AH     00AEH     UNIT         ?PR?_PWMN_UPDATE?PCA
            CODE    6108H     00AAH     UNIT         ?PR?_FLOAT2BYTE?DATASCOPE_DP
            CODE    61B2H     00A5H     UNIT         ?PR?_DATASCOPE_DATA_GENERATE?DATASCOPE_DP
            CODE    6257H     00A3H     UNIT         ?PR?PCA_HANDLER?PCA
            CODE    62FAH     009FH     UNIT         ?PR?_STEPMOTOR_INIT?STEP_MOTOR
BL51 BANKED LINKER/LOCATER V6.00                                                      08/09/2017  18:31:26  PAGE 7


            CODE    6399H     009AH     UNIT         ?PR?_PWM_SET_T12_PERIOD?STC15_PWM
            CODE    6433H     0093H     UNIT         ?PR?_CHARTOLONG?MPU9250_SBUF
            CODE    64C6H     0092H     UNIT         ?PR?_SETDC_MOTORSPEED?MOTOR
            CODE    6558H     0090H     UNIT         ?PR?_SHUDDERINGFILTER?FILTER
            CODE    65E8H     008CH     UNIT         ?C_C51STARTUP
            CODE    6674H     0086H     UNIT         ?PR?_RELAYKEYCHANGE?RELAY
            CODE    66FAH     0085H     UNIT         ?PR?UART2_INT?USART1
            CODE    677FH     0085H     UNIT         ?PR?UART3_INT?USART1
            CODE    6804H     0085H     UNIT         ?PR?UART4_INT?USART1
            CODE    6889H     007CH     UNIT         ?PR?TIMERINIT?TIMER
            CODE    6905H     007BH     UNIT         ?PR?GETANGLE?ANGLE
            CODE    6980H     007BH     UNIT         ?PR?PULSER_1INT?FIXEDPULSER
            CODE    69FBH     007BH     UNIT         ?PR?PULSER_2INT?FIXEDPULSER
            CODE    6A76H     0070H     UNIT         ?PR?_LIMITINGFILTER?FILTER
            CODE    6AE6H     0070H     UNIT         ?PR?_LCD_PRINTNUM_F?LCD5510_V2
            CODE    6B56H     006BH     UNIT         ?PR?DC_MOTOR_CONFIG?MOTOR
            CODE    6BC1H     0069H     UNIT         ?PR?EXT_INT0?HC_SR04
            CODE    6C2AH     0065H     UNIT         ?PR?_LCD_PRINTNUM_I?LCD5510_V2
            CODE    6C8FH     0065H     UNIT         ?PR?_SETSTEPMOTORWITHANGLE?STEP_MOTOR
            CODE    6CF4H     0061H     UNIT         ?PR?_SET_PWM_PERIOD?STC15_PWM
            CODE    6D55H     005EH     UNIT         ?PR?_GET_ADC10BITRESULT?ADC
            CODE    6DB3H     0057H     UNIT         ?PR?_PWM_INIT?STC15_PWM
            CODE    6E0AH     0054H     UNIT         ?PR?_LCD_PRINTSL?LCD5510_V2
            CODE    6E5EH     0053H     UNIT         ?PR?_ADC_INILIZE?ADC
            CODE    6EB1H     0053H     UNIT         ?PR?_IIC_RDDATFROMADD?STC15_IIC
            CODE    6F04H     0052H     UNIT         ?PR?_PH_CONFIG?PHSENSOR
            CODE    6F56H     0052H     UNIT         ?PR?_NRF24L01_RXPACKET?NRF24L01
            CODE    6FA8H     0051H     UNIT         ?PR?_GET_RTC_TIME?RTC
            CODE    6FF9H     004AH     UNIT         ?PR?_GETJY901ACCELERATION?MPU9250_SBUF
            CODE    7043H     004AH     UNIT         ?PR?_GETJY901PALSTANCE?MPU9250_SBUF
            CODE    708DH     004AH     UNIT         ?PR?_GETDS18B20_TEMPERATURE?DS18B20
            CODE    70D7H     0048H     UNIT         ?PR?_WRITECONFIGREGISTER?ADS1115
            CODE    711FH     0048H     UNIT         ?PR?TIMER4_INT?TIMER
            CODE    7167H     0047H     UNIT         ?PR?GETTM1638READ?TM1638
            CODE    71AEH     0046H     UNIT         ?PR?ULTRASONICINIT?HC_SR04
            CODE    71F4H     0045H     UNIT         ?PR?_POSCLASSPID?PID
            CODE    7239H     0044H     UNIT         ?PR?_UPDATEDISTANCE?HC_SR04
            CODE    727DH     0044H     UNIT         ?C?LDIV
            CODE    72C1H     0043H     UNIT         ?PR?LCD5510_INIT?LCD5510_V2
            CODE    7304H     0040H     UNIT         ?PR?_SETPHCOEFFICIENT?PHSENSOR
            CODE    7344H     0040H     UNIT         ?PR?_SPI_WRITE_BUF?STC15_SPI
            CODE    7384H     003FH     UNIT         ?PR?_EEPROM_READ_N?STC15_EEPROM
            CODE    73C3H     003FH     UNIT         ?PR?_EEPROM_WRITE_N?STC15_EEPROM
            CODE    7402H     003DH     UNIT         ?PR?_LCD_PRINTC?LCD5510_V2
            CODE    743FH     003CH     UNIT         ?PR?_SETTM1638WRITE?TM1638
            CODE    747BH     003CH     UNIT         ?PR?_READ_RTC_DATE?RTC
            CODE    74B7H     003CH     UNIT         ?PR?_INIT_MEMPOOL?INIT_MEM
            CODE    74F3H     003BH     UNIT         ?PR?_LCD_PRINTS?LCD5510_V2
            CODE    752EH     003BH     UNIT         ?PR?_INITJY901?MPU9250_SBUF
            CODE    7569H     003BH     UNIT         ?PR?_CLOSERELAYMODULAR?RELAY
            CODE    75A4H     003AH     UNIT         ?PR?_NRF24L01_TXPACKET?NRF24L01
            CODE    75DEH     0039H     UNIT         ?PR?_SETSTEPMOTORWITHROUND?STEP_MOTOR
            CODE    7617H     0038H     UNIT         ?PR?BUTTONSCAN?BUTTON
            CODE    764FH     0038H     UNIT         ?PR?INIT_DS18B20?DS18B20
            CODE    7687H     0036H     UNIT         ?PR?_GETJY901MAGNETIC?MPU9250_SBUF
            CODE    76BDH     0036H     UNIT         ?PR?_IIC_WRDATTOADD?STC15_IIC
            CODE    76F3H     0035H     UNIT         ?PR?_UART1_INIT?SETUP
BL51 BANKED LINKER/LOCATER V6.00                                                      08/09/2017  18:31:26  PAGE 8


            CODE    7728H     0035H     UNIT         ?PR?_SPI_READ_BUF?STC15_SPI
            CODE    775DH     0033H     UNIT         ?PR?READCONVERSIONREGISTER?ADS1115
            CODE    7790H     0032H     UNIT         ?PR?_GETJY901ANGLE?MPU9250_SBUF
            CODE    77C2H     0032H     UNIT         ?PR?_CHOICEHALFDUPLEXMODE?NRF24L01
            CODE    77F4H     0031H     UNIT         ?PR?_SENDSCOPEDATA?DATASCOPE_DP
            CODE    7825H     0031H     UNIT         ?PR?_CLOSERELAYKEY?RELAY
            CODE    7856H     0030H     UNIT         ?PR?_OPENRELAYKEY?RELAY
            CODE    7886H     002FH     UNIT         ?PR?INIT_TM1638?TM1638
            CODE    78B5H     002FH     UNIT         ?PR?_WRITEONECHAR?DS18B20
            CODE    78E4H     002EH     UNIT         ?PR?READONECHAR?DS18B20
            CODE    7912H     002EH     UNIT         ?PR?_DELAY_US?DELAY
            CODE    7940H     002DH     UNIT         ?PR?PULSERINIT?FIXEDPULSER
            CODE    796DH     0029H     UNIT         ?PR?_SETTIMEOUT?TIMER
            CODE    7996H     0028H     UNIT         ?PR?BOARD_LED_INIT?LED
            CODE    79BEH     0028H     UNIT         ?PR?_OPEN_PWM_N?STC15_PWM
            CODE    79E6H     0028H     UNIT         ?PR?_TX2_WRITE2BUFF?USART1
            CODE    7A0EH     0028H     UNIT         ?PR?_TX3_WRITE2BUFF?USART1
            CODE    7A36H     0028H     UNIT         ?PR?_TX4_WRITE2BUFF?USART1
            CODE    7A5EH     0027H     UNIT         ?PR?PRINTDISTANCE?ABSTASK
            CODE    7A85H     0027H     UNIT         ?PR?IIC_RDACK?STC15_IIC
            CODE    7AACH     0027H     UNIT         ?PR?_TX1_WRITE2BUFF?USART1
            CODE    7AD3H     0027H     UNIT         ?PR?PUTCHAR?PUTCHAR
            CODE    7AFAH     0026H     UNIT         ?PR?_INPUTONEBYTE?STC15_IIC
            CODE    7B20H     0025H     UNIT         ?PR?_SETSTEPMOTORWITHPULSE?STEP_MOTOR
            CODE    7B45H     0025H     UNIT         ?PR?_CLOSE_PWM_N?STC15_PWM
            CODE    7B6AH     0024H     UNIT         ?PR?SPEAKER_INIT?SPEAKER
            CODE    7B8EH     0024H     UNIT         ?PR?OUTPUTONEBYTE?STC15_IIC
            CODE    7BB2H     0024H     UNIT         ?PR?_SPI_RW?STC15_SPI
            CODE    7BD6H     0022H     UNIT         ?PR?_BLINK?LED
            CODE    7BF8H     0021H     UNIT         ?PR?SETUP?SETUP
            CODE    7C19H     0021H     UNIT         ?PR?_SETPARAMETERINFERIORLIMIT?PID
            CODE    7C3AH     0021H     UNIT         ?PR?_SETPARAMETERUPPERLIMIT?PID
            CODE    7C5BH     0021H     UNIT         ?PR?_SETACTUALPARAMETER?PID
            CODE    7C7CH     0021H     UNIT         ?PR?_SETKI?PID
            CODE    7C9DH     0021H     UNIT         ?PR?_SETKP?PID
            CODE    7CBEH     0021H     UNIT         ?PR?_SETKD?PID
            CODE    7CDFH     0021H     UNIT         ?PR?_SETPARAMETER?PID
            CODE    7D00H     0021H     UNIT         ?PR?_SETMAXERROR?PID
            CODE    7D21H     0021H     UNIT         ?PR?LCD_CLR_SCR?LCD5510_V2
            CODE    7D42H     0021H     UNIT         ?PR?BUZZSUCCEED?SPEAKER
            CODE    7D63H     0021H     UNIT         ?PR?BUZZFAILED?SPEAKER
            CODE    7D84H     0021H     UNIT         ?PR?_SETDISTANCE?HC_SR04
            CODE    7DA5H     0020H     UNIT         ?CO?SETUP
            CODE    7DC5H     0020H     UNIT         ?PR?_LCD_WRITE_BYTE?LCD5510_V2
            CODE    7DE5H     0020H     UNIT         ?PR?_OPEN_STR?SERVO
            CODE    7E05H     0020H     UNIT         ?PR?_EEPROM_SECTORERASE?STC15_EEPROM
            CODE    7E25H     0020H     UNIT         ?RTX?TASKENT?S
            CODE    7E45H     001FH     UNIT         ?PR?_CLOSE_STR?SERVO
            CODE    7E64H     001FH     UNIT         ?PR?_SETTM1638COM?TM1638
            CODE    7E83H     001FH     UNIT         ?PR?_PWM_SET_PERIOD?STC15_PWM
            CODE    7EA2H     001FH     UNIT         ?PR?_ISACTIVETIMER?TIMER
            CODE    7EC1H     001FH     UNIT         ?PR?_ISEXPIREDTIMER?TIMER
            CODE    7EE0H     001EH     UNIT         ?PR?_OPEN_DC_MOTOR?MOTOR
            CODE    7EFEH     001EH     UNIT         ?PR?_OPENPULSER?FIXEDPULSER
            CODE    7F1CH     001EH     UNIT         ?CO?TM1638
            CODE    7F3AH     001EH     UNIT         ?PR?_GETADS1115CONVSIONDATA?ADS1115
            CODE    7F58H     001DH     UNIT         ?PR?_CLOSE_DC_MOTOR?MOTOR
BL51 BANKED LINKER/LOCATER V6.00                                                      08/09/2017  18:31:26  PAGE 9


            CODE    7F75H     001DH     UNIT         ?PR?_CLOSE_STEPMOTOR?STEP_MOTOR
            CODE    7F92H     001DH     UNIT         ?PR?_CLOSEPULSER?FIXEDPULSER
            CODE    7FAFH     001DH     UNIT         ?PR?_ISSTOPPED?TIMER
            CODE    7FCCH     001CH     UNIT         ?PR?_FREESTEPMOTOR?STEP_MOTOR
            CODE    7FE8H     001CH     UNIT         ?PR?_LOCKSTEPMOTOR?STEP_MOTOR
            CODE    8004H     001CH     UNIT         ?PR?_ADC_CONFIG?ANGLE
            CODE    8020H     001CH     UNIT         ?PR?_SETTIMERHERTZ?TIMER
            CODE    803CH     001BH     UNIT         ?PR?_GETBUTTONSTATE?BUTTON
            CODE    8057H     001BH     UNIT         ?PR?_SETSTEPMOTORDIVERSION?STEP_MOTOR
            CODE    8072H     001AH     UNIT         ?PR?_GETPARAMETER?PID
            CODE    808CH     001AH     UNIT         ?PR?_GETERR?PID
            CODE    80A6H     001AH     UNIT         ?PR?_GETERRLAST?PID
            CODE    80C0H     001AH     UNIT         ?PR?_GETKP?PID
            CODE    80DAH     001AH     UNIT         ?PR?_GETKI?PID
            CODE    80F4H     001AH     UNIT         ?PR?_GETKD?PID
            CODE    810EH     001AH     UNIT         ?PR?_GETOUTPUT?PID
            CODE    8128H     001AH     UNIT         ?PR?_GETINTEGRAL?PID
            CODE    8142H     001AH     UNIT         ?PR?_READ_STR_ANGLE?SERVO
            CODE    815CH     001AH     UNIT         ?PR?_ADS1115_CONFIG?ADS1115
            CODE    8176H     001AH     UNIT         ?PR?_GETDISTANCE?HC_SR04
            CODE    8190H     001AH     UNIT         ?PR?_WRITE_RTC_DATE?RTC
            CODE    81AAH     001AH     UNIT         ?PR?_GET_PWM_PERIOD?STC15_PWM
            CODE    81C4H     001AH     UNIT         ?PR?_GET_PWM_N_DUTY?STC15_PWM
            CODE    81DEH     001AH     UNIT         ?PR?_GETTIMEROUT?TIMER
            CODE    81F8H     001AH     UNIT         ?PR?_GETTIMERHERTZ?TIMER
            CODE    8212H     0019H     UNIT         ?PR?_INCCLASSPID?PID
            CODE    822BH     0019H     UNIT         ?PR?_HC595_INIT?74HC595
            CODE    8244H     0019H     UNIT         ?PR?_IIC_WRDEVADDANDDATADD?STC15_IIC
            CODE    825DH     0017H     UNIT         ?PR?BUTTON_CONFIG?BUTTON
            CODE    8274H     0017H     UNIT         ?PR?_PRINTSTRING1?USART1
            CODE    828BH     0016H     UNIT         ?PR?CHANGEREGISTER?ADS1115
            CODE    82A1H     0015H     UNIT         ?PR?BUTTONSOUND?ABSTASK
            CODE    82B6H     0015H     UNIT         ?PR?_RESTARTTIMER?TIMER
            CODE    82CBH     0014H     UNIT         ?PR?_LCD_POS_BYTE?LCD5510_V2
            CODE    82DFH     0014H     UNIT         ?PR?RELAY_INIT?RELAY
            CODE    82F3H     0014H     UNIT         ?PR?_SETTIMERVALUE?HC_SR04
            CODE    8307H     0014H     UNIT         ?PR?_GETTIMERVALUE?HC_SR04
            CODE    831BH     0013H     UNIT         ?PR?_LCD_CLR_ROW?LCD5510_V2
            CODE    832EH     0013H     UNIT         ?PR?_OPEN_STEPMOTOR?STEP_MOTOR
            CODE    8341H     0013H     UNIT         ?PR?_PRINTSTRING2?USART1
            CODE    8354H     0013H     UNIT         ?PR?_PRINTSTRING3?USART1
            CODE    8367H     0013H     UNIT         ?PR?_PRINTSTRING4?USART1
            CODE    837AH     0012H     UNIT         ?PR?_OPENPID?PID
            CODE    838CH     0012H     UNIT         ?PR?_GETPULSERSTATE?FIXEDPULSER
            CODE    839EH     0012H     UNIT         ?PR?_ENABLEJY901?MPU9250_SBUF
            CODE    83B0H     0012H     UNIT         ?PR?_OPENJY901SBUFMODE?MPU9250_SBUF
            CODE    83C2H     0012H     UNIT         ?PR?_OPENRELAYMODULAR?RELAY
            CODE    83D4H     0012H     UNIT         ?PR?_OPEN_ADS1115?ADS1115
            CODE    83E6H     0012H     UNIT         ?PR?_OPEN_ULTRASONIC?HC_SR04
            CODE    83F8H     0012H     UNIT         ?PR?DS18B20_INIT?DS18B20
            CODE    840AH     0012H     UNIT         ?PR?_GET_PWM_N_STATE?STC15_PWM
            CODE    841CH     0011H     UNIT         ?PR?PRINTTMP?ABSTASK
            CODE    842DH     0011H     UNIT         ?PR?_CLOSEPID?PID
            CODE    843EH     0011H     UNIT         ?PR?_GETSTEPMOTORSTATE?STEP_MOTOR
            CODE    844FH     0011H     UNIT         ?PR?_DISABLEJY901?MPU9250_SBUF
            CODE    8460H     0011H     UNIT         ?PR?_CLOSEJY901SBUFMODE?MPU9250_SBUF
            CODE    8471H     0011H     UNIT         ?PR?_CLOSE_ADS1115?ADS1115
BL51 BANKED LINKER/LOCATER V6.00                                                      08/09/2017  18:31:26  PAGE 10


            CODE    8482H     0011H     UNIT         ?PR?_HC595SENDDATA?74HC595
            CODE    8493H     0011H     UNIT         ?PR?_CLOSE_ULTRASONIC?HC_SR04
            CODE    84A4H     0011H     UNIT         ?PR?_GETULTRASONICSTATE?HC_SR04
            CODE    84B5H     0011H     UNIT         ?PR?_SETPWM_DIV?STC15_PWM
            CODE    84C6H     0011H     UNIT         ?PR?_GETPWM_DIV?STC15_PWM
            CODE    84D7H     0011H     UNIT         ?PR?_SPI_RW_REG?STC15_SPI
            CODE    84E8H     0011H     UNIT         ?PR?_SETUART1INTERRUPT?USART1
            CODE    84F9H     0010H     UNIT         ?PR?_GETDC_MOTORSTATE?MOTOR
            CODE    8509H     0010H     UNIT         ?PR?_DELAY_MS?DELAY
            CODE    8519H     000FH     UNIT         ?PR?BUTTONSTATEUPDATE?ABSTASK
            CODE    8528H     000FH     UNIT         ?PR?_SETSTEPMOTORSTATE?STEP_MOTOR
            CODE    8537H     000EH     UNIT         ?PR?DISABLEEEPROM?STC15_EEPROM
            CODE    8545H     000EH     UNIT         ?PR?DELAY5US?STC15_IIC
            CODE    8553H     000EH     UNIT         ?PR?_ONRESTARTTIMER?TIMER
            CODE    8561H     000DH     UNIT         ?PR?TASKSTART?ABSTASK
            CODE    856EH     000DH     UNIT         ?PR?IIC_ACK?STC15_IIC
            CODE    857BH     000DH     UNIT         ?PR?_SPI_READ?STC15_SPI
            CODE    8588H     000DH     UNIT         ?PR?_STOPTIMER?TIMER
            CODE    8595H     000DH     UNIT         ?PR?_FABS?FABS
            CODE    85A2H     000CH     UNIT         ?PR?TIMEUPDATE?ABSTASK
            CODE    85AEH     000CH     UNIT         ?PR?TEMPERATUREUPDATA?ABSTASK
            CODE    85BAH     000CH     UNIT         ?PR?_ADC_POWERCONTROL?ADC
            CODE    85C6H     000CH     UNIT         ?PR?_ABS?ABS
            CODE    85D2H     000BH     UNIT         ?PR?BUZZWAIT?SPEAKER
            CODE    85DDH     000AH     UNIT         ?PR?IIC_START?STC15_IIC
            CODE    85E7H     000AH     UNIT         ?PR?IIC_NACK?STC15_IIC
            CODE    85F1H     000AH     UNIT         ?PR?OPEN_PWM_ALL?STC15_PWM
            CODE    85FBH     000AH     UNIT         ?PR?CLOSE_PWM_ALL?STC15_PWM
            CODE    8605H     0009H     UNIT         ?PR?_SETSPEAKERPERIOD?SPEAKER
            CODE    860EH     0009H     UNIT         ?PR?_SETLENGTH?SPEAKER
            CODE    8617H     0009H     UNIT         ?PR?SETCARFORWARD?MT_1_L298N
            CODE    8620H     0009H     UNIT         ?PR?SETCARBACK?MT_1_L298N
            CODE    8629H     0009H     UNIT         ?PR?SETCARSTOP?MT_1_L298N
            CODE    8632H     0009H     UNIT         ?PR?SETCARRIGHTFORWARD?MT_1_L298N
            CODE    863BH     0009H     UNIT         ?PR?SETCARRIGHTBACK?MT_1_L298N
            CODE    8644H     0009H     UNIT         ?PR?SETCARRIGHTTURN?MT_1_L298N
            CODE    864DH     0009H     UNIT         ?PR?SETCARLEFTFORWARD?MT_1_L298N
            CODE    8656H     0009H     UNIT         ?PR?SETCARLEFTBACK?MT_1_L298N
            CODE    865FH     0009H     UNIT         ?PR?SETCARLEFTTURN?MT_1_L298N
            CODE    8668H     0009H     UNIT         ?PR?DELAY260US?DS18B20
            CODE    8671H     0009H     UNIT         ?PR?DELAY60US?DS18B20
            CODE    867AH     0009H     UNIT         ?PR?DELAY750US?DS18B20
            CODE    8683H     0009H     UNIT         ?PR?DELAY100US?DS18B20
            CODE    868CH     0009H     UNIT         ?PR?GETMICROS?TIMER
            CODE    8695H     0009H     UNIT         ?PR?GETMILLIS?TIMER
            CODE    869EH     0008H     UNIT         ?PR?_LABS?LABS
            CODE    86A6H     0007H     UNIT         ?PR?DELAY10US?DS18B20
            CODE    86ADH     0007H     UNIT         ?PR?DELAY1US?DS18B20
            CODE    86B4H     0006H     UNIT         ?PR?_BOARD_LED_PWM?LED
            CODE    86BAH     0006H     UNIT         ?PR?_OPEN_SPEAKER?SPEAKER
            CODE    86C0H     0006H     UNIT         ?PR?_CLOSE_SPEAKER?SPEAKER
            CODE    86C6H     0006H     UNIT         ?PR?IIC_STOP?STC15_IIC
            CODE    86CCH     0006H     UNIT         ?PR?_SETSPIRX_DR?STC15_SPI
            CODE    86D2H     0006H     UNIT         ?PR?GETSECONDS?TIMER
            CODE    86D8H     0006H     UNIT         ?PR?GETMINUTES?TIMER
            CODE    86DEH     0006H     UNIT         ?PR?GETHOURS?TIMER
            CODE    86E4H     0006H     UNIT         ?PR?GETDAYS?TIMER
BL51 BANKED LINKER/LOCATER V6.00                                                      08/09/2017  18:31:26  PAGE 11


            CODE    86EAH     0005H     UNIT         ?PR?OPEN_BOARD_LED?LED
            CODE    86EFH     0005H     UNIT         ?PR?CLOSE_BOARD_LED?LED
            CODE    86F4H     0005H     UNIT         ?PR?CLOSETM1638DISPLAY?TM1638
            CODE    86F9H     0004H     UNIT         ?PR?ADC_INT?ADC
            CODE    86FDH     0003H     UNIT         ?PR?GETBOARD_LED_STATE?LED
            CODE    8700H     0003H     UNIT         ?PR?_SETPINSTATE?GPIO
            CODE    8703H     0003H     UNIT         ?PR?_SETSPISTA?STC15_SPI
            CODE    8706H     0003H     UNIT         ?PR?GETSPISTA?STC15_SPI
            CODE    8709H     0003H     UNIT         ?PR?GETSPIRX_DR?STC15_SPI
            CODE    870CH     0001H     UNIT         ?PR?TEST?SETUP
            CODE    870DH     0001H     UNIT         ?PR?MODE1?MODE
            CODE    870EH     0001H     UNIT         ?PR?MODE2?MODE
            CODE    870FH     0001H     UNIT         ?PR?MODE3?MODE
            CODE    8710H     0001H     UNIT         ?PR?MODE4?MODE
            CODE    8711H     0001H     UNIT         ?PR?MODELAUNCHER?MODE
            CODE    8712H     0001H     UNIT         ?PR?EXT_INT1?STC15_EXTI
            CODE    8713H     0001H     UNIT         ?PR?EXT_INT2?STC15_EXTI
            CODE    8714H     0001H     UNIT         ?PR?EXT_INT3?STC15_EXTI
            CODE    8715H     0001H     UNIT         ?PR?EXT_INT4?STC15_EXTI



OVERLAY MAP OF MODULE:   简易水情检测装置 (ABSTASK)


SEGMENT                                             BIT_GROUP          XDATA_GROUP
  +--> CALLED SEGMENT                            START    LENGTH     START    LENGTH
------------------------------------------------------------------------------------
?PR?TASKSTART?ABSTASK                            -----    -----      -----    -----
  +--> ?PR?SETUP?SETUP

?PR?SETUP?SETUP                                  -----    -----      -----    -----
  +--> ?PR?_UART1_INIT?SETUP
  +--> ?PR?TIMERINIT?TIMER
  +--> ?PR?_ADS1115_CONFIG?ADS1115
  +--> ?PR?ULTRASONICINIT?HC_SR04
  +--> ?PR?DS18B20_INIT?DS18B20
  +--> ?PR?_OPEN_ULTRASONIC?HC_SR04
  +--> ?PR?_OPEN_ADS1115?ADS1115

?PR?_UART1_INIT?SETUP                            -----    -----      0290H    000DH
  +--> ?PR?_USART_CONFIGURATION?USART1
  +--> ?CO?SETUP
  +--> ?PR?_PRINTSTRING1?USART1

?PR?_USART_CONFIGURATION?USART1                  -----    -----      029DH    0009H

?PR?_PRINTSTRING1?USART1                         -----    -----      -----    -----
  +--> ?PR?_TX1_WRITE2BUFF?USART1

?PR?TIMERINIT?TIMER                              -----    -----      0290H    0021H
  +--> ?PR?_TIMER_INILIZE?TIMER

?PR?_ADS1115_CONFIG?ADS1115                      -----    -----      0290H    0004H
  +--> ?PR?_GPIO_INILIZE?GPIO

?PR?ULTRASONICINIT?HC_SR04                       -----    -----      0290H    0005H
BL51 BANKED LINKER/LOCATER V6.00                                                      08/09/2017  18:31:26  PAGE 12


  +--> ?PR?_GPIO_INILIZE?GPIO
  +--> ?PR?_EXT_INILIZE?STC15_EXTI

?PR?DS18B20_INIT?DS18B20                         -----    -----      0290H    0002H
  +--> ?PR?_GPIO_INILIZE?GPIO

*** NEW ROOT ***************************************************

?PR?PRINTDISTANCE?ABSTASK                        -----    -----      -----    -----
  +--> ?PR?_GETADS1115CONVSIONDATA?ADS1115
  +--> ?PR?_DATASCOPE_GET_CHANNEL_DATA?DATAS...
  +--> ?PR?_SENDSCOPEDATA?DATASCOPE_DP

?PR?_GETADS1115CONVSIONDATA?ADS1115              -----    -----      0326H    0002H
  +--> ?PR?_WRITECONFIGREGISTER?ADS1115
  +--> ?PR?CHANGEREGISTER?ADS1115
  +--> ?PR?READCONVERSIONREGISTER?ADS1115

?PR?_WRITECONFIGREGISTER?ADS1115                 -----    -----      0328H    0001H
  +--> ?PR?IIC_START?STC15_IIC
  +--> ?PR?_INPUTONEBYTE?STC15_IIC
  +--> ?PR?IIC_RDACK?STC15_IIC
  +--> ?PR?IIC_STOP?STC15_IIC

?PR?IIC_START?STC15_IIC                          -----    -----      -----    -----
  +--> ?PR?DELAY5US?STC15_IIC

?PR?_INPUTONEBYTE?STC15_IIC                      -----    -----      -----    -----
  +--> ?PR?DELAY5US?STC15_IIC

?PR?IIC_RDACK?STC15_IIC                          0022H.7  0000H.1    -----    -----
  +--> ?PR?_INPUTONEBYTE?STC15_IIC
  +--> ?PR?DELAY5US?STC15_IIC

?PR?IIC_STOP?STC15_IIC                           -----    -----      -----    -----
  +--> ?PR?DELAY5US?STC15_IIC

?PR?CHANGEREGISTER?ADS1115                       -----    -----      -----    -----
  +--> ?PR?IIC_START?STC15_IIC
  +--> ?PR?_INPUTONEBYTE?STC15_IIC
  +--> ?PR?IIC_RDACK?STC15_IIC
  +--> ?PR?IIC_STOP?STC15_IIC

?PR?READCONVERSIONREGISTER?ADS1115               -----    -----      0328H    000CH
  +--> ?PR?IIC_START?STC15_IIC
  +--> ?PR?_INPUTONEBYTE?STC15_IIC
  +--> ?PR?IIC_RDACK?STC15_IIC
  +--> ?PR?OUTPUTONEBYTE?STC15_IIC
  +--> ?PR?IIC_ACK?STC15_IIC
  +--> ?PR?IIC_STOP?STC15_IIC

?PR?OUTPUTONEBYTE?STC15_IIC                      -----    -----      0334H    0008H
  +--> ?PR?DELAY5US?STC15_IIC

?PR?IIC_ACK?STC15_IIC                            -----    -----      -----    -----
  +--> ?PR?DELAY5US?STC15_IIC

BL51 BANKED LINKER/LOCATER V6.00                                                      08/09/2017  18:31:26  PAGE 13


?PR?_DATASCOPE_GET_CHANNEL_DATA?DATAS...         -----    -----      0325H    0005H
  +--> ?PR?_FLOAT2BYTE?DATASCOPE_DP

?PR?_FLOAT2BYTE?DATASCOPE_DP                     -----    -----      032AH    000AH

?PR?_SENDSCOPEDATA?DATASCOPE_DP                  -----    -----      0325H    0002H
  +--> ?PR?_DATASCOPE_DATA_GENERATE?DATASCOP...
  +--> ?PR?_TX1_WRITE2BUFF?USART1

*** NEW ROOT ***************************************************

?PR?PRINTTMP?ABSTASK                             -----    -----      -----    -----
  +--> ?PR?_GETDS18B20_TEMPERATURE?DS18B20

?PR?_GETDS18B20_TEMPERATURE?DS18B20              -----    -----      0325H    0021H
  +--> ?PR?INIT_DS18B20?DS18B20
  +--> ?PR?_WRITEONECHAR?DS18B20
  +--> ?PR?READONECHAR?DS18B20

?PR?INIT_DS18B20?DS18B20                         -----    -----      -----    -----
  +--> ?PR?DELAY260US?DS18B20
  +--> ?PR?DELAY750US?DS18B20
  +--> ?PR?DELAY10US?DS18B20
  +--> ?PR?DELAY100US?DS18B20

?PR?_WRITEONECHAR?DS18B20                        -----    -----      -----    -----
  +--> ?PR?DELAY1US?DS18B20
  +--> ?PR?DELAY60US?DS18B20

?PR?READONECHAR?DS18B20                          -----    -----      -----    -----
  +--> ?PR?DELAY10US?DS18B20
  +--> ?PR?DELAY1US?DS18B20
  +--> ?PR?DELAY60US?DS18B20

*** NEW ROOT ***************************************************

?PR?DISTANCE?ABSTASK                             -----    -----      02E8H    003DH
  +--> ?PR?_UPDATEDISTANCE?HC_SR04
  +--> ?PR?_GETTIMERVALUE?HC_SR04
  +--> ?PR?_LIMITINGFILTER?FILTER
  +--> ?PR?_SHUDDERINGFILTER?FILTER
  +--> ?PR?_MOVINGAVERAGEFILTER?FILTER
  +--> ?PR?_FILTER?FILTER
  +--> ?PR?_GETDS18B20_TEMPERATURE?DS18B20
  +--> ?PR?_SETDISTANCE?HC_SR04
  +--> ?PR?_DATASCOPE_GET_CHANNEL_DATA?DATAS...
  +--> ?PR?_SENDSCOPEDATA?DATASCOPE_DP

?PR?_UPDATEDISTANCE?HC_SR04                      -----    -----      0325H    0001H
  +--> ?PR?_DELAY_US?DELAY
  +--> ?PR?_GETADS1115CONVSIONDATA?ADS1115

?PR?_LIMITINGFILTER?FILTER                       -----    -----      0325H    0008H
  +--> ?PR?_FABS?FABS

?PR?_SHUDDERINGFILTER?FILTER                     -----    -----      0325H    000AH
  +--> ?PR?_FABS?FABS
BL51 BANKED LINKER/LOCATER V6.00                                                      08/09/2017  18:31:26  PAGE 14



?PR?_MOVINGAVERAGEFILTER?FILTER                  -----    -----      0325H    000AH
  +--> ?PR?_FABS?FABS

?PR?_FILTER?FILTER                               -----    -----      0325H    001BH
  +--> ?PR?_FABS?FABS

?PR?_SETDISTANCE?HC_SR04                         -----    -----      0325H    0005H

*** NEW ROOT ***************************************************

?PR?BUTTONSOUND?ABSTASK                          -----    -----      -----    -----
  +--> ?PR?GETBUTTONNUM?TM1638
  +--> ?PR?BUZZWAIT?SPEAKER

?PR?GETBUTTONNUM?TM1638                          -----    -----      035AH    0006H
  +--> ?CO?TM1638
  +--> ?PR?_SETTM1638WRITE?TM1638
  +--> ?PR?_DELAY_US?DELAY
  +--> ?PR?GETTM1638READ?TM1638

?PR?_SETTM1638WRITE?TM1638                       -----    -----      0360H    0002H
  +--> ?PR?_DELAY_US?DELAY

?PR?GETTM1638READ?TM1638                         -----    -----      0360H    0002H
  +--> ?PR?_DELAY_US?DELAY

?PR?BUZZWAIT?SPEAKER                             -----    -----      -----    -----
  +--> ?PR?_BUZZ?SPEAKER

?PR?_BUZZ?SPEAKER                                -----    -----      0346H    0007H
  +--> ?PR?_CLOSEPULSER?FIXEDPULSER
  +--> ?PR?_SETPULSE?FIXEDPULSER
  +--> ?PR?_OPENPULSER?FIXEDPULSER

?PR?_SETPULSE?FIXEDPULSER                        -----    -----      034DH    000BH

*** NEW ROOT ***************************************************

?PR?BUTTONSTATEUPDATE?ABSTASK                    -----    -----      -----    -----
  +--> ?PR?BUTTONSCAN?BUTTON

?PR?BUTTONSCAN?BUTTON                            -----    -----      0358H    0002H
  +--> ?PR?GETBUTTONNUM?TM1638

*** NEW ROOT ***************************************************

?PR?PULSER_1INT?FIXEDPULSER                      -----    -----      -----    -----
  +--> ?PR?_CLOSEPULSER?FIXEDPULSER

*** NEW ROOT ***************************************************

?PR?PULSER_2INT?FIXEDPULSER                      -----    -----      -----    -----
  +--> ?PR?_CLOSEPULSER?FIXEDPULSER

*** NEW ROOT ***************************************************

BL51 BANKED LINKER/LOCATER V6.00                                                      08/09/2017  18:31:26  PAGE 15


?C_C51STARTUP                                    -----    -----      -----    -----
  +--> ?C_INITSEG



SYMBOL TABLE OF MODULE:  简易水情检测装置 (ABSTASK)

  VALUE           TYPE          NAME
  ----------------------------------

  -------         MODULE        ABSTASK
  C:0000H         SYMBOL        _ICE_DUMMY_
  D:0080H         PUBLIC        P0
  D:0090H         PUBLIC        P1
  D:00A0H         PUBLIC        P2
  D:00B0H         PUBLIC        P3
  D:00C0H         PUBLIC        P4
  D:00C8H         PUBLIC        P5
  D:00E8H         PUBLIC        P6
  D:00F8H         PUBLIC        P7
  C:82A1H         PUBLIC        ButtonSound
  D:00A8H         PUBLIC        IE
  D:00B8H         PUBLIC        IP
  D:00D8H         PUBLIC        CCON
  C:40D2H         PUBLIC        Distance
  D:0098H         PUBLIC        SCON
  D:0088H         PUBLIC        TCON
  D:00F0H         PUBLIC        B
  C:8561H         PUBLIC        taskStart
  D:00E0H         PUBLIC        ACC
  C:7A5EH         PUBLIC        printDistance
  C:841CH         PUBLIC        printTmp
  C:8519H         PUBLIC        ButtonStateUpdate
  C:85A2H         PUBLIC        TimeUpdate
  C:85AEH         PUBLIC        TemperatureUpdata
  D:00D0H         PUBLIC        PSW
  -------         PROC          TASKSTART
  C:8561H         LINE#         7
  C:8561H         LINE#         9
  C:8564H         LINE#         11
  C:8569H         LINE#         16
  -------         ENDPROC       TASKSTART
  -------         PROC          PRINTDISTANCE
  C:7A5EH         LINE#         19
  C:7A5EH         LINE#         21
  C:7A5EH         LINE#         22
  C:7A5EH         LINE#         23
  C:7A74H         LINE#         25
  C:7A79H         LINE#         26
  C:7A83H         LINE#         27
  -------         ENDPROC       PRINTDISTANCE
  -------         PROC          PRINTTMP
  C:841CH         LINE#         29
  C:841CH         LINE#         31
  C:841CH         LINE#         32
  C:841CH         LINE#         33
  C:8421H         LINE#         36
BL51 BANKED LINKER/LOCATER V6.00                                                      08/09/2017  18:31:26  PAGE 16


  C:842BH         LINE#         37
  -------         ENDPROC       PRINTTMP
  -------         PROC          DISTANCE
  -------         DO            
  X:02E8H         SYMBOL        value
  X:02ECH         SYMBOL        actValue
  X:02F0H         SYMBOL        Data
  X:031CH         SYMBOL        time
  X:0320H         SYMBOL        distance
  X:0324H         SYMBOL        i
  -------         ENDDO         
  C:40D2H         LINE#         39
  C:40D2H         LINE#         46
  C:40DCH         LINE#         47
  C:40E6H         LINE#         49
  C:40EBH         LINE#         50
  C:40EBH         LINE#         51
  C:40EBH         LINE#         52
  C:40F0H         LINE#         53
  C:40F0H         LINE#         54
  C:40F5H         LINE#         55
  C:40FFH         LINE#         56
  C:4112H         LINE#         57
  C:4133H         LINE#         58
  C:4153H         LINE#         59
  C:416AH         LINE#         60
  C:418CH         LINE#         61
  C:419BH         LINE#         62
  C:41C2H         LINE#         63
  C:41E1H         LINE#         64
  C:421DH         LINE#         65
  C:4236H         LINE#         66
  C:424DH         LINE#         67
  C:42A7H         LINE#         69
  C:42ACH         LINE#         89
  -------         ENDPROC       DISTANCE
  -------         PROC          TIMEUPDATE
  C:85A2H         LINE#         92
  C:85A2H         LINE#         94
  C:85A2H         LINE#         95
  C:85A2H         LINE#         97
  C:85ACH         LINE#         98
  -------         ENDPROC       TIMEUPDATE
  -------         PROC          TEMPERATUREUPDATA
  C:85AEH         LINE#         101
  C:85AEH         LINE#         103
  C:85AEH         LINE#         104
  C:85AEH         LINE#         107
  C:85B8H         LINE#         109
  -------         ENDPROC       TEMPERATUREUPDATA
  -------         PROC          BUTTONSOUND
  C:82A1H         LINE#         112
  C:82A1H         LINE#         114
  C:82A1H         LINE#         115
  C:82A1H         LINE#         116
  C:82A7H         LINE#         117
  C:82A7H         LINE#         118
BL51 BANKED LINKER/LOCATER V6.00                                                      08/09/2017  18:31:26  PAGE 17


  C:82AAH         LINE#         119
  C:82AAH         LINE#         120
  C:82B4H         LINE#         121
  -------         ENDPROC       BUTTONSOUND
  -------         PROC          BUTTONSTATEUPDATE
  C:8519H         LINE#         125
  C:8519H         LINE#         127
  C:8519H         LINE#         128
  C:8519H         LINE#         129
  C:851CH         LINE#         132
  C:8526H         LINE#         134
  -------         ENDPROC       BUTTONSTATEUPDATE
  -------         ENDMOD        ABSTASK

  -------         MODULE        SETUP
  C:0000H         SYMBOL        _ICE_DUMMY_
  D:0080H         PUBLIC        P0
  D:0090H         PUBLIC        P1
  D:00A0H         PUBLIC        P2
  D:00B0H         PUBLIC        P3
  D:00C0H         PUBLIC        P4
  D:00C8H         PUBLIC        P5
  C:76F3H         PUBLIC        _UART1_init
  D:00E8H         PUBLIC        P6
  D:00F8H         PUBLIC        P7
  D:00A8H         PUBLIC        IE
  D:00B8H         PUBLIC        IP
  D:00D8H         PUBLIC        CCON
  C:7BF8H         PUBLIC        setup
  D:0098H         PUBLIC        SCON
  D:0088H         PUBLIC        TCON
  D:00F0H         PUBLIC        B
  C:870CH         PUBLIC        test
  D:00E0H         PUBLIC        ACC
  D:00D0H         PUBLIC        PSW
  -------         PROC          _UART1_INIT
  D:0004H         SYMBOL        BandRate
  -------         DO            
  X:0290H         SYMBOL        COMx_InitStructure
  -------         ENDDO         
  C:76F3H         LINE#         24
  C:76F3H         LINE#         25
  C:76F3H         LINE#         27
  C:76F9H         LINE#         28
  C:76FDH         LINE#         29
  C:7701H         LINE#         30
  C:7707H         LINE#         31
  C:770AH         LINE#         32
  C:770DH         LINE#         33
  C:770FH         LINE#         34
  C:7712H         LINE#         35
  C:7714H         LINE#         36
  C:771FH         LINE#         37
  -------         ENDPROC       _UART1_INIT
  -------         PROC          TEST
  C:870CH         LINE#         39
  C:870CH         LINE#         40
BL51 BANKED LINKER/LOCATER V6.00                                                      08/09/2017  18:31:26  PAGE 18


  C:870CH         LINE#         42
  -------         ENDPROC       TEST
  -------         PROC          SETUP
  C:7BF8H         LINE#         43
  C:7BF8H         LINE#         44
  C:7BF8H         LINE#         46
  C:7C03H         LINE#         47
  C:7C06H         LINE#         52
  C:7C09H         LINE#         53
  C:7C0CH         LINE#         54
  C:7C0FH         LINE#         65
  C:7C14H         LINE#         67
  -------         ENDPROC       SETUP
  -------         ENDMOD        SETUP

  -------         MODULE        MODE
  C:0000H         SYMBOL        _ICE_DUMMY_
  D:0080H         PUBLIC        P0
  D:0090H         PUBLIC        P1
  D:00A0H         PUBLIC        P2
  D:00B0H         PUBLIC        P3
  D:00C0H         PUBLIC        P4
  D:00C8H         PUBLIC        P5
  D:00E8H         PUBLIC        P6
  D:00F8H         PUBLIC        P7
  D:00A8H         PUBLIC        IE
  D:00B8H         PUBLIC        IP
  D:00D8H         PUBLIC        CCON
  D:0098H         PUBLIC        SCON
  D:0088H         PUBLIC        TCON
  D:00F0H         PUBLIC        B
  D:00E0H         PUBLIC        ACC
  C:870DH         PUBLIC        mode1
  C:870EH         PUBLIC        mode2
  C:870FH         PUBLIC        mode3
  C:8710H         PUBLIC        mode4
  C:8711H         PUBLIC        modeLauncher
  D:00D0H         PUBLIC        PSW
  -------         PROC          MODE1
  C:870DH         LINE#         2
  C:870DH         LINE#         3
  C:870DH         LINE#         5
  -------         ENDPROC       MODE1
  -------         PROC          MODE2
  C:870EH         LINE#         7
  C:870EH         LINE#         8
  C:870EH         LINE#         10
  -------         ENDPROC       MODE2
  -------         PROC          MODE3
  C:870FH         LINE#         13
  C:870FH         LINE#         14
  C:870FH         LINE#         16
  -------         ENDPROC       MODE3
  -------         PROC          MODE4
  C:8710H         LINE#         18
  C:8710H         LINE#         19
  C:8710H         LINE#         21
BL51 BANKED LINKER/LOCATER V6.00                                                      08/09/2017  18:31:26  PAGE 19


  -------         ENDPROC       MODE4
  -------         PROC          MODELAUNCHER
  C:8711H         LINE#         22
  C:8711H         LINE#         23
  C:8711H         LINE#         25
  -------         ENDPROC       MODELAUNCHER
  -------         ENDMOD        MODE

  -------         MODULE        FILTER
  C:0000H         SYMBOL        _ICE_DUMMY_
  D:0080H         PUBLIC        P0
  D:0090H         PUBLIC        P1
  D:00A0H         PUBLIC        P2
  D:00B0H         PUBLIC        P3
  D:00C0H         PUBLIC        P4
  D:00C8H         PUBLIC        P5
  D:00E8H         PUBLIC        P6
  D:00F8H         PUBLIC        P7
  C:3EB4H         PUBLIC        _filter
  D:00A8H         PUBLIC        IE
  D:00B8H         PUBLIC        IP
  C:6558H         PUBLIC        _shudderingFilter
  D:00D8H         PUBLIC        CCON
  D:0098H         PUBLIC        SCON
  D:0088H         PUBLIC        TCON
  C:5715H         PUBLIC        _movingAverageFilter
  D:00F0H         PUBLIC        B
  C:4E7DH         PUBLIC        _KalmanFilter
  D:00E0H         PUBLIC        ACC
  C:6A76H         PUBLIC        _limitingFilter
  D:00D0H         PUBLIC        PSW
  -------         PROC          _FILTER
  X:0325H         SYMBOL        ary
  X:0328H         SYMBOL        num
  X:032AH         SYMBOL        MaxValue
  X:032EH         SYMBOL        MinValue
  -------         DO            
  X:0332H         SYMBOL        angleDataloopTemp2
  X:0334H         SYMBOL        finalData
  X:0338H         SYMBOL        maxValue
  X:033CH         SYMBOL        minValue
  -------         ENDDO         
  C:3EB4H         LINE#         14
  C:3EC5H         LINE#         15
  C:3EC5H         LINE#         17
  C:3ECFH         LINE#         18
  C:3EE3H         LINE#         19
  C:3EF7H         LINE#         20
  C:3F17H         LINE#         21
  C:3F17H         LINE#         22
  C:3F49H         LINE#         23
  C:3F49H         LINE#         24
  C:3F72H         LINE#         25
  C:3F72H         LINE#         26
  C:3FAAH         LINE#         27
  C:3FAAH         LINE#         28
  C:3FD3H         LINE#         29
BL51 BANKED LINKER/LOCATER V6.00                                                      08/09/2017  18:31:26  PAGE 20


  C:3FD3H         LINE#         30
  C:401DH         LINE#         31
  C:4031H         LINE#         32
  C:407FH         LINE#         33
  C:40C0H         LINE#         34
  C:40D1H         LINE#         35
  -------         ENDPROC       _FILTER
  -------         PROC          _KALMANFILTER
  X:0626H         SYMBOL        ResrcData
  X:062AH         SYMBOL        ProcessNiose_Q
  X:062EH         SYMBOL        MeasureNoise_R
  X:0632H         SYMBOL        InitialPrediction
  -------         DO            
  X:0636H         SYMBOL        R
  X:063AH         SYMBOL        Q
  X:0524H         SYMBOL        x_last
  X:063EH         SYMBOL        x_mid
  X:0642H         SYMBOL        x_now
  X:0528H         SYMBOL        p_last
  X:0646H         SYMBOL        p_mid
  D:0004H         SYMBOL        p_now
  X:064AH         SYMBOL        kg
  -------         ENDDO         
  C:4E7DH         LINE#         37
  C:4E83H         LINE#         38
  C:4E83H         LINE#         39
  C:4E97H         LINE#         40
  C:4EABH         LINE#         44
  C:4EBFH         LINE#         53
  C:4ED3H         LINE#         54
  C:4EF8H         LINE#         55
  C:4F36H         LINE#         56
  C:4F7DH         LINE#         58
  C:4FA6H         LINE#         60
  C:4FACH         LINE#         61
  C:4FC0H         LINE#         63
  C:4FCEH         LINE#         64
  -------         ENDPROC       _KALMANFILTER
  -------         PROC          _LIMITINGFILTER
  X:0325H         SYMBOL        value
  X:0329H         SYMBOL        A
  -------         DO            
  X:052CH         SYMBOL        lastValue
  -------         ENDDO         
  C:6A76H         LINE#         83
  C:6A7CH         LINE#         84
  C:6A7CH         LINE#         86
  C:6AB1H         LINE#         87
  C:6AB1H         LINE#         88
  C:6AC0H         LINE#         89
  C:6AC0H         LINE#         91
  C:6AC0H         LINE#         93
  C:6AD4H         LINE#         94
  C:6AE5H         LINE#         96
  C:6AE5H         LINE#         97
  -------         ENDPROC       _LIMITINGFILTER
  -------         PROC          _MOVINGAVERAGEFILTER
BL51 BANKED LINKER/LOCATER V6.00                                                      08/09/2017  18:31:26  PAGE 21


  X:0325H         SYMBOL        value
  -------         DO            
  X:0530H         SYMBOL        filter_buf
  X:0329H         SYMBOL        i
  X:032BH         SYMBOL        filter_sum
  -------         ENDDO         
  C:5715H         LINE#         115
  C:571BH         LINE#         116
  C:571BH         LINE#         120
  C:5725H         LINE#         121
  C:5739H         LINE#         122
  C:5753H         LINE#         123
  C:579DH         LINE#         124
  C:57E8H         LINE#         125
  C:57FCH         LINE#         126
  C:5817H         LINE#         127
  -------         ENDPROC       _MOVINGAVERAGEFILTER
  -------         PROC          _SHUDDERINGFILTER
  D:0004H         SYMBOL        value
  X:0329H         SYMBOL        filter_n
  -------         DO            
  X:055CH         SYMBOL        i
  X:055EH         SYMBOL        lastValue
  X:032BH         SYMBOL        newValue
  -------         ENDDO         
  C:6558H         LINE#         153
  C:6558H         LINE#         154
  C:6558H         LINE#         159
  C:655EH         LINE#         160
  C:6595H         LINE#         161
  C:6595H         LINE#         162
  C:65A3H         LINE#         163
  C:65B8H         LINE#         164
  C:65BCH         LINE#         165
  C:65D0H         LINE#         166
  C:65D2H         LINE#         170
  C:65D2H         LINE#         171
  C:65D2H         LINE#         173
  C:65D2H         LINE#         174
  C:65D9H         LINE#         175
  C:65D9H         LINE#         176
  C:65E7H         LINE#         178
  -------         ENDPROC       _SHUDDERINGFILTER
  -------         ENDMOD        FILTER

  -------         MODULE        PID
  C:0000H         SYMBOL        _ICE_DUMMY_
  D:0080H         PUBLIC        P0
  D:0090H         PUBLIC        P1
  D:00A0H         PUBLIC        P2
  C:7C7CH         PUBLIC        _setKi
  D:00B0H         PUBLIC        P3
  C:80A6H         PUBLIC        _getErrLast
  C:7D00H         PUBLIC        _setMaxError
  D:00C0H         PUBLIC        P4
  D:00C8H         PUBLIC        P5
  D:00E8H         PUBLIC        P6
BL51 BANKED LINKER/LOCATER V6.00                                                      08/09/2017  18:31:26  PAGE 22


  D:00F8H         PUBLIC        P7
  C:7C3AH         PUBLIC        _setParameterUpperLimit
  C:7C9DH         PUBLIC        _setKp
  C:71F4H         PUBLIC        _PosClassPID
  D:00A8H         PUBLIC        IE
  C:837AH         PUBLIC        _openPID
  C:42AFH         PUBLIC        _Position_PID
  D:00B8H         PUBLIC        IP
  D:00D8H         PUBLIC        CCON
  C:26EBH         PUBLIC        _Anti_Windup_PID
  D:0098H         PUBLIC        SCON
  D:0088H         PUBLIC        TCON
  C:4823H         PUBLIC        _Incremental_PID
  C:4FCFH         PUBLIC        _PID_config
  C:3C6EH         PUBLIC        _Integral_Separa_PID
  C:7C19H         PUBLIC        _setParameterInferiorLimit
  D:00F0H         PUBLIC        B
  D:00E0H         PUBLIC        ACC
  C:7C5BH         PUBLIC        _setActualParameter
  C:810EH         PUBLIC        _getOutput
  C:230AH         PUBLIC        _Trapezoidal_Integral_PID
  X:0405H         SYMBOL        g_pid_n_info
  C:8072H         PUBLIC        _getParameter
  C:808CH         PUBLIC        _getErr
  C:80F4H         PUBLIC        _getKd
  C:8212H         PUBLIC        _IncClassPID
  C:7CDFH         PUBLIC        _setParameter
  C:80DAH         PUBLIC        _getKi
  C:842DH         PUBLIC        _closePID
  D:00D0H         PUBLIC        PSW
  C:8128H         PUBLIC        _getIntegral
  C:80C0H         PUBLIC        _getKp
  C:7CBEH         PUBLIC        _setKd
  -------         PROC          _PID_CONFIG
  D:0003H         SYMBOL        PID_N
  X:07DEH         SYMBOL        kp
  X:07E2H         SYMBOL        ki
  X:07E6H         SYMBOL        kd
  C:4FCFH         LINE#         53
  C:4FD1H         LINE#         54
  C:4FD1H         LINE#         55
  C:4FE6H         LINE#         56
  C:4FFBH         LINE#         57
  C:5010H         LINE#         58
  C:5025H         LINE#         59
  C:503AH         LINE#         60
  C:5059H         LINE#         61
  C:5078H         LINE#         62
  C:5097H         LINE#         63
  C:50C1H         LINE#         64
  C:50EBH         LINE#         65
  -------         ENDPROC       _PID_CONFIG
  -------         PROC          _OPENPID
  D:0007H         SYMBOL        PID_N
  C:837AH         LINE#         76
  C:837AH         LINE#         77
  C:837AH         LINE#         78
BL51 BANKED LINKER/LOCATER V6.00                                                      08/09/2017  18:31:26  PAGE 23


  C:838BH         LINE#         80
  -------         ENDPROC       _OPENPID
  -------         PROC          _CLOSEPID
  D:0007H         SYMBOL        PID_N
  C:842DH         LINE#         90
  C:842DH         LINE#         91
  C:842DH         LINE#         92
  C:843DH         LINE#         95
  -------         ENDPROC       _CLOSEPID
  -------         PROC          _POSITION_PID
  X:0904H         SYMBOL        PID_N
  C:42AFH         LINE#         105
  C:42B4H         LINE#         106
  C:42B4H         LINE#         107
  C:42C7H         LINE#         108
  C:42C7H         LINE#         109
  C:4315H         LINE#         110
  C:4358H         LINE#         111
  C:445DH         LINE#         114
  C:4487H         LINE#         115
  C:4489H         LINE#         116
  C:4489H         LINE#         117
  C:448AH         LINE#         118
  -------         ENDPROC       _POSITION_PID
  -------         PROC          _INTEGRAL_SEPARA_PID
  X:08DBH         SYMBOL        PID_N
  -------         DO            
  X:08DCH         SYMBOL        multiple
  -------         ENDDO         
  C:3C6EH         LINE#         128
  C:3C73H         LINE#         129
  C:3C73H         LINE#         131
  C:3CBEH         LINE#         132
  C:3CD2H         LINE#         133
  C:3CD2H         LINE#         134
  C:3D0BH         LINE#         135
  C:3D0BH         LINE#         136
  C:3D12H         LINE#         137
  C:3D14H         LINE#         139
  C:3D14H         LINE#         140
  C:3D1CH         LINE#         141
  C:3D62H         LINE#         142
  C:3D62H         LINE#         144
  C:3E86H         LINE#         147
  C:3EB0H         LINE#         148
  C:3EB2H         LINE#         149
  C:3EB2H         LINE#         150
  C:3EB3H         LINE#         151
  -------         ENDPROC       _INTEGRAL_SEPARA_PID
  -------         PROC          _ANTI_WINDUP_PID
  X:08DEH         SYMBOL        PID_N
  -------         DO            
  X:08DFH         SYMBOL        multiple
  -------         ENDDO         
  C:26EBH         LINE#         161
  C:26F0H         LINE#         162
  C:26F0H         LINE#         164
BL51 BANKED LINKER/LOCATER V6.00                                                      08/09/2017  18:31:26  PAGE 24


  C:273BH         LINE#         165
  C:274FH         LINE#         166
  C:274FH         LINE#         167
  C:278BH         LINE#         168
  C:278BH         LINE#         169
  C:27D6H         LINE#         170
  C:27D6H         LINE#         171
  C:27D6H         LINE#         172
  C:27D9H         LINE#         174
  C:27D9H         LINE#         175
  C:27E1H         LINE#         176
  C:280CH         LINE#         177
  C:280CH         LINE#         178
  C:280CH         LINE#         179
  C:280CH         LINE#         180
  C:280CH         LINE#         181
  C:280FH         LINE#         182
  C:284FH         LINE#         183
  C:284FH         LINE#         184
  C:289AH         LINE#         185
  C:289AH         LINE#         186
  C:289AH         LINE#         187
  C:289CH         LINE#         189
  C:289CH         LINE#         190
  C:28A4H         LINE#         191
  C:28CDH         LINE#         192
  C:28CDH         LINE#         193
  C:28CDH         LINE#         194
  C:28CDH         LINE#         195
  C:28CDH         LINE#         196
  C:28CFH         LINE#         198
  C:28CFH         LINE#         199
  C:291AH         LINE#         200
  C:291AH         LINE#         201
  C:2921H         LINE#         202
  C:2923H         LINE#         204
  C:2923H         LINE#         205
  C:292BH         LINE#         206
  C:2971H         LINE#         207
  C:2971H         LINE#         208
  C:2971H         LINE#         210
  C:2A95H         LINE#         213
  C:2ABFH         LINE#         214
  C:2AC1H         LINE#         215
  C:2AC1H         LINE#         216
  C:2AC2H         LINE#         217
  -------         ENDPROC       _ANTI_WINDUP_PID
  -------         PROC          _TRAPEZOIDAL_INTEGRAL_PID
  X:08E1H         SYMBOL        PID_N
  -------         DO            
  X:08E2H         SYMBOL        multiple
  -------         ENDDO         
  C:230AH         LINE#         227
  C:230FH         LINE#         228
  C:230FH         LINE#         230
  C:235AH         LINE#         231
  C:236EH         LINE#         232
BL51 BANKED LINKER/LOCATER V6.00                                                      08/09/2017  18:31:26  PAGE 25


  C:236EH         LINE#         233
  C:23AAH         LINE#         234
  C:23AAH         LINE#         235
  C:23F5H         LINE#         236
  C:23F5H         LINE#         237
  C:23F5H         LINE#         238
  C:23F8H         LINE#         240
  C:23F8H         LINE#         241
  C:2400H         LINE#         242
  C:242BH         LINE#         243
  C:242BH         LINE#         244
  C:242BH         LINE#         245
  C:242BH         LINE#         246
  C:242BH         LINE#         247
  C:242EH         LINE#         248
  C:246EH         LINE#         249
  C:246EH         LINE#         250
  C:24B9H         LINE#         251
  C:24B9H         LINE#         252
  C:24B9H         LINE#         253
  C:24BBH         LINE#         255
  C:24BBH         LINE#         256
  C:24C3H         LINE#         257
  C:24ECH         LINE#         258
  C:24ECH         LINE#         259
  C:24ECH         LINE#         260
  C:24ECH         LINE#         261
  C:24ECH         LINE#         262
  C:24EEH         LINE#         264
  C:24EEH         LINE#         265
  C:2539H         LINE#         266
  C:2539H         LINE#         267
  C:2540H         LINE#         268
  C:2542H         LINE#         270
  C:2542H         LINE#         271
  C:254AH         LINE#         272
  C:2590H         LINE#         273
  C:2590H         LINE#         274
  C:2590H         LINE#         276
  C:26BDH         LINE#         279
  C:26E7H         LINE#         280
  C:26E9H         LINE#         281
  C:26E9H         LINE#         282
  C:26EAH         LINE#         283
  -------         ENDPROC       _TRAPEZOIDAL_INTEGRAL_PID
  -------         PROC          _INCREMENTAL_PID
  X:0905H         SYMBOL        PID_N
  C:4823H         LINE#         293
  C:4828H         LINE#         294
  C:4828H         LINE#         295
  C:483BH         LINE#         296
  C:483BH         LINE#         297
  C:4889H         LINE#         298
  C:496BH         LINE#         301
  C:4995H         LINE#         302
  C:49BFH         LINE#         303
  C:49C1H         LINE#         304
BL51 BANKED LINKER/LOCATER V6.00                                                      08/09/2017  18:31:26  PAGE 26


  C:49C1H         LINE#         305
  C:49C2H         LINE#         306
  -------         ENDPROC       _INCREMENTAL_PID
  -------         PROC          _SETPARAMETERINFERIORLIMIT
  D:0003H         SYMBOL        PID_N
  X:088AH         SYMBOL        value
  C:7C19H         LINE#         317
  C:7C1BH         LINE#         318
  C:7C1BH         LINE#         319
  -------         ENDPROC       _SETPARAMETERINFERIORLIMIT
  -------         PROC          _SETPARAMETERUPPERLIMIT
  D:0003H         SYMBOL        PID_N
  X:088FH         SYMBOL        value
  C:7C3AH         LINE#         331
  C:7C3CH         LINE#         332
  C:7C3CH         LINE#         333
  -------         ENDPROC       _SETPARAMETERUPPERLIMIT
  -------         PROC          _SETACTUALPARAMETER
  D:0003H         SYMBOL        PID_N
  X:0894H         SYMBOL        value
  C:7C5BH         LINE#         346
  C:7C5DH         LINE#         347
  C:7C5DH         LINE#         348
  -------         ENDPROC       _SETACTUALPARAMETER
  -------         PROC          _SETKI
  D:0003H         SYMBOL        PID_N
  X:0899H         SYMBOL        value
  C:7C7CH         LINE#         361
  C:7C7EH         LINE#         362
  C:7C7EH         LINE#         363
  -------         ENDPROC       _SETKI
  -------         PROC          _SETKP
  D:0003H         SYMBOL        PID_N
  X:089EH         SYMBOL        value
  C:7C9DH         LINE#         375
  C:7C9FH         LINE#         376
  C:7C9FH         LINE#         377
  -------         ENDPROC       _SETKP
  -------         PROC          _SETKD
  D:0003H         SYMBOL        PID_N
  X:08A3H         SYMBOL        value
  C:7CBEH         LINE#         389
  C:7CC0H         LINE#         390
  C:7CC0H         LINE#         391
  -------         ENDPROC       _SETKD
  -------         PROC          _SETPARAMETER
  D:0003H         SYMBOL        PID_N
  X:08A8H         SYMBOL        value
  C:7CDFH         LINE#         403
  C:7CE1H         LINE#         404
  C:7CE1H         LINE#         405
  -------         ENDPROC       _SETPARAMETER
  -------         PROC          _GETPARAMETER
  D:0007H         SYMBOL        PID_N
  C:8072H         LINE#         417
  C:8072H         LINE#         418
  C:8072H         LINE#         419
BL51 BANKED LINKER/LOCATER V6.00                                                      08/09/2017  18:31:26  PAGE 27


  C:808BH         LINE#         420
  -------         ENDPROC       _GETPARAMETER
  -------         PROC          _GETERR
  D:0007H         SYMBOL        PID_N
  C:808CH         LINE#         430
  C:808CH         LINE#         431
  C:808CH         LINE#         432
  C:80A5H         LINE#         433
  -------         ENDPROC       _GETERR
  -------         PROC          _GETERRLAST
  D:0007H         SYMBOL        PID_N
  C:80A6H         LINE#         443
  C:80A6H         LINE#         444
  C:80A6H         LINE#         445
  C:80BFH         LINE#         446
  -------         ENDPROC       _GETERRLAST
  -------         PROC          _GETKP
  D:0007H         SYMBOL        PID_N
  C:80C0H         LINE#         456
  C:80C0H         LINE#         457
  C:80C0H         LINE#         458
  C:80D9H         LINE#         459
  -------         ENDPROC       _GETKP
  -------         PROC          _GETKI
  D:0007H         SYMBOL        PID_N
  C:80DAH         LINE#         469
  C:80DAH         LINE#         470
  C:80DAH         LINE#         471
  C:80F3H         LINE#         472
  -------         ENDPROC       _GETKI
  -------         PROC          _GETKD
  D:0007H         SYMBOL        PID_N
  C:80F4H         LINE#         482
  C:80F4H         LINE#         483
  C:80F4H         LINE#         484
  C:810DH         LINE#         485
  -------         ENDPROC       _GETKD
  -------         PROC          _GETOUTPUT
  D:0007H         SYMBOL        PID_N
  C:810EH         LINE#         495
  C:810EH         LINE#         496
  C:810EH         LINE#         497
  C:8127H         LINE#         498
  -------         ENDPROC       _GETOUTPUT
  -------         PROC          _GETINTEGRAL
  D:0007H         SYMBOL        PID_N
  C:8128H         LINE#         508
  C:8128H         LINE#         509
  C:8128H         LINE#         510
  C:8141H         LINE#         511
  -------         ENDPROC       _GETINTEGRAL
  -------         PROC          _SETMAXERROR
  D:0003H         SYMBOL        PID_N
  X:08ADH         SYMBOL        err_max
  C:7D00H         LINE#         521
  C:7D02H         LINE#         522
  C:7D02H         LINE#         523
BL51 BANKED LINKER/LOCATER V6.00                                                      08/09/2017  18:31:26  PAGE 28


  -------         ENDPROC       _SETMAXERROR
  -------         PROC          _POSCLASSPID
  X:0906H         SYMBOL        PID_N
  D:0005H         SYMBOL        PID_MODE
  C:71F4H         LINE#         535
  C:71F9H         LINE#         536
  C:71F9H         LINE#         537
  C:7209H         LINE#         538
  C:7209H         LINE#         539
  C:7218H         LINE#         540
  C:7218H         LINE#         541
  C:7218H         LINE#         542
  C:7220H         LINE#         543
  C:7220H         LINE#         544
  C:7220H         LINE#         545
  C:7228H         LINE#         546
  C:7228H         LINE#         547
  C:7228H         LINE#         548
  C:7230H         LINE#         549
  C:7230H         LINE#         550
  C:7230H         LINE#         551
  C:7238H         LINE#         552
  C:7238H         LINE#         553
  C:7238H         LINE#         554
  C:7238H         LINE#         555
  -------         ENDPROC       _POSCLASSPID
  -------         PROC          _INCCLASSPID
  D:0007H         SYMBOL        PID_N
  D:0005H         SYMBOL        PID_MODE
  C:8212H         LINE#         566
  C:8212H         LINE#         567
  C:8212H         LINE#         568
  C:8223H         LINE#         569
  C:8223H         LINE#         570
  C:8227H         LINE#         571
  C:8227H         LINE#         572
  C:8227H         LINE#         573
  C:822AH         LINE#         574
  C:822AH         LINE#         575
  C:822AH         LINE#         576
  C:822AH         LINE#         577
  -------         ENDPROC       _INCCLASSPID
  -------         ENDMOD        PID

  -------         MODULE        DATASCOPE_DP
  C:0000H         SYMBOL        _ICE_DUMMY_
  D:0080H         PUBLIC        P0
  D:0090H         PUBLIC        P1
  D:00A0H         PUBLIC        P2
  D:00B0H         PUBLIC        P3
  D:00C0H         PUBLIC        P4
  D:00C8H         PUBLIC        P5
  D:00E8H         PUBLIC        P6
[...]

  -------         MODULE        ?C?LLDPDATA
  C:1294H         PUBLIC        ?C?LLDPDATA
  -------         ENDMOD        ?C?LLDPDATA

  -------         MODULE        ?C?LLDCODE
  C:12A0H         PUBLIC        ?C?LLDCODE
  -------         ENDMOD        ?C?LLDCODE

  -------         MODULE        ?C?LLDIDATA0
  C:12B0H         PUBLIC        ?C?LLDIDATA0
  -------         ENDMOD        ?C?LLDIDATA0

  -------         MODULE        ?C?LLDXDATA0
  C:12BDH         PUBLIC        ?C?LLDXDATA0
  -------         ENDMOD        ?C?LLDXDATA0

  -------         MODULE        ?C?LLDPDATA0
  C:12C9H         PUBLIC        ?C?LLDPDATA0
  -------         ENDMOD        ?C?LLDPDATA0

  -------         MODULE        ?C?LLDCODE0
  C:12D6H         PUBLIC        ?C?LLDCODE0
  -------         ENDMOD        ?C?LLDCODE0

  -------         MODULE        ?C?PLDIDATA
  C:12E6H         PUBLIC        ?C?PLDIDATA
  -------         ENDMOD        ?C?PLDIDATA

  -------         MODULE        ?C?PLDXDATA
  C:12EFH         PUBLIC        ?C?PLDXDATA
  -------         ENDMOD        ?C?PLDXDATA

  -------         MODULE        ?C?PLDPDATA
  C:12F8H         PUBLIC        ?C?PLDPDATA
  -------         ENDMOD        ?C?PLDPDATA

  -------         MODULE        ?C?PLDCODE
  C:1301H         PUBLIC        ?C?PLDCODE
  -------         ENDMOD        ?C?PLDCODE

  -------         MODULE        INIT_MEM
  X:0834H         PUBLIC        __mem_avail__
BL51 BANKED LINKER/LOCATER V6.00                                                      08/09/2017  18:31:26  PAGE 136


  C:74B7H         PUBLIC        _init_mempool
  -------         ENDMOD        INIT_MEM

*** WARNING L16: UNCALLED SEGMENT, IGNORED FOR OVERLAY PROCESS
    SEGMENT: ?PR?TEST?SETUP

*** WARNING L16: UNCALLED SEGMENT, IGNORED FOR OVERLAY PROCESS
    SEGMENT: ?PR?MODE1?MODE

*** WARNING L16: UNCALLED SEGMENT, IGNORED FOR OVERLAY PROCESS
    SEGMENT: ?PR?MODE2?MODE

*** WARNING L16: UNCALLED SEGMENT, IGNORED FOR OVERLAY PROCESS
    SEGMENT: ?PR?MODE3?MODE

*** WARNING L16: UNCALLED SEGMENT, IGNORED FOR OVERLAY PROCESS
    SEGMENT: ?PR?MODE4?MODE

*** WARNING L16: UNCALLED SEGMENT, IGNORED FOR OVERLAY PROCESS
    SEGMENT: ?PR?MODELAUNCHER?MODE

*** WARNING L16: UNCALLED SEGMENT, IGNORED FOR OVERLAY PROCESS
    SEGMENT: ?PR?_KALMANFILTER?FILTER

*** WARNING L16: UNCALLED SEGMENT, IGNORED FOR OVERLAY PROCESS
    SEGMENT: ?PR?_PID_CONFIG?PID

*** WARNING L16: UNCALLED SEGMENT, IGNORED FOR OVERLAY PROCESS
    SEGMENT: ?PR?_OPENPID?PID

*** WARNING L16: UNCALLED SEGMENT, IGNORED FOR OVERLAY PROCESS
    SEGMENT: ?PR?_CLOSEPID?PID

*** WARNING L16: UNCALLED SEGMENT, IGNORED FOR OVERLAY PROCESS
    SEGMENT: ?PR?_SETPARAMETERINFERIORLIMIT?PID

*** WARNING L16: UNCALLED SEGMENT, IGNORED FOR OVERLAY PROCESS
    SEGMENT: ?PR?_SETPARAMETERUPPERLIMIT?PID

*** WARNING L16: UNCALLED SEGMENT, IGNORED FOR OVERLAY PROCESS
    SEGMENT: ?PR?_SETACTUALPARAMETER?PID

*** WARNING L16: UNCALLED SEGMENT, IGNORED FOR OVERLAY PROCESS
    SEGMENT: ?PR?_SETKI?PID

*** WARNING L16: UNCALLED SEGMENT, IGNORED FOR OVERLAY PROCESS
    SEGMENT: ?PR?_SETKP?PID

*** WARNING L16: UNCALLED SEGMENT, IGNORED FOR OVERLAY PROCESS
    SEGMENT: ?PR?_SETKD?PID

*** WARNING L16: UNCALLED SEGMENT, IGNORED FOR OVERLAY PROCESS
    SEGMENT: ?PR?_SETPARAMETER?PID

*** WARNING L16: UNCALLED SEGMENT, IGNORED FOR OVERLAY PROCESS
    SEGMENT: ?PR?_GETPARAMETER?PID

BL51 BANKED LINKER/LOCATER V6.00                                                      08/09/2017  18:31:26  PAGE 137


*** WARNING L16: UNCALLED SEGMENT, IGNORED FOR OVERLAY PROCESS
    SEGMENT: ?PR?_GETERR?PID

*** WARNING L16: UNCALLED SEGMENT, IGNORED FOR OVERLAY PROCESS
    SEGMENT: ?PR?_GETERRLAST?PID

*** WARNING L16: UNCALLED SEGMENT, IGNORED FOR OVERLAY PROCESS
    SEGMENT: ?PR?_GETKP?PID

*** WARNING L16: UNCALLED SEGMENT, IGNORED FOR OVERLAY PROCESS
    SEGMENT: ?PR?_GETKI?PID

*** WARNING L16: UNCALLED SEGMENT, IGNORED FOR OVERLAY PROCESS
    SEGMENT: ?PR?_GETKD?PID

*** WARNING L16: UNCALLED SEGMENT, IGNORED FOR OVERLAY PROCESS
    SEGMENT: ?PR?_GETOUTPUT?PID

*** WARNING L16: UNCALLED SEGMENT, IGNORED FOR OVERLAY PROCESS
    SEGMENT: ?PR?_GETINTEGRAL?PID

*** WARNING L16: UNCALLED SEGMENT, IGNORED FOR OVERLAY PROCESS
    SEGMENT: ?PR?_SETMAXERROR?PID

*** WARNING L16: UNCALLED SEGMENT, IGNORED FOR OVERLAY PROCESS
    SEGMENT: ?PR?_POSCLASSPID?PID

*** WARNING L16: UNCALLED SEGMENT, IGNORED FOR OVERLAY PROCESS
    SEGMENT: ?PR?_INCCLASSPID?PID

*** WARNING L16: UNCALLED SEGMENT, IGNORED FOR OVERLAY PROCESS
    SEGMENT: ?PR?BUTTON_CONFIG?BUTTON

*** WARNING L16: UNCALLED SEGMENT, IGNORED FOR OVERLAY PROCESS
    SEGMENT: ?PR?_GETBUTTONSTATE?BUTTON

*** WARNING L16: UNCALLED SEGMENT, IGNORED FOR OVERLAY PROCESS
    SEGMENT: ?PR?_LCD_CLR_ROW?LCD5510_V2

*** WARNING L16: UNCALLED SEGMENT, IGNORED FOR OVERLAY PROCESS
    SEGMENT: ?PR?_LCD_PRINTS?LCD5510_V2

*** WARNING L16: UNCALLED SEGMENT, IGNORED FOR OVERLAY PROCESS
    SEGMENT: ?PR?_LCD_PRINTNUM_I?LCD5510_V2

*** WARNING L16: UNCALLED SEGMENT, IGNORED FOR OVERLAY PROCESS
    SEGMENT: ?PR?_LCD_PRINTNUM_F?LCD5510_V2

*** WARNING L16: UNCALLED SEGMENT, IGNORED FOR OVERLAY PROCESS
    SEGMENT: ?PR?LCD5510_INIT?LCD5510_V2

*** WARNING L16: UNCALLED SEGMENT, IGNORED FOR OVERLAY PROCESS
    SEGMENT: ?PR?BOARD_LED_INIT?LED

*** WARNING L16: UNCALLED SEGMENT, IGNORED FOR OVERLAY PROCESS
    SEGMENT: ?PR?_BLINK?LED

BL51 BANKED LINKER/LOCATER V6.00                                                      08/09/2017  18:31:26  PAGE 138


*** WARNING L16: UNCALLED SEGMENT, IGNORED FOR OVERLAY PROCESS
    SEGMENT: ?PR?GETBOARD_LED_STATE?LED

*** WARNING L16: UNCALLED SEGMENT, IGNORED FOR OVERLAY PROCESS
    SEGMENT: ?PR?_BOARD_LED_PWM?LED

*** WARNING L16: UNCALLED SEGMENT, IGNORED FOR OVERLAY PROCESS
    SEGMENT: ?PR?_SETDC_MOTORSPEED?MOTOR

*** WARNING L16: UNCALLED SEGMENT, IGNORED FOR OVERLAY PROCESS
    SEGMENT: ?PR?_OPEN_DC_MOTOR?MOTOR

*** WARNING L16: UNCALLED SEGMENT, IGNORED FOR OVERLAY PROCESS
    SEGMENT: ?PR?_CLOSE_DC_MOTOR?MOTOR

*** WARNING L16: UNCALLED SEGMENT, IGNORED FOR OVERLAY PROCESS
    SEGMENT: ?PR?_GETDC_MOTORSTATE?MOTOR

*** WARNING L16: UNCALLED SEGMENT, IGNORED FOR OVERLAY PROCESS
    SEGMENT: ?PR?DC_MOTOR_CONFIG?MOTOR

*** WARNING L16: UNCALLED SEGMENT, IGNORED FOR OVERLAY PROCESS
    SEGMENT: ?PR?_INIT_STR_MOTOR?SERVO

*** WARNING L16: UNCALLED SEGMENT, IGNORED FOR OVERLAY PROCESS
    SEGMENT: ?PR?_SET_STR_ANGLE?SERVO

*** WARNING L16: UNCALLED SEGMENT, IGNORED FOR OVERLAY PROCESS
    SEGMENT: ?PR?_READ_STR_ANGLE?SERVO

*** WARNING L16: UNCALLED SEGMENT, IGNORED FOR OVERLAY PROCESS
    SEGMENT: ?PR?_OPEN_STR?SERVO

*** WARNING L16: UNCALLED SEGMENT, IGNORED FOR OVERLAY PROCESS
    SEGMENT: ?PR?_CLOSE_STR?SERVO

*** WARNING L16: UNCALLED SEGMENT, IGNORED FOR OVERLAY PROCESS
    SEGMENT: ?PR?_SETSTEPMOTORWITHDISTANCE?STEP_MOTOR

*** WARNING L16: UNCALLED SEGMENT, IGNORED FOR OVERLAY PROCESS
    SEGMENT: ?PR?_SETSTEPMOTORWITHROUND?STEP_MOTOR

*** WARNING L16: UNCALLED SEGMENT, IGNORED FOR OVERLAY PROCESS
    SEGMENT: ?PR?_SETSTEPMOTORSTATE?STEP_MOTOR

*** WARNING L16: UNCALLED SEGMENT, IGNORED FOR OVERLAY PROCESS
    SEGMENT: ?PR?_GETSTEPMOTORSTATE?STEP_MOTOR

*** WARNING L16: UNCALLED SEGMENT, IGNORED FOR OVERLAY PROCESS
    SEGMENT: ?PR?_SETSTEPMOTORDIVERSION?STEP_MOTOR

*** WARNING L16: UNCALLED SEGMENT, IGNORED FOR OVERLAY PROCESS
    SEGMENT: ?PR?_CLOSE_STEPMOTOR?STEP_MOTOR

*** WARNING L16: UNCALLED SEGMENT, IGNORED FOR OVERLAY PROCESS
    SEGMENT: ?PR?_OPEN_STEPMOTOR?STEP_MOTOR

BL51 BANKED LINKER/LOCATER V6.00                                                      08/09/2017  18:31:26  PAGE 139


*** WARNING L16: UNCALLED SEGMENT, IGNORED FOR OVERLAY PROCESS
    SEGMENT: ?PR?_FREESTEPMOTOR?STEP_MOTOR

*** WARNING L16: UNCALLED SEGMENT, IGNORED FOR OVERLAY PROCESS
    SEGMENT: ?PR?_LOCKSTEPMOTOR?STEP_MOTOR

*** WARNING L16: UNCALLED SEGMENT, IGNORED FOR OVERLAY PROCESS
    SEGMENT: ?PR?_STEPMOTOR_INIT?STEP_MOTOR

*** WARNING L16: UNCALLED SEGMENT, IGNORED FOR OVERLAY PROCESS
    SEGMENT: ?PR?_ADC_CONFIG?ANGLE

*** WARNING L16: UNCALLED SEGMENT, IGNORED FOR OVERLAY PROCESS
    SEGMENT: ?PR?GETANGLE?ANGLE

*** WARNING L16: UNCALLED SEGMENT, IGNORED FOR OVERLAY PROCESS
    SEGMENT: ?PR?_PH_CONFIG?PHSENSOR

*** WARNING L16: UNCALLED SEGMENT, IGNORED FOR OVERLAY PROCESS
    SEGMENT: ?PR?_SETPHCOEFFICIENT?PHSENSOR

*** WARNING L16: UNCALLED SEGMENT, IGNORED FOR OVERLAY PROCESS
    SEGMENT: ?PR?_GETPH_VALUE?PHSENSOR

*** WARNING L16: UNCALLED SEGMENT, IGNORED FOR OVERLAY PROCESS
    SEGMENT: ?PR?_SETSPEAKERPERIOD?SPEAKER

*** WARNING L16: UNCALLED SEGMENT, IGNORED FOR OVERLAY PROCESS
    SEGMENT: ?PR?_SETLENGTH?SPEAKER

*** WARNING L16: UNCALLED SEGMENT, IGNORED FOR OVERLAY PROCESS
    SEGMENT: ?PR?_OPEN_SPEAKER?SPEAKER

*** WARNING L16: UNCALLED SEGMENT, IGNORED FOR OVERLAY PROCESS
    SEGMENT: ?PR?_CLOSE_SPEAKER?SPEAKER

*** WARNING L16: UNCALLED SEGMENT, IGNORED FOR OVERLAY PROCESS
    SEGMENT: ?PR?BUZZSUCCEED?SPEAKER

*** WARNING L16: UNCALLED SEGMENT, IGNORED FOR OVERLAY PROCESS
    SEGMENT: ?PR?BUZZFAILED?SPEAKER

*** WARNING L16: UNCALLED SEGMENT, IGNORED FOR OVERLAY PROCESS
    SEGMENT: ?PR?SPEAKER_INIT?SPEAKER

*** WARNING L16: UNCALLED SEGMENT, IGNORED FOR OVERLAY PROCESS
    SEGMENT: ?PR?_GETPULSERSTATE?FIXEDPULSER

*** WARNING L16: UNCALLED SEGMENT, IGNORED FOR OVERLAY PROCESS
    SEGMENT: ?PR?SETCARFORWARD?MT_1_L298N

*** WARNING L16: UNCALLED SEGMENT, IGNORED FOR OVERLAY PROCESS
    SEGMENT: ?PR?SETCARBACK?MT_1_L298N

*** WARNING L16: UNCALLED SEGMENT, IGNORED FOR OVERLAY PROCESS
    SEGMENT: ?PR?SETCARSTOP?MT_1_L298N

BL51 BANKED LINKER/LOCATER V6.00                                                      08/09/2017  18:31:26  PAGE 140


*** WARNING L16: UNCALLED SEGMENT, IGNORED FOR OVERLAY PROCESS
    SEGMENT: ?PR?SETCARRIGHTFORWARD?MT_1_L298N

*** WARNING L16: UNCALLED SEGMENT, IGNORED FOR OVERLAY PROCESS
    SEGMENT: ?PR?SETCARRIGHTBACK?MT_1_L298N

*** WARNING L16: UNCALLED SEGMENT, IGNORED FOR OVERLAY PROCESS
    SEGMENT: ?PR?SETCARRIGHTTURN?MT_1_L298N

*** WARNING L16: UNCALLED SEGMENT, IGNORED FOR OVERLAY PROCESS
    SEGMENT: ?PR?SETCARLEFTFORWARD?MT_1_L298N

*** WARNING L16: UNCALLED SEGMENT, IGNORED FOR OVERLAY PROCESS
    SEGMENT: ?PR?SETCARLEFTBACK?MT_1_L298N

*** WARNING L16: UNCALLED SEGMENT, IGNORED FOR OVERLAY PROCESS
    SEGMENT: ?PR?SETCARLEFTTURN?MT_1_L298N

*** WARNING L16: UNCALLED SEGMENT, IGNORED FOR OVERLAY PROCESS
    SEGMENT: ?PR?_INITJY901?MPU9250_SBUF

*** WARNING L16: UNCALLED SEGMENT, IGNORED FOR OVERLAY PROCESS
    SEGMENT: ?PR?_ENABLEJY901?MPU9250_SBUF

*** WARNING L16: UNCALLED SEGMENT, IGNORED FOR OVERLAY PROCESS
    SEGMENT: ?PR?_DISABLEJY901?MPU9250_SBUF

*** WARNING L16: UNCALLED SEGMENT, IGNORED FOR OVERLAY PROCESS
    SEGMENT: ?PR?_OPENJY901SBUFMODE?MPU9250_SBUF

*** WARNING L16: UNCALLED SEGMENT, IGNORED FOR OVERLAY PROCESS
    SEGMENT: ?PR?_CLOSEJY901SBUFMODE?MPU9250_SBUF

*** WARNING L16: UNCALLED SEGMENT, IGNORED FOR OVERLAY PROCESS
    SEGMENT: ?PR?_GETJY901ACCELERATION?MPU9250_SBUF

*** WARNING L16: UNCALLED SEGMENT, IGNORED FOR OVERLAY PROCESS
    SEGMENT: ?PR?_GETJY901PALSTANCE?MPU9250_SBUF

*** WARNING L16: UNCALLED SEGMENT, IGNORED FOR OVERLAY PROCESS
    SEGMENT: ?PR?_GETJY901ANGLE?MPU9250_SBUF

*** WARNING L16: UNCALLED SEGMENT, IGNORED FOR OVERLAY PROCESS
    SEGMENT: ?PR?_GETJY901MAGNETIC?MPU9250_SBUF

*** WARNING L16: UNCALLED SEGMENT, IGNORED FOR OVERLAY PROCESS
    SEGMENT: ?PR?RELAY_INIT?RELAY

*** WARNING L16: UNCALLED SEGMENT, IGNORED FOR OVERLAY PROCESS
    SEGMENT: ?PR?_OPENRELAYMODULAR?RELAY

*** WARNING L16: UNCALLED SEGMENT, IGNORED FOR OVERLAY PROCESS
    SEGMENT: ?PR?_CLOSERELAYMODULAR?RELAY

*** WARNING L16: UNCALLED SEGMENT, IGNORED FOR OVERLAY PROCESS
    SEGMENT: ?PR?_OPENRELAYKEY?RELAY

BL51 BANKED LINKER/LOCATER V6.00                                                      08/09/2017  18:31:26  PAGE 141


*** WARNING L16: UNCALLED SEGMENT, IGNORED FOR OVERLAY PROCESS
    SEGMENT: ?PR?_CLOSERELAYKEY?RELAY

*** WARNING L16: UNCALLED SEGMENT, IGNORED FOR OVERLAY PROCESS
    SEGMENT: ?PR?_TM1638LEDDISPLAY?TM1638

*** WARNING L16: UNCALLED SEGMENT, IGNORED FOR OVERLAY PROCESS
    SEGMENT: ?PR?CLOSETM1638DISPLAY?TM1638

*** WARNING L16: UNCALLED SEGMENT, IGNORED FOR OVERLAY PROCESS
    SEGMENT: ?PR?_CLOSE_ADS1115?ADS1115

*** WARNING L16: UNCALLED SEGMENT, IGNORED FOR OVERLAY PROCESS
    SEGMENT: ?PR?_HC595_INIT?74HC595

*** WARNING L16: UNCALLED SEGMENT, IGNORED FOR OVERLAY PROCESS
    SEGMENT: ?PR?_HC595SENDDATA?74HC595

*** WARNING L16: UNCALLED SEGMENT, IGNORED FOR OVERLAY PROCESS
    SEGMENT: ?PR?_CLOSE_ULTRASONIC?HC_SR04

*** WARNING L16: UNCALLED SEGMENT, IGNORED FOR OVERLAY PROCESS
    SEGMENT: ?PR?_GETULTRASONICSTATE?HC_SR04

*** WARNING L16: UNCALLED SEGMENT, IGNORED FOR OVERLAY PROCESS
    SEGMENT: ?PR?_SETTIMERVALUE?HC_SR04

*** WARNING L16: UNCALLED SEGMENT, IGNORED FOR OVERLAY PROCESS
    SEGMENT: ?PR?_GETDISTANCE?HC_SR04

*** WARNING L16: UNCALLED SEGMENT, IGNORED FOR OVERLAY PROCESS
    SEGMENT: ?PR?_NRF24L01_INIT?NRF24L01

*** WARNING L16: UNCALLED SEGMENT, IGNORED FOR OVERLAY PROCESS
    SEGMENT: ?PR?_CHOICEHALFDUPLEXMODE?NRF24L01

*** WARNING L16: UNCALLED SEGMENT, IGNORED FOR OVERLAY PROCESS
    SEGMENT: ?PR?_NRF24L01_RXPACKET?NRF24L01

*** WARNING L16: UNCALLED SEGMENT, IGNORED FOR OVERLAY PROCESS
    SEGMENT: ?PR?_NRF24L01_TXPACKET?NRF24L01

*** WARNING L16: UNCALLED SEGMENT, IGNORED FOR OVERLAY PROCESS
    SEGMENT: ?PR?_READ_RTC_DATE?RTC

*** WARNING L16: UNCALLED SEGMENT, IGNORED FOR OVERLAY PROCESS
    SEGMENT: ?PR?_WRITE_RTC_DATE?RTC

*** WARNING L16: UNCALLED SEGMENT, IGNORED FOR OVERLAY PROCESS
    SEGMENT: ?PR?_GET_RTC_TIME?RTC

*** WARNING L16: UNCALLED SEGMENT, IGNORED FOR OVERLAY PROCESS
    SEGMENT: ?PR?_ADC_POWERCONTROL?ADC

*** WARNING L16: UNCALLED SEGMENT, IGNORED FOR OVERLAY PROCESS
    SEGMENT: ?PR?_EEPROM_READ_N?STC15_EEPROM

BL51 BANKED LINKER/LOCATER V6.00                                                      08/09/2017  18:31:26  PAGE 142


*** WARNING L16: UNCALLED SEGMENT, IGNORED FOR OVERLAY PROCESS
    SEGMENT: ?PR?_EEPROM_SECTORERASE?STC15_EEPROM

*** WARNING L16: UNCALLED SEGMENT, IGNORED FOR OVERLAY PROCESS
    SEGMENT: ?PR?_EEPROM_WRITE_N?STC15_EEPROM

*** WARNING L16: UNCALLED SEGMENT, IGNORED FOR OVERLAY PROCESS
    SEGMENT: ?PR?_SETPINSTATE?GPIO

*** WARNING L16: UNCALLED SEGMENT, IGNORED FOR OVERLAY PROCESS
    SEGMENT: ?PR?_IIC_WRDATTOADD?STC15_IIC

*** WARNING L16: UNCALLED SEGMENT, IGNORED FOR OVERLAY PROCESS
    SEGMENT: ?PR?_IIC_RDDATFROMADD?STC15_IIC

*** WARNING L16: UNCALLED SEGMENT, IGNORED FOR OVERLAY PROCESS
    SEGMENT: ?PR?_PWMN_UPDATE?PCA

*** WARNING L16: UNCALLED SEGMENT, IGNORED FOR OVERLAY PROCESS
    SEGMENT: ?PR?_PCA_INIT?PCA

*** WARNING L16: UNCALLED SEGMENT, IGNORED FOR OVERLAY PROCESS
    SEGMENT: ?PR?_PWMOUTPUT?PCA

*** WARNING L16: UNCALLED SEGMENT, IGNORED FOR OVERLAY PROCESS
    SEGMENT: ?PR?_GET_PWM_PERIOD?STC15_PWM

*** WARNING L16: UNCALLED SEGMENT, IGNORED FOR OVERLAY PROCESS
    SEGMENT: ?PR?_GET_PWM_N_DUTY?STC15_PWM

*** WARNING L16: UNCALLED SEGMENT, IGNORED FOR OVERLAY PROCESS
    SEGMENT: ?PR?_GETPWM_DIV?STC15_PWM

*** WARNING L16: UNCALLED SEGMENT, IGNORED FOR OVERLAY PROCESS
    SEGMENT: ?PR?OPEN_PWM_ALL?STC15_PWM

*** WARNING L16: UNCALLED SEGMENT, IGNORED FOR OVERLAY PROCESS
    SEGMENT: ?PR?CLOSE_PWM_ALL?STC15_PWM

*** WARNING L16: UNCALLED SEGMENT, IGNORED FOR OVERLAY PROCESS
    SEGMENT: ?PR?_GET_PWM_N_STATE?STC15_PWM

*** WARNING L16: UNCALLED SEGMENT, IGNORED FOR OVERLAY PROCESS
    SEGMENT: ?PR?_PWM_INIT?STC15_PWM

*** WARNING L16: UNCALLED SEGMENT, IGNORED FOR OVERLAY PROCESS
    SEGMENT: ?PR?_SETSPIRX_DR?STC15_SPI

*** WARNING L16: UNCALLED SEGMENT, IGNORED FOR OVERLAY PROCESS
    SEGMENT: ?PR?_SETTIMEOUT?TIMER

*** WARNING L16: UNCALLED SEGMENT, IGNORED FOR OVERLAY PROCESS
    SEGMENT: ?PR?_GETTIMEROUT?TIMER

*** WARNING L16: UNCALLED SEGMENT, IGNORED FOR OVERLAY PROCESS
    SEGMENT: ?PR?_SETTIMERHERTZ?TIMER

BL51 BANKED LINKER/LOCATER V6.00                                                      08/09/2017  18:31:26  PAGE 143


*** WARNING L16: UNCALLED SEGMENT, IGNORED FOR OVERLAY PROCESS
    SEGMENT: ?PR?_GETTIMERHERTZ?TIMER

*** WARNING L16: UNCALLED SEGMENT, IGNORED FOR OVERLAY PROCESS
    SEGMENT: ?PR?_STOPTIMER?TIMER

*** WARNING L16: UNCALLED SEGMENT, IGNORED FOR OVERLAY PROCESS
    SEGMENT: ?PR?_ISSTOPPED?TIMER

*** WARNING L16: UNCALLED SEGMENT, IGNORED FOR OVERLAY PROCESS
    SEGMENT: ?PR?_ONRESTARTTIMER?TIMER

*** WARNING L16: UNCALLED SEGMENT, IGNORED FOR OVERLAY PROCESS
    SEGMENT: ?PR?GETMICROS?TIMER

*** WARNING L16: UNCALLED SEGMENT, IGNORED FOR OVERLAY PROCESS
    SEGMENT: ?PR?GETMILLIS?TIMER

*** WARNING L16: UNCALLED SEGMENT, IGNORED FOR OVERLAY PROCESS
    SEGMENT: ?PR?GETSECONDS?TIMER

*** WARNING L16: UNCALLED SEGMENT, IGNORED FOR OVERLAY PROCESS
    SEGMENT: ?PR?GETMINUTES?TIMER

*** WARNING L16: UNCALLED SEGMENT, IGNORED FOR OVERLAY PROCESS
    SEGMENT: ?PR?GETHOURS?TIMER

*** WARNING L16: UNCALLED SEGMENT, IGNORED FOR OVERLAY PROCESS
    SEGMENT: ?PR?GETDAYS?TIMER

*** WARNING L16: UNCALLED SEGMENT, IGNORED FOR OVERLAY PROCESS
    SEGMENT: ?PR?_PRINTSTRING2?USART1

*** WARNING L16: UNCALLED SEGMENT, IGNORED FOR OVERLAY PROCESS
    SEGMENT: ?PR?_PRINTSTRING3?USART1

*** WARNING L16: UNCALLED SEGMENT, IGNORED FOR OVERLAY PROCESS
    SEGMENT: ?PR?_PRINTSTRING4?USART1

*** WARNING L16: UNCALLED SEGMENT, IGNORED FOR OVERLAY PROCESS
    SEGMENT: ?PR?_USART1_PRINTF?USART1

*** WARNING L16: UNCALLED SEGMENT, IGNORED FOR OVERLAY PROCESS
    SEGMENT: ?PR?_INIT_MEMPOOL?INIT_MEM

*** WARNING L15: MULTIPLE CALL TO SEGMENT
    SEGMENT: ?PR?_GETADS1115CONVSIONDATA?ADS1115
    CALLER1: ?PR?PRINTDISTANCE?ABSTASK
    CALLER2: ?PR?DISTANCE?ABSTASK

*** WARNING L15: MULTIPLE CALL TO SEGMENT
    SEGMENT: ?PR?_WRITECONFIGREGISTER?ADS1115
    CALLER1: ?PR?PRINTDISTANCE?ABSTASK
    CALLER2: ?PR?DISTANCE?ABSTASK

*** WARNING L15: MULTIPLE CALL TO SEGMENT
    SEGMENT: ?PR?IIC_RDACK?STC15_IIC
BL51 BANKED LINKER/LOCATER V6.00                                                      08/09/2017  18:31:26  PAGE 144


    CALLER1: ?PR?PRINTDISTANCE?ABSTASK
    CALLER2: ?PR?DISTANCE?ABSTASK

*** WARNING L15: MULTIPLE CALL TO SEGMENT
    SEGMENT: ?PR?READCONVERSIONREGISTER?ADS1115
    CALLER1: ?PR?PRINTDISTANCE?ABSTASK
    CALLER2: ?PR?DISTANCE?ABSTASK

*** WARNING L15: MULTIPLE CALL TO SEGMENT
    SEGMENT: ?PR?OUTPUTONEBYTE?STC15_IIC
    CALLER1: ?PR?PRINTDISTANCE?ABSTASK
    CALLER2: ?PR?DISTANCE?ABSTASK

*** WARNING L15: MULTIPLE CALL TO SEGMENT
    SEGMENT: ?PR?_GETDS18B20_TEMPERATURE?DS18B20
    CALLER1: ?PR?PRINTTMP?ABSTASK
    CALLER2: ?PR?DISTANCE?ABSTASK

*** WARNING L15: MULTIPLE CALL TO SEGMENT
    SEGMENT: ?PR?_DATASCOPE_GET_CHANNEL_DATA?DATASCOPE_DP
    CALLER1: ?PR?PRINTDISTANCE?ABSTASK
    CALLER2: ?PR?DISTANCE?ABSTASK

*** WARNING L15: MULTIPLE CALL TO SEGMENT
    SEGMENT: ?PR?_FLOAT2BYTE?DATASCOPE_DP
    CALLER1: ?PR?PRINTDISTANCE?ABSTASK
    CALLER2: ?PR?DISTANCE?ABSTASK

*** WARNING L15: MULTIPLE CALL TO SEGMENT
    SEGMENT: ?PR?_SENDSCOPEDATA?DATASCOPE_DP
    CALLER1: ?PR?PRINTDISTANCE?ABSTASK
    CALLER2: ?PR?DISTANCE?ABSTASK

*** WARNING L15: MULTIPLE CALL TO SEGMENT
    SEGMENT: ?PR?GETBUTTONNUM?TM1638
    CALLER1: ?PR?BUTTONSOUND?ABSTASK
    CALLER2: ?PR?BUTTONSTATEUPDATE?ABSTASK

*** WARNING L15: MULTIPLE CALL TO SEGMENT
    SEGMENT: ?PR?_SETTM1638WRITE?TM1638
    CALLER1: ?PR?BUTTONSOUND?ABSTASK
    CALLER2: ?PR?BUTTONSTATEUPDATE?ABSTASK

*** WARNING L15: MULTIPLE CALL TO SEGMENT
    SEGMENT: ?PR?GETTM1638READ?TM1638
    CALLER1: ?PR?BUTTONSOUND?ABSTASK
    CALLER2: ?PR?BUTTONSTATEUPDATE?ABSTASK

******************************************************************************
* RESTRICTED VERSION WITH FFFFH BYTE CODE SIZE LIMIT; USED: 6AB3H BYTE (41%) *
******************************************************************************

Program Size: data=78.4 xdata=2326 code=32582
LINK/LOCATE RUN COMPLETE.  159 WARNING(S),  0 ERROR(S)
