BL51 BANKED LINKER/LOCATER V6.00                                                        08/10/2017  09:22:49  PAGE 1


BL51 BANKED LINKER/LOCATER V6.00, INVOKED BY:
C:\KEIL_V5\C51\BIN\BL51.EXE .\absTask.obj, .\setup.obj, .\mode.obj, .\FILTER.obj, .\PID.obj, .\DataScope_DP.obj, .\BUTTO
>> N.obj, .\LCD5510_V2.obj, .\LED.obj, .\MOTOR.obj, .\SERVO.obj, .\STEP_MOTOR.obj, .\ANGLE.obj, .\phSensor.obj, .\liquid
>> ometer.obj, .\speaker.obj, .\fixedPulser.obj, .\MT_1_L298N.obj, .\MPU9250_SBUF.obj, .\RELAY.obj, .\TM1638.obj, .\ADS1
>> 115.obj, .\74HC595.obj, .\hc_sr04.obj, .\NRF24L01.obj, .\RTC.obj, .\DS18B20.obj, .\74LS165.obj, .\ADC.obj, .\delay.ob
>> j, .\stc15_eeprom.obj, .\stc15_exti.obj, .\GPIO.obj, .\stc15_iic.obj, .\PCA.obj, .\stc15_pwm.obj, .\stc15_spi.obj, .\
>> timer.obj, .\USART1.obj, .\Conf_tny.obj TO 简易水情检测装置 RTX51TINY RAMSIZE (256)


MEMORY MODEL: LARGE WITH FLOATING POINT ARITHMETIC


INPUT MODULES INCLUDED:
  .\absTask.obj (ABSTASK)
  .\setup.obj (SETUP)
  .\mode.obj (MODE)
  .\FILTER.obj (FILTER)
  .\PID.obj (PID)
  .\DataScope_DP.obj (DATASCOPE_DP)
  .\BUTTON.obj (BUTTON)
  .\LCD5510_V2.obj (LCD5510_V2)
  .\LED.obj (LED)
  .\MOTOR.obj (MOTOR)
  .\SERVO.obj (SERVO)
  .\STEP_MOTOR.obj (STEP_MOTOR)
  .\ANGLE.obj (ANGLE)
  .\phSensor.obj (PHSENSOR)
  .\liquidometer.obj (LIQUIDOMETER)
  .\speaker.obj (SPEAKER)
  .\fixedPulser.obj (FIXEDPULSER)
  .\MT_1_L298N.obj (MT_1_L298N)
  .\MPU9250_SBUF.obj (MPU9250_SBUF)
  .\RELAY.obj (RELAY)
  .\TM1638.obj (TM1638)
  .\ADS1115.obj (ADS1115)
  .\74HC595.obj (74HC595)
  .\hc_sr04.obj (HC_SR04)
  .\NRF24L01.obj (NRF24L01)
  .\RTC.obj (RTC)
  .\DS18B20.obj (DS18B20)
  .\74LS165.obj (74LS165)
  .\ADC.obj (ADC)
  .\delay.obj (DELAY)
  .\stc15_eeprom.obj (STC15_EEPROM)
  .\stc15_exti.obj (STC15_EXTI)
  .\GPIO.obj (GPIO)
  .\stc15_iic.obj (STC15_IIC)
  .\PCA.obj (PCA)
  .\stc15_pwm.obj (STC15_PWM)
  .\stc15_spi.obj (STC15_SPI)
  .\timer.obj (TIMER)
  .\USART1.obj (USART1)
  .\Conf_tny.obj (?RTX51_TINY_KERNAL)
  C:\KEIL_V5\C51\LIB\RTX51TNY.LIB (?RTX51_TINY_OS_CREATE)
  C:\KEIL_V5\C51\LIB\RTX51TNY.LIB (?RTX51_TINY_OS_DELETE)
  C:\KEIL_V5\C51\LIB\RTX51TNY.LIB (?RTX51_TINY_OS_WAIT)
  C:\KEIL_V5\C51\LIB\C51FPL.LIB (?C?FPADD)
  C:\KEIL_V5\C51\LIB\C51FPL.LIB (?C?FPMUL)
BL51 BANKED LINKER/LOCATER V6.00                                                      08/10/2017  09:22:49  PAGE 2


  C:\KEIL_V5\C51\LIB\C51FPL.LIB (?C?FPDIV)
  C:\KEIL_V5\C51\LIB\C51FPL.LIB (?C?FPCMP)
  C:\KEIL_V5\C51\LIB\C51FPL.LIB (?C?FCAST)
  C:\KEIL_V5\C51\LIB\C51FPL.LIB (?C?CASTF)
  C:\KEIL_V5\C51\LIB\C51FPL.LIB (PRINTF)
  C:\KEIL_V5\C51\LIB\C51FPL.LIB (FABS)
  C:\KEIL_V5\C51\LIB\C51FPL.LIB (?C?FPGETOPN)
  C:\KEIL_V5\C51\LIB\C51FPL.LIB (?C?FPROUND)
  C:\KEIL_V5\C51\LIB\C51FPL.LIB (?C?FPCONVERT)
  C:\KEIL_V5\C51\LIB\C51FPL.LIB (?C?FTNPWR)
  C:\KEIL_V5\C51\LIB\C51L.LIB (?C_STARTUP)
  C:\KEIL_V5\C51\LIB\C51L.LIB (?C?COPY)
  C:\KEIL_V5\C51\LIB\C51L.LIB (?C?CLDPTR)
  C:\KEIL_V5\C51\LIB\C51L.LIB (?C?CLDOPTR)
  C:\KEIL_V5\C51\LIB\C51L.LIB (?C?CSTPTR)
  C:\KEIL_V5\C51\LIB\C51L.LIB (?C?CSTOPTR)
  C:\KEIL_V5\C51\LIB\C51L.LIB (?C?IMUL)
  C:\KEIL_V5\C51\LIB\C51L.LIB (?C?UIDIV)
  C:\KEIL_V5\C51\LIB\C51L.LIB (?C?IILDX)
  C:\KEIL_V5\C51\LIB\C51L.LIB (?C?ILDIX)
  C:\KEIL_V5\C51\LIB\C51L.LIB (?C?ILDPTR)
  C:\KEIL_V5\C51\LIB\C51L.LIB (?C?ILDOPTR)
  C:\KEIL_V5\C51\LIB\C51L.LIB (?C?LMUL)
  C:\KEIL_V5\C51\LIB\C51L.LIB (?C?ULDIV)
  C:\KEIL_V5\C51\LIB\C51L.LIB (?C?SLDIV)
  C:\KEIL_V5\C51\LIB\C51L.LIB (?C?LNEG)
  C:\KEIL_V5\C51\LIB\C51L.LIB (?C?SLCMP)
  C:\KEIL_V5\C51\LIB\C51L.LIB (?C?ULCMP)
  C:\KEIL_V5\C51\LIB\C51L.LIB (?C?ULSHR)
  C:\KEIL_V5\C51\LIB\C51L.LIB (?C?LLDPTR)
  C:\KEIL_V5\C51\LIB\C51L.LIB (?C?LLDOPTR)
  C:\KEIL_V5\C51\LIB\C51L.LIB (?C?LLDOPTR0)
  C:\KEIL_V5\C51\LIB\C51L.LIB (?C?LSTXDATA)
  C:\KEIL_V5\C51\LIB\C51L.LIB (?C?LSTKXDATA)
  C:\KEIL_V5\C51\LIB\C51L.LIB (?C?OFFXADD)
  C:\KEIL_V5\C51\LIB\C51L.LIB (?C?PLDIXDATA)
  C:\KEIL_V5\C51\LIB\C51L.LIB (?C?PSTXDATA)
  C:\KEIL_V5\C51\LIB\C51L.LIB (?C?PLDPTR)
  C:\KEIL_V5\C51\LIB\C51L.LIB (?C?CCASE)
  C:\KEIL_V5\C51\LIB\C51L.LIB (?C?ICALL)
  C:\KEIL_V5\C51\LIB\C51L.LIB (PUTCHAR)
  C:\KEIL_V5\C51\LIB\C51L.LIB (ABS)
  C:\KEIL_V5\C51\LIB\C51L.LIB (LABS)
  C:\KEIL_V5\C51\LIB\C51L.LIB (MALLOC)
  C:\KEIL_V5\C51\LIB\C51L.LIB (FREE)
  C:\KEIL_V5\C51\LIB\C51L.LIB (?C_INIT)
  C:\KEIL_V5\C51\LIB\C51L.LIB (?C?LLDIDATA)
  C:\KEIL_V5\C51\LIB\C51L.LIB (?C?LLDXDATA)
  C:\KEIL_V5\C51\LIB\C51L.LIB (?C?LLDPDATA)
  C:\KEIL_V5\C51\LIB\C51L.LIB (?C?LLDCODE)
  C:\KEIL_V5\C51\LIB\C51L.LIB (?C?LLDIDATA0)
  C:\KEIL_V5\C51\LIB\C51L.LIB (?C?LLDXDATA0)
  C:\KEIL_V5\C51\LIB\C51L.LIB (?C?LLDPDATA0)
  C:\KEIL_V5\C51\LIB\C51L.LIB (?C?LLDCODE0)
  C:\KEIL_V5\C51\LIB\C51L.LIB (?C?PLDIDATA)
  C:\KEIL_V5\C51\LIB\C51L.LIB (?C?PLDXDATA)
  C:\KEIL_V5\C51\LIB\C51L.LIB (?C?PLDPDATA)
BL51 BANKED LINKER/LOCATER V6.00                                                      08/10/2017  09:22:49  PAGE 3


  C:\KEIL_V5\C51\LIB\C51L.LIB (?C?PLDCODE)
  C:\KEIL_V5\C51\LIB\C51L.LIB (INIT_MEM)


TASK TABLE OF MODULE:  简易水情检测装置 (ABSTASK)

TASKID   PRIORITY   REG-BANK   SEGMENT NAME
-------------------------------------------
0        0          0          ?PR?TASKSTART?ABSTASK
5        0          0          ?PR?PRINTDISTANCE?ABSTASK
9        0          0          ?PR?PRINTTMP?ABSTASK
10       0          0          ?PR?DISTANCE?ABSTASK
12       0          0          ?PR?BUTTONSOUND?ABSTASK
13       0          0          ?PR?TIMEUPDATE?ABSTASK
14       0          0          ?PR?BUTTONSTATEUPDATE?ABSTASK
15       0          0          ?PR?TEMPERATUREUPDATA?ABSTASK



LINK MAP OF MODULE:  简易水情检测装置 (ABSTASK)


            TYPE    BASE      LENGTH    RELOCATION   SEGMENT NAME
            -----------------------------------------------------

            * * * * * * *   D A T A   M E M O R Y   * * * * * * *
            REG     0000H     0008H     ABSOLUTE     "REG BANK 0"
            DATA    0008H     0005H     ABSOLUTE     
            DATA    000DH     0008H     UNIT         ?DT?TM1638
            DATA    0015H     0005H     UNIT         ?DT?PRINTF?PRINTF
                    001AH     0006H                  *** GAP ***
            DATA    0020H     0001H     BIT_ADDR     ?BA?STC15_SPI
            BIT     0021H.0   0001H.1   UNIT         ?BI?PRINTF?PRINTF
            BIT     0022H.1   0000H.3   UNIT         ?BI?PCA
            BIT     0022H.4   0000H.2   UNIT         ?BI?FIXEDPULSER
            BIT     0022H.6   0000H.2   UNIT         _BIT_GROUP_
            BIT     0023H.0   0000H.1   UNIT         ?BI?LED
            BIT     0023H.1   0000H.1   UNIT         ?BI?_SETSTEPMOTORDIVERSION?STEP_MOTOR
            BIT     0023H.2   0000H.1   UNIT         ?BI?GETANGLE?ANGLE
            BIT     0023H.3   0000H.1   UNIT         ?BI?_SETPINSTATE?GPIO
                    0023H.4   0000H.4                *** GAP ***
            IDATA   0024H     0020H     UNIT         ?RTX?TASKSTATE?S
            IDATA   0044H     0010H     UNIT         ?RTX?TASKSP?S
            IDATA   0054H     0001H     UNIT         ?STACK

            * * * * * * *  X D A T A   M E M O R Y  * * * * * * *
            XDATA   0000H     0336H     UNIT         ?XD?FILTER
            XDATA   0336H     02FDH     UNIT         _XDATA_GROUP_
            XDATA   0633H     0290H     UNIT         ?XD?USART1
            XDATA   08C3H     00A3H     UNIT         ?XD?MPU9250_SBUF
            XDATA   0966H     0082H     UNIT         ?XD?PID
            XDATA   09E8H     0053H     UNIT         ?XD?_USART1_PRINTF?USART1
            XDATA   0A3BH     004AH     UNIT         ?XD?SERVO
            XDATA   0A85H     003CH     UNIT         ?XD?STC15_PWM
            XDATA   0AC1H     0030H     UNIT         ?XD?PRINTF?PRINTF
            XDATA   0AF1H     002EH     UNIT         ?XD?_COPESERIALDATA?MPU9250_SBUF
            XDATA   0B1FH     002AH     UNIT         ?XD?DATASCOPE_DP
BL51 BANKED LINKER/LOCATER V6.00                                                      08/10/2017  09:22:49  PAGE 4


            XDATA   0B49H     0028H     UNIT         ?XD?_KALMANFILTER?FILTER
            XDATA   0B71H     0023H     UNIT         ?XD?HC_SR04
            XDATA   0B94H     0022H     UNIT         ?XD?PHSENSOR
            XDATA   0BB6H     0021H     UNIT         ?XD?_INIT_STR_MOTOR?SERVO
            XDATA   0BD7H     001CH     UNIT         ?XD?STEP_MOTOR
            XDATA   0BF3H     0018H     UNIT         ?XD?_GETPH_VALUE?PHSENSOR
            XDATA   0C0BH     0018H     UNIT         ?XD?FIXEDPULSER
            XDATA   0C23H     0016H     UNIT         ?XD?_PWM_INIT?STC15_PWM
            XDATA   0C39H     0016H     UNIT         ?XD?TIMER
            XDATA   0C4FH     0015H     UNIT         ?XD?GETANGLE?ANGLE
            XDATA   0C64H     0015H     UNIT         ?XD?PCA
            XDATA   0C79H     0014H     UNIT         ?XD?_ITOA?USART1
            XDATA   0C8DH     0013H     UNIT         ?XD?_NIXIELEDLIGHT?TM1638
            XDATA   0CA0H     0012H     UNIT         ?XD?DC_MOTOR_CONFIG?MOTOR
            XDATA   0CB2H     0010H     UNIT         ?XD?BUTTON
            XDATA   0CC2H     0010H     UNIT         ?XD?ADS1115
            XDATA   0CD2H     000EH     UNIT         ?XD?_STEPMOTOR_INIT?STEP_MOTOR
            XDATA   0CE0H     000EH     UNIT         ?XD?_TM1638LEDDISPLAY?TM1638
            XDATA   0CEEH     000EH     UNIT         ?XD?RTC
            XDATA   0CFCH     000DH     UNIT         ?XD?_PID_CONFIG?PID
            XDATA   0D09H     000BH     UNIT         ?XD?_LCD_PRINTNUM_F?LCD5510_V2
            XDATA   0D14H     000AH     UNIT         ?XD?RELAY
            XDATA   0D1EH     000AH     UNIT         ?XD?NRF24L01
            XDATA   0D28H     0009H     UNIT         ?XD?_SET_STR_ANGLE?SERVO
            XDATA   0D31H     0009H     UNIT         ?XD?_SETPHCOEFFICIENT?PHSENSOR
            XDATA   0D3AH     0008H     UNIT         ?XD?_LCD_PRINTNUM_I?LCD5510_V2
            XDATA   0D42H     0008H     UNIT         ?XD?ANGLE
            XDATA   0D4AH     0008H     UNIT         ?XD?INIT_MEM
            XDATA   0D52H     0007H     UNIT         ?XD?_SETSTEPMOTORWITHPULSE?STEP_MOTOR
            XDATA   0D59H     0007H     UNIT         ?XD?_SETSTEPMOTORWITHDISTANCE?STEP_MOTOR
            XDATA   0D60H     0007H     UNIT         ?XD?_SETSTEPMOTORWITHANGLE?STEP_MOTOR
            XDATA   0D67H     0007H     UNIT         ?XD?_EEPROM_READ_N?STC15_EEPROM
            XDATA   0D6EH     0007H     UNIT         ?XD?_EEPROM_WRITE_N?STC15_EEPROM
            XDATA   0D75H     0006H     UNIT         ?XD?_ADC_CONFIG?ANGLE
            XDATA   0D7BH     0006H     UNIT         ?XD?_CHARTOLONG?MPU9250_SBUF
            XDATA   0D81H     0006H     UNIT         ?XD?_IIC_WRDATTOADD?STC15_IIC
            XDATA   0D87H     0006H     UNIT         ?XD?_IIC_RDDATFROMADD?STC15_IIC
            XDATA   0D8DH     0006H     UNIT         ?XD?_SPI_WRITE_BUF?STC15_SPI
            XDATA   0D93H     0006H     UNIT         ?XD?_MALLOC?MALLOC
            XDATA   0D99H     0006H     UNIT         ?XD?_FREE?FREE
            XDATA   0D9FH     0005H     UNIT         ?XD?_SETPARAMETERINFERIORLIMIT?PID
            XDATA   0DA4H     0005H     UNIT         ?XD?_SETPARAMETERUPPERLIMIT?PID
            XDATA   0DA9H     0005H     UNIT         ?XD?_SETACTUALPARAMETER?PID
            XDATA   0DAEH     0005H     UNIT         ?XD?_SETKI?PID
            XDATA   0DB3H     0005H     UNIT         ?XD?_SETKP?PID
            XDATA   0DB8H     0005H     UNIT         ?XD?_SETKD?PID
            XDATA   0DBDH     0005H     UNIT         ?XD?_SETPARAMETER?PID
            XDATA   0DC2H     0005H     UNIT         ?XD?_SETMAXERROR?PID
            XDATA   0DC7H     0005H     UNIT         ?XD?_LCD_PRINTS?LCD5510_V2
            XDATA   0DCCH     0005H     UNIT         ?XD?_LCD_PRINTSL?LCD5510_V2
            XDATA   0DD1H     0005H     UNIT         ?XD?_SETDC_MOTORSPEED?MOTOR
            XDATA   0DD6H     0005H     UNIT         ?XD?_GET_RTC_TIME?RTC
            XDATA   0DDBH     0005H     UNIT         ?XD?_SET_PWM_DUTY?STC15_PWM
            XDATA   0DE0H     0005H     UNIT         ?XD?_SPI_READ_BUF?STC15_SPI
            XDATA   0DE5H     0004H     UNIT         ?XD?MOTOR
            XDATA   0DE9H     0004H     UNIT         ?XD?_HC595_INIT?74HC595
            XDATA   0DEDH     0004H     UNIT         ?XD?_NRF24L01_RXPACKET?NRF24L01
BL51 BANKED LINKER/LOCATER V6.00                                                      08/10/2017  09:22:49  PAGE 5


            XDATA   0DF1H     0003H     UNIT         ?XD?_INTEGRAL_SEPARA_PID?PID
            XDATA   0DF4H     0003H     UNIT         ?XD?_ANTI_WINDUP_PID?PID
            XDATA   0DF7H     0003H     UNIT         ?XD?_TRAPEZOIDAL_INTEGRAL_PID?PID
            XDATA   0DFAH     0003H     UNIT         ?XD?_NRF24L01_TXPACKET?NRF24L01
            XDATA   0DFDH     0003H     UNIT         ?XD?_READ_RTC_DATE?RTC
            XDATA   0E00H     0003H     UNIT         ?XD?_PCA_INIT?PCA
            XDATA   0E03H     0003H     UNIT         ?XD?_PWMOUTPUT?PCA
            XDATA   0E06H     0002H     UNIT         ?XD?BUTTON_CONFIG?BUTTON
            XDATA   0E08H     0002H     UNIT         ?XD?LCD5510_INIT?LCD5510_V2
            XDATA   0E0AH     0002H     UNIT         ?XD?BOARD_LED_INIT?LED
            XDATA   0E0CH     0002H     UNIT         ?XD?_SETSTEPMOTORWITHROUND?STEP_MOTOR
            XDATA   0E0EH     0002H     UNIT         ?XD?_SETSPEAKERPERIOD?SPEAKER
            XDATA   0E10H     0002H     UNIT         ?XD?_SETLENGTH?SPEAKER
            XDATA   0E12H     0002H     UNIT         ?XD?PULSERINIT?FIXEDPULSER
            XDATA   0E14H     0002H     UNIT         ?XD?RELAY_INIT?RELAY
            XDATA   0E16H     0002H     UNIT         ?XD?_SET_PWM_PERIOD?STC15_PWM
            XDATA   0E18H     0002H     UNIT         ?XD?_PWM_INILIZE?STC15_PWM
            XDATA   0E1AH     0001H     UNIT         ?XD?_POSITION_PID?PID
            XDATA   0E1BH     0001H     UNIT         ?XD?_INCREMENTAL_PID?PID
            XDATA   0E1CH     0001H     UNIT         ?XD?_POSCLASSPID?PID
            XDATA   0E1DH     0001H     UNIT         ?XD?_BLINK?LED
            XDATA   0E1EH     0001H     UNIT         ?XD?_BOARD_LED_PWM?LED
            XDATA   0E1FH     0001H     UNIT         ?XD?_OPEN_DC_MOTOR?MOTOR
            XDATA   0E20H     0001H     UNIT         ?XD?_CLOSE_DC_MOTOR?MOTOR
            XDATA   0E21H     0001H     UNIT         ?XD?_OPEN_STR?SERVO
            XDATA   0E22H     0001H     UNIT         ?XD?_CLOSE_STR?SERVO
            XDATA   0E23H     0001H     UNIT         ?XD?_CLOSE_STEPMOTOR?STEP_MOTOR
            XDATA   0E24H     0001H     UNIT         ?XD?_OPEN_SPEAKER?SPEAKER
            XDATA   0E25H     0001H     UNIT         ?XD?_CLOSE_SPEAKER?SPEAKER
            XDATA   0E26H     0001H     UNIT         ?XD?_SETTM1638COM?TM1638
            XDATA   0E27H     0001H     UNIT         ?XD?INIT_TM1638?TM1638
            XDATA   0E28H     0001H     UNIT         ?XD?_HC595SENDDATA?74HC595
            XDATA   0E29H     0001H     UNIT         ?XD?_NRF24L01_INIT?NRF24L01
            XDATA   0E2AH     0001H     UNIT         ?XD?_CHOICEHALFDUPLEXMODE?NRF24L01
            XDATA   0E2BH     0001H     UNIT         ?XD?_WRITE_RTC_DATE?RTC

            * * * * * * *   C O D E   M E M O R Y   * * * * * * *
            CODE    0000H     0003H     ABSOLUTE     
            CODE    0003H     0003H     ABSOLUTE     
                    0006H     0005H                  *** GAP ***
            CODE    000BH     0003H     ABSOLUTE     
                    000EH     0005H                  *** GAP ***
            CODE    0013H     0003H     ABSOLUTE     
                    0016H     000DH                  *** GAP ***
            CODE    0023H     0003H     ABSOLUTE     
                    0026H     0005H                  *** GAP ***
            CODE    002BH     0003H     ABSOLUTE     
                    002EH     000DH                  *** GAP ***
            CODE    003BH     0003H     ABSOLUTE     
                    003EH     0005H                  *** GAP ***
            CODE    0043H     0003H     ABSOLUTE     
                    0046H     000DH                  *** GAP ***
            CODE    0053H     0003H     ABSOLUTE     
                    0056H     0005H                  *** GAP ***
            CODE    005BH     0003H     ABSOLUTE     
                    005EH     0005H                  *** GAP ***
            CODE    0063H     0003H     ABSOLUTE     
BL51 BANKED LINKER/LOCATER V6.00                                                      08/10/2017  09:22:49  PAGE 6


                    0066H     001DH                  *** GAP ***
            CODE    0083H     0003H     ABSOLUTE     
                    0086H     0005H                  *** GAP ***
            CODE    008BH     0003H     ABSOLUTE     
                    008EH     0005H                  *** GAP ***
            CODE    0093H     0003H     ABSOLUTE     
                    0096H     0005H                  *** GAP ***
            CODE    009BH     0003H     ABSOLUTE     
                    009EH     0005H                  *** GAP ***
            CODE    00A3H     0003H     ABSOLUTE     
                    00A6H     075AH                  *** GAP ***
            CODE    0800H     0B0DH     UNIT         ?C?LIB_CODE
            CODE    130DH     06E0H     UNIT         ?PR?_USART_CONFIGURATION?USART1
            CODE    19EDH     049AH     UNIT         ?PR?_COPESERIALDATA?MPU9250_SBUF
            CODE    1E87H     0483H     UNIT         ?PR?PRINTF?PRINTF
            CODE    230AH     03E1H     UNIT         ?PR?_TRAPEZOIDAL_INTEGRAL_PID?PID
            CODE    26EBH     03D8H     UNIT         ?PR?_ANTI_WINDUP_PID?PID
            CODE    2AC3H     039AH     UNIT         ?PR?_PWM_INILIZE?STC15_PWM
            CODE    2E5DH     0393H     UNIT         ?PR?_NIXIELEDLIGHT?TM1638
            CODE    31F0H     033AH     UNIT         ?PR?_USART1_PRINTF?USART1
            CODE    352AH     0288H     UNIT         ?RTX?CODE
            CODE    37B2H     0275H     UNIT         ?PR?_UPDATEDISTANCE?HC_SR04
            CODE    3A27H     026AH     UNIT         ?CO?LCD5510_V2
            CODE    3C91H     0252H     UNIT         ?PR?_TIMER_INILIZE?TIMER
            CODE    3EE3H     0246H     UNIT         ?PR?_INTEGRAL_SEPARA_PID?PID
            CODE    4129H     021EH     UNIT         ?PR?_FILTER?FILTER
            CODE    4347H     01DCH     UNIT         ?PR?_POSITION_PID?PID
            CODE    4523H     01D4H     UNIT         ?PR?_INIT_STR_MOTOR?SERVO
            CODE    46F7H     01C4H     UNIT         ?PR?_GPIO_INILIZE?GPIO
            CODE    48BBH     01A0H     UNIT         ?PR?_INCREMENTAL_PID?PID
            CODE    4A5BH     019FH     UNIT         ?PR?_PCA_INIT?PCA
            CODE    4BFAH     0198H     UNIT         ?PR?_TM1638LEDDISPLAY?TM1638
            CODE    4D92H     0183H     UNIT         ?PR?_ITOA?USART1
            CODE    4F15H     0152H     UNIT         ?PR?_KALMANFILTER?FILTER
            CODE    5067H     0146H     UNIT         ?PR?_PID_CONFIG?PID
            CODE    51ADH     013EH     UNIT         ?PR?_FREE?FREE
            CODE    52EBH     013DH     UNIT         ?PR?_PWMOUTPUT?PCA
            CODE    5428H     013BH     UNIT         ?PR?GETBUTTONNUM?TM1638
            CODE    5563H     0134H     UNIT         ?PR?_DATASCOPE_GET_CHANNEL_DATA?DATASCOPE_DP
            CODE    5697H     0116H     UNIT         ?PR?_SET_STR_ANGLE?SERVO
            CODE    57ADH     0103H     UNIT         ?PR?_MOVINGAVERAGEFILTER?FILTER
            CODE    58B0H     00FAH     UNIT         ?PR?_NRF24L01_INIT?NRF24L01
            CODE    59AAH     00ECH     UNIT         ?PR?_SETPULSE?FIXEDPULSER
            CODE    5A96H     00E4H     UNIT         ?PR?_SET_PWM_DUTY?STC15_PWM
            CODE    5B7AH     00E2H     UNIT         ?C_INITSEG
            CODE    5C5CH     00D7H     UNIT         ?PR?_GETPH_VALUE?PHSENSOR
            CODE    5D33H     00D1H     UNIT         ?PR?_MALLOC?MALLOC
            CODE    5E04H     00C7H     UNIT         ?PR?_SETSTEPMOTORWITHDISTANCE?STEP_MOTOR
            CODE    5ECBH     00C2H     UNIT         ?PR?_BUZZ?SPEAKER
            CODE    5F8DH     00B6H     UNIT         ?PR?_EXT_INILIZE?STC15_EXTI
            CODE    6043H     00AFH     UNIT         ?PR?UART1_INT?USART1
            CODE    60F2H     00AEH     UNIT         ?PR?_PWMN_UPDATE?PCA
            CODE    61A0H     00AAH     UNIT         ?PR?_FLOAT2BYTE?DATASCOPE_DP
            CODE    624AH     00A5H     UNIT         ?PR?_DATASCOPE_DATA_GENERATE?DATASCOPE_DP
            CODE    62EFH     00A3H     UNIT         ?PR?PCA_HANDLER?PCA
            CODE    6392H     009FH     UNIT         ?PR?_STEPMOTOR_INIT?STEP_MOTOR
            CODE    6431H     009AH     UNIT         ?PR?_PWM_SET_T12_PERIOD?STC15_PWM
BL51 BANKED LINKER/LOCATER V6.00                                                      08/10/2017  09:22:49  PAGE 7


            CODE    64CBH     0093H     UNIT         ?PR?_CHARTOLONG?MPU9250_SBUF
            CODE    655EH     0092H     UNIT         ?PR?_SETDC_MOTORSPEED?MOTOR
            CODE    65F0H     0090H     UNIT         ?PR?_SHUDDERINGFILTER?FILTER
            CODE    6680H     008CH     UNIT         ?C_C51STARTUP
            CODE    670CH     0086H     UNIT         ?PR?_RELAYKEYCHANGE?RELAY
            CODE    6792H     0085H     UNIT         ?PR?UART2_INT?USART1
            CODE    6817H     0085H     UNIT         ?PR?UART3_INT?USART1
            CODE    689CH     0085H     UNIT         ?PR?UART4_INT?USART1
            CODE    6921H     007CH     UNIT         ?PR?TIMERINIT?TIMER
            CODE    699DH     007BH     UNIT         ?PR?GETANGLE?ANGLE
            CODE    6A18H     007BH     UNIT         ?PR?PULSER_1INT?FIXEDPULSER
            CODE    6A93H     007BH     UNIT         ?PR?PULSER_2INT?FIXEDPULSER
            CODE    6B0EH     0070H     UNIT         ?PR?_LIMITINGFILTER?FILTER
            CODE    6B7EH     0070H     UNIT         ?PR?_LCD_PRINTNUM_F?LCD5510_V2
            CODE    6BEEH     006BH     UNIT         ?PR?DC_MOTOR_CONFIG?MOTOR
            CODE    6C59H     0069H     UNIT         ?PR?EXT_INT0?HC_SR04
            CODE    6CC2H     0065H     UNIT         ?PR?_LCD_PRINTNUM_I?LCD5510_V2
            CODE    6D27H     0065H     UNIT         ?PR?_SETSTEPMOTORWITHANGLE?STEP_MOTOR
            CODE    6D8CH     0061H     UNIT         ?PR?_SET_PWM_PERIOD?STC15_PWM
            CODE    6DEDH     005EH     UNIT         ?PR?_GET_ADC10BITRESULT?ADC
            CODE    6E4BH     0057H     UNIT         ?PR?_PWM_INIT?STC15_PWM
            CODE    6EA2H     0054H     UNIT         ?PR?_LCD_PRINTSL?LCD5510_V2
            CODE    6EF6H     0053H     UNIT         ?PR?_ADC_INILIZE?ADC
            CODE    6F49H     0053H     UNIT         ?PR?_IIC_RDDATFROMADD?STC15_IIC
            CODE    6F9CH     0052H     UNIT         ?PR?_PH_CONFIG?PHSENSOR
            CODE    6FEEH     0052H     UNIT         ?PR?_NRF24L01_RXPACKET?NRF24L01
            CODE    7040H     0051H     UNIT         ?PR?_GET_RTC_TIME?RTC
            CODE    7091H     004AH     UNIT         ?PR?_GETJY901ACCELERATION?MPU9250_SBUF
            CODE    70DBH     004AH     UNIT         ?PR?_GETJY901PALSTANCE?MPU9250_SBUF
            CODE    7125H     004AH     UNIT         ?PR?_GETDS18B20_TEMPERATURE?DS18B20
            CODE    716FH     0048H     UNIT         ?PR?_WRITECONFIGREGISTER?ADS1115
            CODE    71B7H     0048H     UNIT         ?PR?TIMER4_INT?TIMER
            CODE    71FFH     0047H     UNIT         ?PR?GETTM1638READ?TM1638
            CODE    7246H     0046H     UNIT         ?PR?ULTRASONICINIT?HC_SR04
            CODE    728CH     0045H     UNIT         ?PR?_POSCLASSPID?PID
            CODE    72D1H     0044H     UNIT         ?C?LDIV
            CODE    7315H     0043H     UNIT         ?PR?LCD5510_INIT?LCD5510_V2
            CODE    7358H     0040H     UNIT         ?PR?_SETPHCOEFFICIENT?PHSENSOR
            CODE    7398H     0040H     UNIT         ?PR?_SPI_WRITE_BUF?STC15_SPI
            CODE    73D8H     003FH     UNIT         ?PR?_EEPROM_READ_N?STC15_EEPROM
            CODE    7417H     003FH     UNIT         ?PR?_EEPROM_WRITE_N?STC15_EEPROM
            CODE    7456H     003DH     UNIT         ?PR?PRINTDISTANCE?ABSTASK
            CODE    7493H     003DH     UNIT         ?PR?_LCD_PRINTC?LCD5510_V2
            CODE    74D0H     003CH     UNIT         ?PR?_SETTM1638WRITE?TM1638
            CODE    750CH     003CH     UNIT         ?PR?_READ_RTC_DATE?RTC
            CODE    7548H     003CH     UNIT         ?PR?_INIT_MEMPOOL?INIT_MEM
            CODE    7584H     003BH     UNIT         ?PR?_LCD_PRINTS?LCD5510_V2
            CODE    75BFH     003BH     UNIT         ?PR?_INITJY901?MPU9250_SBUF
            CODE    75FAH     003BH     UNIT         ?PR?_CLOSERELAYMODULAR?RELAY
            CODE    7635H     003AH     UNIT         ?PR?SETUP?SETUP
            CODE    766FH     003AH     UNIT         ?PR?_NRF24L01_TXPACKET?NRF24L01
            CODE    76A9H     0039H     UNIT         ?PR?_SETSTEPMOTORWITHROUND?STEP_MOTOR
            CODE    76E2H     0038H     UNIT         ?PR?BUTTONSCAN?BUTTON
            CODE    771AH     0038H     UNIT         ?PR?INIT_DS18B20?DS18B20
            CODE    7752H     0036H     UNIT         ?PR?_GETJY901MAGNETIC?MPU9250_SBUF
            CODE    7788H     0036H     UNIT         ?PR?_IIC_WRDATTOADD?STC15_IIC
            CODE    77BEH     0035H     UNIT         ?PR?_UART1_INIT?SETUP
BL51 BANKED LINKER/LOCATER V6.00                                                      08/10/2017  09:22:49  PAGE 8


            CODE    77F3H     0035H     UNIT         ?PR?_SPI_READ_BUF?STC15_SPI
            CODE    7828H     0033H     UNIT         ?PR?READCONVERSIONREGISTER?ADS1115
            CODE    785BH     0032H     UNIT         ?PR?_GETJY901ANGLE?MPU9250_SBUF
            CODE    788DH     0032H     UNIT         ?PR?_CHOICEHALFDUPLEXMODE?NRF24L01
            CODE    78BFH     0031H     UNIT         ?PR?_SENDSCOPEDATA?DATASCOPE_DP
            CODE    78F0H     0031H     UNIT         ?PR?_CLOSERELAYKEY?RELAY
            CODE    7921H     0030H     UNIT         ?PR?_OPENRELAYKEY?RELAY
            CODE    7951H     002FH     UNIT         ?PR?INIT_TM1638?TM1638
            CODE    7980H     002FH     UNIT         ?PR?_WRITEONECHAR?DS18B20
            CODE    79AFH     002EH     UNIT         ?PR?READONECHAR?DS18B20
            CODE    79DDH     002EH     UNIT         ?PR?_DELAY_US?DELAY
            CODE    7A0BH     002DH     UNIT         ?PR?PULSERINIT?FIXEDPULSER
            CODE    7A38H     0029H     UNIT         ?PR?_SETTIMEOUT?TIMER
            CODE    7A61H     0028H     UNIT         ?PR?BOARD_LED_INIT?LED
            CODE    7A89H     0028H     UNIT         ?PR?_OPEN_PWM_N?STC15_PWM
            CODE    7AB1H     0028H     UNIT         ?PR?_TX2_WRITE2BUFF?USART1
            CODE    7AD9H     0028H     UNIT         ?PR?_TX3_WRITE2BUFF?USART1
            CODE    7B01H     0028H     UNIT         ?PR?_TX4_WRITE2BUFF?USART1
            CODE    7B29H     0027H     UNIT         ?PR?IIC_RDACK?STC15_IIC
            CODE    7B50H     0027H     UNIT         ?PR?_TX1_WRITE2BUFF?USART1
            CODE    7B77H     0027H     UNIT         ?PR?PUTCHAR?PUTCHAR
            CODE    7B9EH     0026H     UNIT         ?PR?_INPUTONEBYTE?STC15_IIC
            CODE    7BC4H     0025H     UNIT         ?PR?_SETSTEPMOTORWITHPULSE?STEP_MOTOR
            CODE    7BE9H     0025H     UNIT         ?PR?_CLOSE_PWM_N?STC15_PWM
            CODE    7C0EH     0024H     UNIT         ?PR?DISTANCE?ABSTASK
            CODE    7C32H     0024H     UNIT         ?PR?SPEAKER_INIT?SPEAKER
            CODE    7C56H     0024H     UNIT         ?PR?OUTPUTONEBYTE?STC15_IIC
            CODE    7C7AH     0024H     UNIT         ?PR?_SPI_RW?STC15_SPI
            CODE    7C9EH     0022H     UNIT         ?PR?_BLINK?LED
            CODE    7CC0H     0021H     UNIT         ?PR?_SETPARAMETERINFERIORLIMIT?PID
            CODE    7CE1H     0021H     UNIT         ?PR?_SETPARAMETERUPPERLIMIT?PID
            CODE    7D02H     0021H     UNIT         ?PR?_SETACTUALPARAMETER?PID
            CODE    7D23H     0021H     UNIT         ?PR?_SETKI?PID
            CODE    7D44H     0021H     UNIT         ?PR?_SETKP?PID
            CODE    7D65H     0021H     UNIT         ?PR?_SETKD?PID
            CODE    7D86H     0021H     UNIT         ?PR?_SETPARAMETER?PID
            CODE    7DA7H     0021H     UNIT         ?PR?_SETMAXERROR?PID
            CODE    7DC8H     0021H     UNIT         ?PR?LCD_CLR_SCR?LCD5510_V2
            CODE    7DE9H     0021H     UNIT         ?PR?BUZZSUCCEED?SPEAKER
            CODE    7E0AH     0021H     UNIT         ?PR?BUZZFAILED?SPEAKER
            CODE    7E2BH     0020H     UNIT         ?CO?SETUP
            CODE    7E4BH     0020H     UNIT         ?PR?_LCD_WRITE_BYTE?LCD5510_V2
            CODE    7E6BH     0020H     UNIT         ?PR?_OPEN_STR?SERVO
            CODE    7E8BH     0020H     UNIT         ?PR?_EEPROM_SECTORERASE?STC15_EEPROM
            CODE    7EABH     0020H     UNIT         ?RTX?TASKENT?S
            CODE    7ECBH     001FH     UNIT         ?PR?_CLOSE_STR?SERVO
            CODE    7EEAH     001FH     UNIT         ?PR?_SETTM1638COM?TM1638
            CODE    7F09H     001FH     UNIT         ?PR?_PWM_SET_PERIOD?STC15_PWM
            CODE    7F28H     001FH     UNIT         ?PR?_ISACTIVETIMER?TIMER
            CODE    7F47H     001FH     UNIT         ?PR?_ISEXPIREDTIMER?TIMER
            CODE    7F66H     001EH     UNIT         ?PR?_OPEN_DC_MOTOR?MOTOR
            CODE    7F84H     001EH     UNIT         ?PR?_OPENPULSER?FIXEDPULSER
            CODE    7FA2H     001EH     UNIT         ?CO?TM1638
            CODE    7FC0H     001EH     UNIT         ?PR?_GETADS1115CONVSIONDATA?ADS1115
            CODE    7FDEH     001DH     UNIT         ?PR?_CLOSE_DC_MOTOR?MOTOR
            CODE    7FFBH     001DH     UNIT         ?PR?_CLOSE_STEPMOTOR?STEP_MOTOR
            CODE    8018H     001DH     UNIT         ?PR?_CLOSEPULSER?FIXEDPULSER
BL51 BANKED LINKER/LOCATER V6.00                                                      08/10/2017  09:22:49  PAGE 9


            CODE    8035H     001DH     UNIT         ?PR?_ISSTOPPED?TIMER
            CODE    8052H     001CH     UNIT         ?PR?_FREESTEPMOTOR?STEP_MOTOR
            CODE    806EH     001CH     UNIT         ?PR?_LOCKSTEPMOTOR?STEP_MOTOR
            CODE    808AH     001CH     UNIT         ?PR?_ADC_CONFIG?ANGLE
            CODE    80A6H     001CH     UNIT         ?PR?_SETTIMERHERTZ?TIMER
            CODE    80C2H     001BH     UNIT         ?PR?_GETBUTTONSTATE?BUTTON
            CODE    80DDH     001BH     UNIT         ?PR?_SETSTEPMOTORDIVERSION?STEP_MOTOR
            CODE    80F8H     001AH     UNIT         ?PR?_GETPARAMETER?PID
            CODE    8112H     001AH     UNIT         ?PR?_GETERR?PID
            CODE    812CH     001AH     UNIT         ?PR?_GETERRLAST?PID
            CODE    8146H     001AH     UNIT         ?PR?_GETKP?PID
            CODE    8160H     001AH     UNIT         ?PR?_GETKI?PID
            CODE    817AH     001AH     UNIT         ?PR?_GETKD?PID
            CODE    8194H     001AH     UNIT         ?PR?_GETOUTPUT?PID
            CODE    81AEH     001AH     UNIT         ?PR?_GETINTEGRAL?PID
            CODE    81C8H     001AH     UNIT         ?PR?_READ_STR_ANGLE?SERVO
            CODE    81E2H     001AH     UNIT         ?PR?_ADS1115_CONFIG?ADS1115
            CODE    81FCH     001AH     UNIT         ?PR?_GETDISTANCE?HC_SR04
            CODE    8216H     001AH     UNIT         ?PR?_WRITE_RTC_DATE?RTC
            CODE    8230H     001AH     UNIT         ?PR?_GET_PWM_PERIOD?STC15_PWM
            CODE    824AH     001AH     UNIT         ?PR?_GET_PWM_N_DUTY?STC15_PWM
            CODE    8264H     001AH     UNIT         ?PR?_GETTIMEROUT?TIMER
            CODE    827EH     001AH     UNIT         ?PR?_GETTIMERHERTZ?TIMER
            CODE    8298H     0019H     UNIT         ?PR?_INCCLASSPID?PID
            CODE    82B1H     0019H     UNIT         ?PR?_HC595_INIT?74HC595
            CODE    82CAH     0019H     UNIT         ?PR?_IIC_WRDEVADDANDDATADD?STC15_IIC
            CODE    82E3H     0017H     UNIT         ?PR?BUTTON_CONFIG?BUTTON
            CODE    82FAH     0017H     UNIT         ?PR?_PRINTSTRING1?USART1
            CODE    8311H     0016H     UNIT         ?PR?CHANGEREGISTER?ADS1115
            CODE    8327H     0015H     UNIT         ?PR?BUTTONSOUND?ABSTASK
            CODE    833CH     0015H     UNIT         ?PR?_RESTARTTIMER?TIMER
            CODE    8351H     0014H     UNIT         ?PR?_LCD_POS_BYTE?LCD5510_V2
            CODE    8365H     0014H     UNIT         ?PR?RELAY_INIT?RELAY
            CODE    8379H     0014H     UNIT         ?PR?_GETTIMERVALUE?HC_SR04
            CODE    838DH     0013H     UNIT         ?PR?_LCD_CLR_ROW?LCD5510_V2
            CODE    83A0H     0013H     UNIT         ?PR?_OPEN_STEPMOTOR?STEP_MOTOR
            CODE    83B3H     0013H     UNIT         ?PR?_PRINTSTRING2?USART1
            CODE    83C6H     0013H     UNIT         ?PR?_PRINTSTRING3?USART1
            CODE    83D9H     0013H     UNIT         ?PR?_PRINTSTRING4?USART1
            CODE    83ECH     0012H     UNIT         ?PR?_OPENPID?PID
            CODE    83FEH     0012H     UNIT         ?PR?_GETPULSERSTATE?FIXEDPULSER
            CODE    8410H     0012H     UNIT         ?PR?_ENABLEJY901?MPU9250_SBUF
            CODE    8422H     0012H     UNIT         ?PR?_OPENJY901SBUFMODE?MPU9250_SBUF
            CODE    8434H     0012H     UNIT         ?PR?_OPENRELAYMODULAR?RELAY
            CODE    8446H     0012H     UNIT         ?PR?_OPEN_ADS1115?ADS1115
            CODE    8458H     0012H     UNIT         ?PR?_OPEN_ULTRASONIC?HC_SR04
            CODE    846AH     0012H     UNIT         ?PR?DS18B20_INIT?DS18B20
            CODE    847CH     0012H     UNIT         ?PR?_GET_PWM_N_STATE?STC15_PWM
            CODE    848EH     0011H     UNIT         ?PR?PRINTTMP?ABSTASK
            CODE    849FH     0011H     UNIT         ?PR?_CLOSEPID?PID
            CODE    84B0H     0011H     UNIT         ?PR?_GETSTEPMOTORSTATE?STEP_MOTOR
            CODE    84C1H     0011H     UNIT         ?PR?_DISABLEJY901?MPU9250_SBUF
            CODE    84D2H     0011H     UNIT         ?PR?_CLOSEJY901SBUFMODE?MPU9250_SBUF
            CODE    84E3H     0011H     UNIT         ?PR?_CLOSE_ADS1115?ADS1115
            CODE    84F4H     0011H     UNIT         ?PR?_HC595SENDDATA?74HC595
            CODE    8505H     0011H     UNIT         ?PR?_CLOSE_ULTRASONIC?HC_SR04
            CODE    8516H     0011H     UNIT         ?PR?_GETULTRASONICSTATE?HC_SR04
BL51 BANKED LINKER/LOCATER V6.00                                                      08/10/2017  09:22:49  PAGE 10


            CODE    8527H     0011H     UNIT         ?PR?_SETPWM_DIV?STC15_PWM
            CODE    8538H     0011H     UNIT         ?PR?_GETPWM_DIV?STC15_PWM
            CODE    8549H     0011H     UNIT         ?PR?_SPI_RW_REG?STC15_SPI
            CODE    855AH     0011H     UNIT         ?PR?_SETUART1INTERRUPT?USART1
            CODE    856BH     0010H     UNIT         ?PR?_GETDC_MOTORSTATE?MOTOR
            CODE    857BH     0010H     UNIT         ?PR?_DELAY_MS?DELAY
            CODE    858BH     000FH     UNIT         ?PR?BUTTONSTATEUPDATE?ABSTASK
            CODE    859AH     000FH     UNIT         ?PR?_SETSTEPMOTORSTATE?STEP_MOTOR
            CODE    85A9H     000EH     UNIT         ?PR?DISABLEEEPROM?STC15_EEPROM
            CODE    85B7H     000EH     UNIT         ?PR?DELAY5US?STC15_IIC
            CODE    85C5H     000EH     UNIT         ?PR?_ONRESTARTTIMER?TIMER
            CODE    85D3H     000DH     UNIT         ?PR?TASKSTART?ABSTASK
            CODE    85E0H     000DH     UNIT         ?PR?IIC_ACK?STC15_IIC
            CODE    85EDH     000DH     UNIT         ?PR?_SPI_READ?STC15_SPI
            CODE    85FAH     000DH     UNIT         ?PR?_STOPTIMER?TIMER
            CODE    8607H     000DH     UNIT         ?PR?_FABS?FABS
            CODE    8614H     000CH     UNIT         ?PR?TIMEUPDATE?ABSTASK
            CODE    8620H     000CH     UNIT         ?PR?TEMPERATUREUPDATA?ABSTASK
            CODE    862CH     000CH     UNIT         ?PR?_ADC_POWERCONTROL?ADC
            CODE    8638H     000CH     UNIT         ?PR?_ABS?ABS
            CODE    8644H     000BH     UNIT         ?PR?BUZZWAIT?SPEAKER
            CODE    864FH     000AH     UNIT         ?PR?IIC_START?STC15_IIC
            CODE    8659H     000AH     UNIT         ?PR?IIC_NACK?STC15_IIC
            CODE    8663H     000AH     UNIT         ?PR?OPEN_PWM_ALL?STC15_PWM
            CODE    866DH     000AH     UNIT         ?PR?CLOSE_PWM_ALL?STC15_PWM
            CODE    8677H     0009H     UNIT         ?PR?_SETSPEAKERPERIOD?SPEAKER
            CODE    8680H     0009H     UNIT         ?PR?_SETLENGTH?SPEAKER
            CODE    8689H     0009H     UNIT         ?PR?SETCARFORWARD?MT_1_L298N
            CODE    8692H     0009H     UNIT         ?PR?SETCARBACK?MT_1_L298N
            CODE    869BH     0009H     UNIT         ?PR?SETCARSTOP?MT_1_L298N
            CODE    86A4H     0009H     UNIT         ?PR?SETCARRIGHTFORWARD?MT_1_L298N
            CODE    86ADH     0009H     UNIT         ?PR?SETCARRIGHTBACK?MT_1_L298N
            CODE    86B6H     0009H     UNIT         ?PR?SETCARRIGHTTURN?MT_1_L298N
            CODE    86BFH     0009H     UNIT         ?PR?SETCARLEFTFORWARD?MT_1_L298N
            CODE    86C8H     0009H     UNIT         ?PR?SETCARLEFTBACK?MT_1_L298N
            CODE    86D1H     0009H     UNIT         ?PR?SETCARLEFTTURN?MT_1_L298N
            CODE    86DAH     0009H     UNIT         ?PR?DELAY260US?DS18B20
            CODE    86E3H     0009H     UNIT         ?PR?DELAY60US?DS18B20
            CODE    86ECH     0009H     UNIT         ?PR?DELAY750US?DS18B20
            CODE    86F5H     0009H     UNIT         ?PR?DELAY100US?DS18B20
            CODE    86FEH     0009H     UNIT         ?PR?GETMICROS?TIMER
            CODE    8707H     0009H     UNIT         ?PR?GETMILLIS?TIMER
            CODE    8710H     0008H     UNIT         ?PR?_LABS?LABS
            CODE    8718H     0007H     UNIT         ?PR?DELAY10US?DS18B20
            CODE    871FH     0007H     UNIT         ?PR?DELAY1US?DS18B20
            CODE    8726H     0006H     UNIT         ?PR?_BOARD_LED_PWM?LED
            CODE    872CH     0006H     UNIT         ?PR?_OPEN_SPEAKER?SPEAKER
            CODE    8732H     0006H     UNIT         ?PR?_CLOSE_SPEAKER?SPEAKER
            CODE    8738H     0006H     UNIT         ?PR?IIC_STOP?STC15_IIC
            CODE    873EH     0006H     UNIT         ?PR?_SETSPIRX_DR?STC15_SPI
            CODE    8744H     0006H     UNIT         ?PR?GETSECONDS?TIMER
            CODE    874AH     0006H     UNIT         ?PR?GETMINUTES?TIMER
            CODE    8750H     0006H     UNIT         ?PR?GETHOURS?TIMER
            CODE    8756H     0006H     UNIT         ?PR?GETDAYS?TIMER
            CODE    875CH     0005H     UNIT         ?PR?OPEN_BOARD_LED?LED
            CODE    8761H     0005H     UNIT         ?PR?CLOSE_BOARD_LED?LED
            CODE    8766H     0005H     UNIT         ?PR?CLOSETM1638DISPLAY?TM1638
BL51 BANKED LINKER/LOCATER V6.00                                                      08/10/2017  09:22:49  PAGE 11


            CODE    876BH     0004H     UNIT         ?PR?ADC_INT?ADC
            CODE    876FH     0003H     UNIT         ?PR?GETBOARD_LED_STATE?LED
            CODE    8772H     0003H     UNIT         ?PR?_SETPINSTATE?GPIO
            CODE    8775H     0003H     UNIT         ?PR?_SETSPISTA?STC15_SPI
            CODE    8778H     0003H     UNIT         ?PR?GETSPISTA?STC15_SPI
            CODE    877BH     0003H     UNIT         ?PR?GETSPIRX_DR?STC15_SPI
            CODE    877EH     0001H     UNIT         ?PR?TEST?SETUP
            CODE    877FH     0001H     UNIT         ?PR?MODE1?MODE
            CODE    8780H     0001H     UNIT         ?PR?MODE2?MODE
            CODE    8781H     0001H     UNIT         ?PR?MODE3?MODE
            CODE    8782H     0001H     UNIT         ?PR?MODE4?MODE
            CODE    8783H     0001H     UNIT         ?PR?MODELAUNCHER?MODE
            CODE    8784H     0001H     UNIT         ?PR?EXT_INT1?STC15_EXTI
            CODE    8785H     0001H     UNIT         ?PR?EXT_INT2?STC15_EXTI
            CODE    8786H     0001H     UNIT         ?PR?EXT_INT3?STC15_EXTI
            CODE    8787H     0001H     UNIT         ?PR?EXT_INT4?STC15_EXTI



OVERLAY MAP OF MODULE:   简易水情检测装置 (ABSTASK)


SEGMENT                                             BIT_GROUP          XDATA_GROUP
  +--> CALLED SEGMENT                            START    LENGTH     START    LENGTH
------------------------------------------------------------------------------------
?PR?TASKSTART?ABSTASK                            -----    -----      -----    -----
  +--> ?PR?SETUP?SETUP

?PR?SETUP?SETUP                                  -----    -----      -----    -----
  +--> ?PR?_UART1_INIT?SETUP
  +--> ?PR?TIMERINIT?TIMER
  +--> ?PR?_ADS1115_CONFIG?ADS1115
  +--> ?PR?ULTRASONICINIT?HC_SR04
  +--> ?PR?DS18B20_INIT?DS18B20
  +--> ?PR?_PH_CONFIG?PHSENSOR
  +--> ?PR?_OPEN_ULTRASONIC?HC_SR04
  +--> ?PR?_OPEN_ADS1115?ADS1115

?PR?_UART1_INIT?SETUP                            -----    -----      0336H    000DH
  +--> ?PR?_USART_CONFIGURATION?USART1
  +--> ?CO?SETUP
  +--> ?PR?_PRINTSTRING1?USART1

?PR?_USART_CONFIGURATION?USART1                  -----    -----      0343H    0009H

?PR?_PRINTSTRING1?USART1                         -----    -----      -----    -----
  +--> ?PR?_TX1_WRITE2BUFF?USART1

?PR?TIMERINIT?TIMER                              -----    -----      0336H    0021H
  +--> ?PR?_TIMER_INILIZE?TIMER

?PR?_ADS1115_CONFIG?ADS1115                      -----    -----      033FH    0004H
  +--> ?PR?_GPIO_INILIZE?GPIO

?PR?ULTRASONICINIT?HC_SR04                       -----    -----      0336H    0005H
  +--> ?PR?_GPIO_INILIZE?GPIO
  +--> ?PR?_EXT_INILIZE?STC15_EXTI
BL51 BANKED LINKER/LOCATER V6.00                                                      08/10/2017  09:22:49  PAGE 12



?PR?DS18B20_INIT?DS18B20                         -----    -----      0336H    0002H
  +--> ?PR?_GPIO_INILIZE?GPIO

?PR?_PH_CONFIG?PHSENSOR                          -----    -----      0336H    0009H
  +--> ?PR?_ADS1115_CONFIG?ADS1115
  +--> ?PR?_OPEN_ADS1115?ADS1115

*** NEW ROOT ***************************************************

?PR?PRINTDISTANCE?ABSTASK                        -----    -----      -----    -----
  +--> ?PR?_GETADS1115CONVSIONDATA?ADS1115
  +--> ?PR?_DATASCOPE_GET_CHANNEL_DATA?DATAS...
  +--> ?PR?_SENDSCOPEDATA?DATASCOPE_DP

?PR?_GETADS1115CONVSIONDATA?ADS1115              -----    -----      05FCH    0002H
  +--> ?PR?_WRITECONFIGREGISTER?ADS1115
  +--> ?PR?CHANGEREGISTER?ADS1115
  +--> ?PR?READCONVERSIONREGISTER?ADS1115

?PR?_WRITECONFIGREGISTER?ADS1115                 -----    -----      05FEH    0001H
  +--> ?PR?IIC_START?STC15_IIC
  +--> ?PR?_INPUTONEBYTE?STC15_IIC
  +--> ?PR?IIC_RDACK?STC15_IIC
  +--> ?PR?IIC_STOP?STC15_IIC

?PR?IIC_START?STC15_IIC                          -----    -----      -----    -----
  +--> ?PR?DELAY5US?STC15_IIC

?PR?_INPUTONEBYTE?STC15_IIC                      -----    -----      -----    -----
  +--> ?PR?DELAY5US?STC15_IIC

?PR?IIC_RDACK?STC15_IIC                          0022H.7  0000H.1    -----    -----
  +--> ?PR?_INPUTONEBYTE?STC15_IIC
  +--> ?PR?DELAY5US?STC15_IIC

?PR?IIC_STOP?STC15_IIC                           -----    -----      -----    -----
  +--> ?PR?DELAY5US?STC15_IIC

?PR?CHANGEREGISTER?ADS1115                       -----    -----      -----    -----
  +--> ?PR?IIC_START?STC15_IIC
  +--> ?PR?_INPUTONEBYTE?STC15_IIC
  +--> ?PR?IIC_RDACK?STC15_IIC
  +--> ?PR?IIC_STOP?STC15_IIC

?PR?READCONVERSIONREGISTER?ADS1115               -----    -----      05FEH    000CH
  +--> ?PR?IIC_START?STC15_IIC
  +--> ?PR?_INPUTONEBYTE?STC15_IIC
  +--> ?PR?IIC_RDACK?STC15_IIC
  +--> ?PR?OUTPUTONEBYTE?STC15_IIC
  +--> ?PR?IIC_ACK?STC15_IIC
  +--> ?PR?IIC_STOP?STC15_IIC

?PR?OUTPUTONEBYTE?STC15_IIC                      -----    -----      060AH    0008H
  +--> ?PR?DELAY5US?STC15_IIC

?PR?IIC_ACK?STC15_IIC                            -----    -----      -----    -----
BL51 BANKED LINKER/LOCATER V6.00                                                      08/10/2017  09:22:49  PAGE 13


  +--> ?PR?DELAY5US?STC15_IIC

?PR?_DATASCOPE_GET_CHANNEL_DATA?DATAS...         -----    -----      038EH    0005H
  +--> ?PR?_FLOAT2BYTE?DATASCOPE_DP

?PR?_FLOAT2BYTE?DATASCOPE_DP                     -----    -----      0393H    000AH

?PR?_SENDSCOPEDATA?DATASCOPE_DP                  -----    -----      038EH    0002H
  +--> ?PR?_DATASCOPE_DATA_GENERATE?DATASCOP...
  +--> ?PR?_TX1_WRITE2BUFF?USART1

*** NEW ROOT ***************************************************

?PR?PRINTTMP?ABSTASK                             -----    -----      -----    -----
  +--> ?PR?_GETDS18B20_TEMPERATURE?DS18B20

?PR?_GETDS18B20_TEMPERATURE?DS18B20              -----    -----      036DH    0021H
  +--> ?PR?INIT_DS18B20?DS18B20
  +--> ?PR?_WRITEONECHAR?DS18B20
  +--> ?PR?READONECHAR?DS18B20

?PR?INIT_DS18B20?DS18B20                         -----    -----      -----    -----
  +--> ?PR?DELAY260US?DS18B20
  +--> ?PR?DELAY750US?DS18B20
  +--> ?PR?DELAY10US?DS18B20
  +--> ?PR?DELAY100US?DS18B20

?PR?_WRITEONECHAR?DS18B20                        -----    -----      -----    -----
  +--> ?PR?DELAY1US?DS18B20
  +--> ?PR?DELAY60US?DS18B20

?PR?READONECHAR?DS18B20                          -----    -----      -----    -----
  +--> ?PR?DELAY10US?DS18B20
  +--> ?PR?DELAY1US?DS18B20
  +--> ?PR?DELAY60US?DS18B20

*** NEW ROOT ***************************************************

?PR?DISTANCE?ABSTASK                             -----    -----      -----    -----
  +--> ?PR?_UPDATEDISTANCE?HC_SR04
  +--> ?PR?_GETDISTANCE?HC_SR04
  +--> ?PR?_DATASCOPE_GET_CHANNEL_DATA?DATAS...
  +--> ?PR?_SENDSCOPEDATA?DATASCOPE_DP

?PR?_UPDATEDISTANCE?HC_SR04                      -----    -----      038EH    026EH
  +--> ?PR?_DELAY_US?DELAY
  +--> ?PR?_LIMITINGFILTER?FILTER
  +--> ?PR?_SHUDDERINGFILTER?FILTER
  +--> ?PR?_MOVINGAVERAGEFILTER?FILTER
  +--> ?PR?_FILTER?FILTER
  +--> ?PR?_GETADS1115CONVSIONDATA?ADS1115

?PR?_LIMITINGFILTER?FILTER                       -----    -----      05FCH    0008H
  +--> ?PR?_FABS?FABS

?PR?_SHUDDERINGFILTER?FILTER                     -----    -----      05FCH    000AH
  +--> ?PR?_FABS?FABS
BL51 BANKED LINKER/LOCATER V6.00                                                      08/10/2017  09:22:49  PAGE 14



?PR?_MOVINGAVERAGEFILTER?FILTER                  -----    -----      05FCH    000AH
  +--> ?PR?_FABS?FABS

?PR?_FILTER?FILTER                               -----    -----      05FCH    001BH
  +--> ?PR?_FABS?FABS

*** NEW ROOT ***************************************************

?PR?BUTTONSOUND?ABSTASK                          -----    -----      -----    -----
  +--> ?PR?GETBUTTONNUM?TM1638
  +--> ?PR?BUZZWAIT?SPEAKER

?PR?GETBUTTONNUM?TM1638                          -----    -----      062BH    0006H
  +--> ?CO?TM1638
  +--> ?PR?_SETTM1638WRITE?TM1638
  +--> ?PR?_DELAY_US?DELAY
  +--> ?PR?GETTM1638READ?TM1638

?PR?_SETTM1638WRITE?TM1638                       -----    -----      0631H    0002H
  +--> ?PR?_DELAY_US?DELAY

?PR?GETTM1638READ?TM1638                         -----    -----      0631H    0002H
  +--> ?PR?_DELAY_US?DELAY

?PR?BUZZWAIT?SPEAKER                             -----    -----      -----    -----
  +--> ?PR?_BUZZ?SPEAKER

?PR?_BUZZ?SPEAKER                                -----    -----      0617H    0007H
  +--> ?PR?_CLOSEPULSER?FIXEDPULSER
  +--> ?PR?_SETPULSE?FIXEDPULSER
  +--> ?PR?_OPENPULSER?FIXEDPULSER

?PR?_SETPULSE?FIXEDPULSER                        -----    -----      061EH    000BH

*** NEW ROOT ***************************************************

?PR?BUTTONSTATEUPDATE?ABSTASK                    -----    -----      -----    -----
  +--> ?PR?BUTTONSCAN?BUTTON

?PR?BUTTONSCAN?BUTTON                            -----    -----      0629H    0002H
  +--> ?PR?GETBUTTONNUM?TM1638

*** NEW ROOT ***************************************************

?PR?PULSER_1INT?FIXEDPULSER                      -----    -----      -----    -----
  +--> ?PR?_CLOSEPULSER?FIXEDPULSER

*** NEW ROOT ***************************************************

?PR?PULSER_2INT?FIXEDPULSER                      -----    -----      -----    -----
  +--> ?PR?_CLOSEPULSER?FIXEDPULSER

*** NEW ROOT ***************************************************

?C_C51STARTUP                                    -----    -----      -----    -----
  +--> ?C_INITSEG
BL51 BANKED LINKER/LOCATER V6.00                                                      08/10/2017  09:22:49  PAGE 15





SYMBOL TABLE OF MODULE:  简易水情检测装置 (ABSTASK)

  VALUE           TYPE          NAME
  ----------------------------------

  -------         MODULE        ABSTASK
  C:0000H         SYMBOL        _ICE_DUMMY_
  D:0080H         PUBLIC        P0
  D:0090H         PUBLIC        P1
  D:00A0H         PUBLIC        P2
  D:00B0H         PUBLIC        P3
  D:00C0H         PUBLIC        P4
  D:00C8H         PUBLIC        P5
  D:00E8H         PUBLIC        P6
  D:00F8H         PUBLIC        P7
  C:8327H         PUBLIC        ButtonSound
  D:00A8H         PUBLIC        IE
  D:00B8H         PUBLIC        IP
  D:00D8H         PUBLIC        CCON
  C:7C0EH         PUBLIC        Distance
  D:0098H         PUBLIC        SCON
  D:0088H         PUBLIC        TCON
  D:00F0H         PUBLIC        B
  C:85D3H         PUBLIC        taskStart
  D:00E0H         PUBLIC        ACC
  C:7456H         PUBLIC        printDistance
  C:848EH         PUBLIC        printTmp
  C:858BH         PUBLIC        ButtonStateUpdate
  C:8614H         PUBLIC        TimeUpdate
  C:8620H         PUBLIC        TemperatureUpdata
  D:00D0H         PUBLIC        PSW
  -------         PROC          TASKSTART
  C:85D3H         LINE#         7
  C:85D3H         LINE#         9
  C:85D6H         LINE#         11
  C:85DBH         LINE#         16
  -------         ENDPROC       TASKSTART
  -------         PROC          PRINTDISTANCE
  C:7456H         LINE#         19
  C:7456H         LINE#         21
  C:7456H         LINE#         22
  C:7456H         LINE#         23
  C:7482H         LINE#         25
  C:7487H         LINE#         26
  C:7491H         LINE#         27
  -------         ENDPROC       PRINTDISTANCE
  -------         PROC          PRINTTMP
  C:848EH         LINE#         29
  C:848EH         LINE#         31
  C:848EH         LINE#         32
  C:848EH         LINE#         33
  C:8493H         LINE#         36
  C:849DH         LINE#         37
  -------         ENDPROC       PRINTTMP
BL51 BANKED LINKER/LOCATER V6.00                                                      08/10/2017  09:22:49  PAGE 16


  -------         PROC          DISTANCE
  C:7C0EH         LINE#         39
  C:7C0EH         LINE#         41
  C:7C0EH         LINE#         42
  C:7C0EH         LINE#         43
  C:7C13H         LINE#         44
  C:7C21H         LINE#         45
  C:7C26H         LINE#         46
  C:7C30H         LINE#         47
  -------         ENDPROC       DISTANCE
  -------         PROC          TIMEUPDATE
  C:8614H         LINE#         50
  C:8614H         LINE#         52
  C:8614H         LINE#         53
  C:8614H         LINE#         55
  C:861EH         LINE#         56
  -------         ENDPROC       TIMEUPDATE
  -------         PROC          TEMPERATUREUPDATA
  C:8620H         LINE#         59
  C:8620H         LINE#         61
  C:8620H         LINE#         62
  C:8620H         LINE#         65
  C:862AH         LINE#         67
  -------         ENDPROC       TEMPERATUREUPDATA
  -------         PROC          BUTTONSOUND
  C:8327H         LINE#         70
  C:8327H         LINE#         72
  C:8327H         LINE#         73
  C:8327H         LINE#         74
  C:832DH         LINE#         75
  C:832DH         LINE#         76
  C:8330H         LINE#         77
  C:8330H         LINE#         78
  C:833AH         LINE#         79
  -------         ENDPROC       BUTTONSOUND
  -------         PROC          BUTTONSTATEUPDATE
  C:858BH         LINE#         83
  C:858BH         LINE#         85
  C:858BH         LINE#         86
  C:858BH         LINE#         87
  C:858EH         LINE#         90
  C:8598H         LINE#         92
  -------         ENDPROC       BUTTONSTATEUPDATE
  -------         ENDMOD        ABSTASK

  -------         MODULE        SETUP
  C:0000H         SYMBOL        _ICE_DUMMY_
  D:0080H         PUBLIC        P0
  D:0090H         PUBLIC        P1
  D:00A0H         PUBLIC        P2
  D:00B0H         PUBLIC        P3
  D:00C0H         PUBLIC        P4
  D:00C8H         PUBLIC        P5
  C:77BEH         PUBLIC        _UART1_init
  D:00E8H         PUBLIC        P6
  D:00F8H         PUBLIC        P7
  D:00A8H         PUBLIC        IE
BL51 BANKED LINKER/LOCATER V6.00                                                      08/10/2017  09:22:49  PAGE 17


  D:00B8H         PUBLIC        IP
  D:00D8H         PUBLIC        CCON
  C:7635H         PUBLIC        setup
  D:0098H         PUBLIC        SCON
  D:0088H         PUBLIC        TCON
  D:00F0H         PUBLIC        B
  C:877EH         PUBLIC        test
  D:00E0H         PUBLIC        ACC
  D:00D0H         PUBLIC        PSW
  -------         PROC          _UART1_INIT
  D:0004H         SYMBOL        BandRate
  -------         DO            
  X:0336H         SYMBOL        COMx_InitStructure
  -------         ENDDO         
  C:77BEH         LINE#         24
  C:77BEH         LINE#         25
  C:77BEH         LINE#         27
  C:77C4H         LINE#         28
  C:77C8H         LINE#         29
  C:77CCH         LINE#         30
  C:77D2H         LINE#         31
  C:77D5H         LINE#         32
  C:77D8H         LINE#         33
  C:77DAH         LINE#         34
  C:77DDH         LINE#         35
  C:77DFH         LINE#         36
  C:77EAH         LINE#         37
  -------         ENDPROC       _UART1_INIT
  -------         PROC          TEST
  C:877EH         LINE#         39
  C:877EH         LINE#         40
  C:877EH         LINE#         42
  -------         ENDPROC       TEST
  -------         PROC          SETUP
  C:7635H         LINE#         43
  C:7635H         LINE#         44
  C:7635H         LINE#         46
  C:7640H         LINE#         47
  C:7643H         LINE#         52
  C:7646H         LINE#         53
  C:7649H         LINE#         54
  C:764CH         LINE#         55
  C:7665H         LINE#         66
  C:766AH         LINE#         68
  -------         ENDPROC       SETUP
  -------         ENDMOD        SETUP

  -------         MODULE        MODE
  C:0000H         SYMBOL        _ICE_DUMMY_
  D:0080H         PUBLIC        P0
  D:0090H         PUBLIC        P1
  D:00A0H         PUBLIC        P2
  D:00B0H         PUBLIC        P3
  D:00C0H         PUBLIC        P4
  D:00C8H         PUBLIC        P5
  D:00E8H         PUBLIC        P6
  D:00F8H         PUBLIC        P7
BL51 BANKED LINKER/LOCATER V6.00                                                      08/10/2017  09:22:49  PAGE 18


  D:00A8H         PUBLIC        IE
  D:00B8H         PUBLIC        IP
  D:00D8H         PUBLIC        CCON
  D:0098H         PUBLIC        SCON
  D:0088H         PUBLIC        TCON
  D:00F0H         PUBLIC        B
  D:00E0H         PUBLIC        ACC
  C:877FH         PUBLIC        mode1
  C:8780H         PUBLIC        mode2
  C:8781H         PUBLIC        mode3
  C:8782H         PUBLIC        mode4
  C:8783H         PUBLIC        modeLauncher
  D:00D0H         PUBLIC        PSW
  -------         PROC          MODE1
  C:877FH         LINE#         2
  C:877FH         LINE#         3
  C:877FH         LINE#         5
  -------         ENDPROC       MODE1
  -------         PROC          MODE2
  C:8780H         LINE#         7
  C:8780H         LINE#         8
  C:8780H         LINE#         10
  -------         ENDPROC       MODE2
  -------         PROC          MODE3
  C:8781H         LINE#         13
  C:8781H         LINE#         14
  C:8781H         LINE#         16
  -------         ENDPROC       MODE3
  -------         PROC          MODE4
  C:8782H         LINE#         18
  C:8782H         LINE#         19
  C:8782H         LINE#         21
  -------         ENDPROC       MODE4
  -------         PROC          MODELAUNCHER
  C:8783H         LINE#         22
  C:8783H         LINE#         23
  C:8783H         LINE#         25
  -------         ENDPROC       MODELAUNCHER
  -------         ENDMOD        MODE

  -------         MODULE        FILTER
  C:0000H         SYMBOL        _ICE_DUMMY_
  D:0080H         PUBLIC        P0
  D:0090H         PUBLIC        P1
  D:00A0H         PUBLIC        P2
  D:00B0H         PUBLIC        P3
  D:00C0H         PUBLIC        P4
  D:00C8H         PUBLIC        P5
  D:00E8H         PUBLIC        P6
  D:00F8H         PUBLIC        P7
  C:4129H         PUBLIC        _filter
  D:00A8H         PUBLIC        IE
  D:00B8H         PUBLIC        IP
  C:65F0H         PUBLIC        _shudderingFilter
  D:00D8H         PUBLIC        CCON
  D:0098H         PUBLIC        SCON
  D:0088H         PUBLIC        TCON
BL51 BANKED LINKER/LOCATER V6.00                                                      08/10/2017  09:22:49  PAGE 19


  C:57ADH         PUBLIC        _movingAverageFilter
  D:00F0H         PUBLIC        B
  C:4F15H         PUBLIC        _KalmanFilter
  D:00E0H         PUBLIC        ACC
  C:6B0EH         PUBLIC        _limitingFilter
  D:00D0H         PUBLIC        PSW
  -------         PROC          _FILTER
  X:05FCH         SYMBOL        ary
  X:05FFH         SYMBOL        num
  X:0601H         SYMBOL        MaxValue
  X:0605H         SYMBOL        MinValue
  -------         DO            
  X:0609H         SYMBOL        angleDataloopTemp2
  X:060BH         SYMBOL        finalData
  X:060FH         SYMBOL        maxValue
  X:0613H         SYMBOL        minValue
  -------         ENDDO         
  C:4129H         LINE#         14
  C:413AH         LINE#         15
  C:413AH         LINE#         17
  C:4144H         LINE#         18
  C:4158H         LINE#         19
  C:416CH         LINE#         20
  C:418CH         LINE#         21
  C:418CH         LINE#         22
  C:41BEH         LINE#         23
  C:41BEH         LINE#         24
  C:41E7H         LINE#         25
  C:41E7H         LINE#         26
  C:421FH         LINE#         27
  C:421FH         LINE#         28
  C:4248H         LINE#         29
  C:4248H         LINE#         30
  C:4292H         LINE#         31
  C:42A6H         LINE#         32
  C:42F4H         LINE#         33
  C:4335H         LINE#         34
  C:4346H         LINE#         35
  -------         ENDPROC       _FILTER
  -------         PROC          _KALMANFILTER
  X:0B49H         SYMBOL        ResrcData
  X:0B4DH         SYMBOL        ProcessNiose_Q
  X:0B51H         SYMBOL        MeasureNoise_R
  X:0B55H         SYMBOL        InitialPrediction
  -------         DO            
  X:0B59H         SYMBOL        R
  X:0B5DH         SYMBOL        Q
  X:0000H         SYMBOL        x_last
  X:0B61H         SYMBOL        x_mid
  X:0B65H         SYMBOL        x_now
  X:0004H         SYMBOL        p_last
  X:0B69H         SYMBOL        p_mid
  D:0004H         SYMBOL        p_now
  X:0B6DH         SYMBOL        kg
  -------         ENDDO         
  C:4F15H         LINE#         37
  C:4F1BH         LINE#         38
BL51 BANKED LINKER/LOCATER V6.00                                                      08/10/2017  09:22:49  PAGE 20


  C:4F1BH         LINE#         39
  C:4F2FH         LINE#         40
  C:4F43H         LINE#         44
  C:4F57H         LINE#         53
  C:4F6BH         LINE#         54
  C:4F90H         LINE#         55
  C:4FCEH         LINE#         56
  C:5015H         LINE#         58
  C:503EH         LINE#         60
  C:5044H         LINE#         61
  C:5058H         LINE#         63
  C:5066H         LINE#         64
  -------         ENDPROC       _KALMANFILTER
  -------         PROC          _LIMITINGFILTER
  X:05FCH         SYMBOL        value
  X:0600H         SYMBOL        A
  -------         DO            
  X:0008H         SYMBOL        lastValue
  -------         ENDDO         
  C:6B0EH         LINE#         83
  C:6B14H         LINE#         84
  C:6B14H         LINE#         86
  C:6B49H         LINE#         87
  C:6B49H         LINE#         88
  C:6B58H         LINE#         89
  C:6B58H         LINE#         91
  C:6B58H         LINE#         93
  C:6B6CH         LINE#         94
  C:6B7DH         LINE#         96
  C:6B7DH         LINE#         97
  -------         ENDPROC       _LIMITINGFILTER
  -------         PROC          _MOVINGAVERAGEFILTER
  X:05FCH         SYMBOL        value
  -------         DO            
  X:000CH         SYMBOL        filter_buf
  X:0600H         SYMBOL        i
  X:0602H         SYMBOL        filter_sum
  -------         ENDDO         
  C:57ADH         LINE#         115
  C:57B3H         LINE#         116
  C:57B3H         LINE#         120
  C:57BDH         LINE#         121
  C:57D1H         LINE#         122
  C:57EBH         LINE#         123
  C:5835H         LINE#         124
  C:5880H         LINE#         125
  C:5894H         LINE#         126
  C:58AFH         LINE#         127
  -------         ENDPROC       _MOVINGAVERAGEFILTER
  -------         PROC          _SHUDDERINGFILTER
  D:0004H         SYMBOL        value
  X:0600H         SYMBOL        filter_n
  -------         DO            
  X:0330H         SYMBOL        i
  X:0332H         SYMBOL        lastValue
  X:0602H         SYMBOL        newValue
  -------         ENDDO         
BL51 BANKED LINKER/LOCATER V6.00                                                      08/10/2017  09:22:49  PAGE 21


  C:65F0H         LINE#         153
  C:65F0H         LINE#         154
  C:65F0H         LINE#         159
  C:65F6H         LINE#         160
  C:662DH         LINE#         161
  C:662DH         LINE#         162
  C:663BH         LINE#         163
  C:6650H         LINE#         164
  C:6654H         LINE#         165
  C:6668H         LINE#         166
  C:666AH         LINE#         170
  C:666AH         LINE#         171
  C:666AH         LINE#         173
  C:666AH         LINE#         174
  C:6671H         LINE#         175
  C:6671H         LINE#         176
  C:667FH         LINE#         178
  -------         ENDPROC       _SHUDDERINGFILTER
  -------         ENDMOD        FILTER

  -------         MODULE        PID
  C:0000H         SYMBOL        _ICE_DUMMY_
  D:0080H         PUBLIC        P0
  D:0090H         PUBLIC        P1
  D:00A0H         PUBLIC        P2
  C:7D23H         PUBLIC        _setKi
  D:00B0H         PUBLIC        P3
  C:812CH         PUBLIC        _getErrLast
  C:7DA7H         PUBLIC        _setMaxError
  D:00C0H         PUBLIC        P4
  D:00C8H         PUBLIC        P5
  D:00E8H         PUBLIC        P6
  D:00F8H         PUBLIC        P7
  C:7CE1H         PUBLIC        _setParameterUpperLimit
  C:7D44H         PUBLIC        _setKp
  C:728CH         PUBLIC        _PosClassPID
  D:00A8H         PUBLIC        IE
  C:83ECH         PUBLIC        _openPID
  C:4347H         PUBLIC        _Position_PID
  D:00B8H         PUBLIC        IP
  D:00D8H         PUBLIC        CCON
  C:26EBH         PUBLIC        _Anti_Windup_PID
  D:0098H         PUBLIC        SCON
  D:0088H         PUBLIC        TCON
  C:48BBH         PUBLIC        _Incremental_PID
  C:5067H         PUBLIC        _PID_config
  C:3EE3H         PUBLIC        _Integral_Separa_PID
  C:7CC0H         PUBLIC        _setParameterInferiorLimit
  D:00F0H         PUBLIC        B
  D:00E0H         PUBLIC        ACC
  C:7D02H         PUBLIC        _setActualParameter
  C:8194H         PUBLIC        _getOutput
  C:230AH         PUBLIC        _Trapezoidal_Integral_PID
  X:0966H         SYMBOL        g_pid_n_info
  C:80F8H         PUBLIC        _getParameter
  C:8112H         PUBLIC        _getErr
  C:817AH         PUBLIC        _getKd
BL51 BANKED LINKER/LOCATER V6.00                                                      08/10/2017  09:22:49  PAGE 22


  C:8298H         PUBLIC        _IncClassPID
  C:7D86H         PUBLIC        _setParameter
  C:8160H         PUBLIC        _getKi
  C:849FH         PUBLIC        _closePID
  D:00D0H         PUBLIC        PSW
  C:81AEH         PUBLIC        _getIntegral
  C:8146H         PUBLIC        _getKp
  C:7D65H         PUBLIC        _setKd
  -------         PROC          _PID_CONFIG
  D:0003H         SYMBOL        PID_N
  X:0CFDH         SYMBOL        kp
  X:0D01H         SYMBOL        ki
  X:0D05H         SYMBOL        kd
  C:5067H         LINE#         53
  C:5069H         LINE#         54
  C:5069H         LINE#         55
  C:507EH         LINE#         56
  C:5093H         LINE#         57
  C:50A8H         LINE#         58
  C:50BDH         LINE#         59
  C:50D2H         LINE#         60
  C:50F1H         LINE#         61
  C:5110H         LINE#         62
  C:512FH         LINE#         63
  C:5159H         LINE#         64
  C:5183H         LINE#         65
  -------         ENDPROC       _PID_CONFIG
  -------         PROC          _OPENPID
  D:0007H         SYMBOL        PID_N
  C:83ECH         LINE#         76
  C:83ECH         LINE#         77
  C:83ECH         LINE#         78
  C:83FDH         LINE#         80
  -------         ENDPROC       _OPENPID
  -------         PROC          _CLOSEPID
  D:0007H         SYMBOL        PID_N
  C:849FH         LINE#         90
  C:849FH         LINE#         91
  C:849FH         LINE#         92
  C:84AFH         LINE#         95
  -------         ENDPROC       _CLOSEPID
  -------         PROC          _POSITION_PID
  X:0E1AH         SYMBOL        PID_N
  C:4347H         LINE#         105
  C:434CH         LINE#         106
  C:434CH         LINE#         107
  C:435FH         LINE#         108
  C:435FH         LINE#         109
  C:43ADH         LINE#         110
  C:43F0H         LINE#         111
  C:44F5H         LINE#         114
  C:451FH         LINE#         115
  C:4521H         LINE#         116
  C:4521H         LINE#         117
  C:4522H         LINE#         118
  -------         ENDPROC       _POSITION_PID
  -------         PROC          _INTEGRAL_SEPARA_PID
BL51 BANKED LINKER/LOCATER V6.00                                                      08/10/2017  09:22:49  PAGE 23


  X:0DF1H         SYMBOL        PID_N
  -------         DO            
  X:0DF2H         SYMBOL        multiple
  -------         ENDDO         
  C:3EE3H         LINE#         128
  C:3EE8H         LINE#         129
  C:3EE8H         LINE#         131
  C:3F33H         LINE#         132
  C:3F47H         LINE#         133
  C:3F47H         LINE#         134
  C:3F80H         LINE#         135
  C:3F80H         LINE#         136
  C:3F87H         LINE#         137
  C:3F89H         LINE#         139
  C:3F89H         LINE#         140
  C:3F91H         LINE#         141
  C:3FD7H         LINE#         142
  C:3FD7H         LINE#         144
  C:40FBH         LINE#         147
  C:4125H         LINE#         148
  C:4127H         LINE#         149
  C:4127H         LINE#         150
  C:4128H         LINE#         151
  -------         ENDPROC       _INTEGRAL_SEPARA_PID
  -------         PROC          _ANTI_WINDUP_PID
  X:0DF4H         SYMBOL        PID_N
  -------         DO            
  X:0DF5H         SYMBOL        multiple
  -------         ENDDO         
  C:26EBH         LINE#         161
  C:26F0H         LINE#         162
  C:26F0H         LINE#         164
  C:273BH         LINE#         165
  C:274FH         LINE#         166
  C:274FH         LINE#         167
  C:278BH         LINE#         168
  C:278BH         LINE#         169
  C:27D6H         LINE#         170
  C:27D6H         LINE#         171
  C:27D6H         LINE#         172
  C:27D9H         LINE#         174
  C:27D9H         LINE#         175
  C:27E1H         LINE#         176
  C:280CH         LINE#         177
  C:280CH         LINE#         178
  C:280CH         LINE#         179
  C:280CH         LINE#         180
  C:280CH         LINE#         181
  C:280FH         LINE#         182
  C:284FH         LINE#         183
  C:284FH         LINE#         184
  C:289AH         LINE#         185
  C:289AH         LINE#         186
  C:289AH         LINE#         187
  C:289CH         LINE#         189
  C:289CH         LINE#         190
  C:28A4H         LINE#         191
BL51 BANKED LINKER/LOCATER V6.00                                                      08/10/2017  09:22:49  PAGE 24


  C:28CDH         LINE#         192
  C:28CDH         LINE#         193
  C:28CDH         LINE#         194
  C:28CDH         LINE#         195
  C:28CDH         LINE#         196
  C:28CFH         LINE#         198
  C:28CFH         LINE#         199
  C:291AH         LINE#         200
  C:291AH         LINE#         201
  C:2921H         LINE#         202
  C:2923H         LINE#         204
  C:2923H         LINE#         205
  C:292BH         LINE#         206
  C:2971H         LINE#         207
  C:2971H         LINE#         208
  C:2971H         LINE#         210
  C:2A95H         LINE#         213
  C:2ABFH         LINE#         214
  C:2AC1H         LINE#         215
  C:2AC1H         LINE#         216
  C:2AC2H         LINE#         217
  -------         ENDPROC       _ANTI_WINDUP_PID
  -------         PROC          _TRAPEZOIDAL_INTEGRAL_PID
  X:0DF7H         SYMBOL        PID_N
  -------         DO            
  X:0DF8H         SYMBOL        multiple
  -------         ENDDO         
  C:230AH         LINE#         227
  C:230FH         LINE#         228
  C:230FH         LINE#         230
  C:235AH         LINE#         231
  C:236EH         LINE#         232
  C:236EH         LINE#         233
  C:23AAH         LINE#         234
  C:23AAH         LINE#         235
  C:23F5H         LINE#         236
  C:23F5H         LINE#         237
  C:23F5H         LINE#         238
  C:23F8H         LINE#         240
  C:23F8H         LINE#         241
  C:2400H         LINE#         242
  C:242BH         LINE#         243
  C:242BH         LINE#         244
  C:242BH         LINE#         245
  C:242BH         LINE#         246
  C:242BH         LINE#         247
  C:242EH         LINE#         248
  C:246EH         LINE#         249
  C:246EH         LINE#         250
  C:24B9H         LINE#         251
  C:24B9H         LINE#         252
  C:24B9H         LINE#         253
  C:24BBH         LINE#         255
  C:24BBH         LINE#         256
  C:24C3H         LINE#         257
  C:24ECH         LINE#         258
  C:24ECH         LINE#         259
BL51 BANKED LINKER/LOCATER V6.00                                                      08/10/2017  09:22:49  PAGE 25


  C:24ECH         LINE#         260
  C:24ECH         LINE#         261
  C:24ECH         LINE#         262
  C:24EEH         LINE#         264
  C:24EEH         LINE#         265
  C:2539H         LINE#         266
  C:2539H         LINE#         267
  C:2540H         LINE#         268
  C:2542H         LINE#         270
  C:2542H         LINE#         271
  C:254AH         LINE#         272
  C:2590H         LINE#         273
  C:2590H         LINE#         274
  C:2590H         LINE#         276
  C:26BDH         LINE#         279
  C:26E7H         LINE#         280
  C:26E9H         LINE#         281
  C:26E9H         LINE#         282
  C:26EAH         LINE#         283
  -------         ENDPROC       _TRAPEZOIDAL_INTEGRAL_PID
  -------         PROC          _INCREMENTAL_PID
  X:0E1BH         SYMBOL        PID_N
  C:48BBH         LINE#         293
  C:48C0H         LINE#         294
  C:48C0H         LINE#         295
  C:48D3H         LINE#         296
  C:48D3H         LINE#         297
  C:4921H         LINE#         298
  C:4A03H         LINE#         301
  C:4A2DH         LINE#         302
  C:4A57H         LINE#         303
  C:4A59H         LINE#         304
  C:4A59H         LINE#         305
  C:4A5AH         LINE#         306
  -------         ENDPROC       _INCREMENTAL_PID
  -------         PROC          _SETPARAMETERINFERIORLIMIT
  D:0003H         SYMBOL        PID_N
  X:0DA0H         SYMBOL        value
  C:7CC0H         LINE#         317
  C:7CC2H         LINE#         318
  C:7CC2H         LINE#         319
  -------         ENDPROC       _SETPARAMETERINFERIORLIMIT
  -------         PROC          _SETPARAMETERUPPERLIMIT
  D:0003H         SYMBOL        PID_N
  X:0DA5H         SYMBOL        value
  C:7CE1H         LINE#         331
  C:7CE3H         LINE#         332
  C:7CE3H         LINE#         333
  -------         ENDPROC       _SETPARAMETERUPPERLIMIT
  -------         PROC          _SETACTUALPARAMETER
  D:0003H         SYMBOL        PID_N
  X:0DAAH         SYMBOL        value
  C:7D02H         LINE#         346
  C:7D04H         LINE#         347
  C:7D04H         LINE#         348
  -------         ENDPROC       _SETACTUALPARAMETER
  -------         PROC          _SETKI
BL51 BANKED LINKER/LOCATER V6.00                                                      08/10/2017  09:22:49  PAGE 26


  D:0003H         SYMBOL        PID_N
  X:0DAFH         SYMBOL        value
  C:7D23H         LINE#         361
  C:7D25H         LINE#         362
  C:7D25H         LINE#         363
  -------         ENDPROC       _SETKI
  -------         PROC          _SETKP
  D:0003H         SYMBOL        PID_N
  X:0DB4H         SYMBOL        value
  C:7D44H         LINE#         375
  C:7D46H         LINE#         376
  C:7D46H         LINE#         377
  -------         ENDPROC       _SETKP
  -------         PROC          _SETKD
  D:0003H         SYMBOL        PID_N
  X:0DB9H         SYMBOL        value
  C:7D65H         LINE#         389
  C:7D67H         LINE#         390
  C:7D67H         LINE#         391
  -------         ENDPROC       _SETKD
  -------         PROC          _SETPARAMETER
  D:0003H         SYMBOL        PID_N
  X:0DBEH         SYMBOL        value
  C:7D86H         LINE#         403
  C:7D88H         LINE#         404
  C:7D88H         LINE#         405
  -------         ENDPROC       _SETPARAMETER
  -------         PROC          _GETPARAMETER
  D:0007H         SYMBOL        PID_N
  C:80F8H         LINE#         417
  C:80F8H         LINE#         418
  C:80F8H         LINE#         419
  C:8111H         LINE#         420
  -------         ENDPROC       _GETPARAMETER
  -------         PROC          _GETERR
  D:0007H         SYMBOL        PID_N
  C:8112H         LINE#         430
  C:8112H         LINE#         431
  C:8112H         LINE#         432
  C:812BH         LINE#         433
  -------         ENDPROC       _GETERR
  -------         PROC          _GETERRLAST
  D:0007H         SYMBOL        PID_N
  C:812CH         LINE#         443
  C:812CH         LINE#         444
  C:812CH         LINE#         445
  C:8145H         LINE#         446
  -------         ENDPROC       _GETERRLAST
  -------         PROC          _GETKP
  D:0007H         SYMBOL        PID_N
  C:8146H         LINE#         456
  C:8146H         LINE#         457
  C:8146H         LINE#         458
  C:815FH         LINE#         459
  -------         ENDPROC       _GETKP
  -------         PROC          _GETKI
  D:0007H         SYMBOL        PID_N
BL51 BANKED LINKER/LOCATER V6.00                                                      08/10/2017  09:22:49  PAGE 27


  C:8160H         LINE#         469
  C:8160H         LINE#         470
  C:8160H         LINE#         471
  C:8179H         LINE#         472
  -------         ENDPROC       _GETKI
  -------         PROC          _GETKD
  D:0007H         SYMBOL        PID_N
  C:817AH         LINE#         482
  C:817AH         LINE#         483
  C:817AH         LINE#         484
  C:8193H         LINE#         485
  -------         ENDPROC       _GETKD
  -------         PROC          _GETOUTPUT
  D:0007H         SYMBOL        PID_N
  C:8194H         LINE#         495
  C:8194H         LINE#         496
  C:8194H         LINE#         497
  C:81ADH         LINE#         498
  -------         ENDPROC       _GETOUTPUT
  -------         PROC          _GETINTEGRAL
  D:0007H         SYMBOL        PID_N
  C:81AEH         LINE#         508
  C:81AEH         LINE#         509
  C:81AEH         LINE#         510
  C:81C7H         LINE#         511
  -------         ENDPROC       _GETINTEGRAL
  -------         PROC          _SETMAXERROR
  D:0003H         SYMBOL        PID_N
  X:0DC3H         SYMBOL        err_max
  C:7DA7H         LINE#         521
  C:7DA9H         LINE#         522
  C:7DA9H         LINE#         523
  -------         ENDPROC       _SETMAXERROR
  -------         PROC          _POSCLASSPID
  X:0E1CH         SYMBOL        PID_N
  D:0005H         SYMBOL        PID_MODE
  C:728CH         LINE#         535
  C:7291H         LINE#         536
  C:7291H         LINE#         537
  C:72A1H         LINE#         538
  C:72A1H         LINE#         539
  C:72B0H         LINE#         540
  C:72B0H         LINE#         541
  C:72B0H         LINE#         542
  C:72B8H         LINE#         543
  C:72B8H         LINE#         544
  C:72B8H         LINE#         545
  C:72C0H         LINE#         546
  C:72C0H         LINE#         547
  C:72C0H         LINE#         548
  C:72C8H         LINE#         549
  C:72C8H         LINE#         550
  C:72C8H         LINE#         551
  C:72D0H         LINE#         552
  C:72D0H         LINE#         553
  C:72D0H         LINE#         554
  C:72D0H         LINE#         555
BL51 BANKED LINKER/LOCATER V6.00                                                      08/10/2017  09:22:49  PAGE 28


  -------         ENDPROC       _POSCLASSPID
  -------         PROC          _INCCLASSPID
  D:0007H         SYMBOL        PID_N
  D:0005H         SYMBOL        PID_MODE
  C:8298H         LINE#         566
  C:8298H         LINE#         567
  C:8298H         LINE#         568
  C:82A9H         LINE#         569
  C:82A9H         LINE#         570
  C:82ADH         LINE#         571
  C:82ADH         LINE#         572
  C:82ADH         LINE#         573
  C:82B0H         LINE#         574
  C:82B0H         LINE#         575
  C:82B0H         LINE#         576
  C:82B0H         LINE#         577
  -------         ENDPROC       _INCCLASSPID
  -------         ENDMOD        PID

  -------         MODULE        DATASCOPE_DP
  C:0000H         SYMBOL        _ICE_DUMMY_
  D:0080H         PUBLIC        P0
  D:0090H         PUBLIC        P1
  D:00A0H         PUBLIC        P2
  D:00B0H         PUBLIC        P3
  D:00C0H         PUBLIC        P4
  D:00C8H         PUBLIC        P5
  D:00E8H         PUBLIC        P6
  D:00F8H         PUBLIC        P7
  X:0B1FH         PUBLIC        DataScope_OutPut_Buffer
  D:00A8H         PUBLIC        IE
  D:00B8H         PUBLIC        IP
  D:00D8H         PUBLIC        CCON
  C:78BFH         PUBLIC        _sendScopeData
  D:0098H         PUBLIC        SCON
  D:0088H         PUBLIC        TCON
  D:00F0H         PUBLIC        B
  C:61A0H         PUBLIC        _Float2Byte
  D:00E0H         PUBLIC        ACC
  C:624AH         PUBLIC        _DataScope_Data_Generate
  C:5563H         PUBLIC        _DataScope_Get_Channel_Data
  D:00D0H         PUBLIC        PSW
  -------         PROC          _FLOAT2BYTE
  D:0001H         SYMBOL        target
  X:0396H         SYMBOL        buf
  X:0399H         SYMBOL        beg
  -------         DO            
  X:039AH         SYMBOL        point
  -------         ENDDO         
  C:61A0H         LINE#         26
  C:61A0H         LINE#         27
  C:61A0H         LINE#         29
  C:61ABH         LINE#         30
  C:61C9H         LINE#         31
  C:61F5H         LINE#         32
[...]
  C:127CH         PUBLIC        ?C?LLDIDATA
  -------         ENDMOD        ?C?LLDIDATA

  -------         MODULE        ?C?LLDXDATA
BL51 BANKED LINKER/LOCATER V6.00                                                      08/10/2017  09:22:49  PAGE 135


  C:1288H         PUBLIC        ?C?LLDXDATA
  -------         ENDMOD        ?C?LLDXDATA

  -------         MODULE        ?C?LLDPDATA
  C:1294H         PUBLIC        ?C?LLDPDATA
  -------         ENDMOD        ?C?LLDPDATA

  -------         MODULE        ?C?LLDCODE
  C:12A0H         PUBLIC        ?C?LLDCODE
  -------         ENDMOD        ?C?LLDCODE

  -------         MODULE        ?C?LLDIDATA0
  C:12B0H         PUBLIC        ?C?LLDIDATA0
  -------         ENDMOD        ?C?LLDIDATA0

  -------         MODULE        ?C?LLDXDATA0
  C:12BDH         PUBLIC        ?C?LLDXDATA0
  -------         ENDMOD        ?C?LLDXDATA0

  -------         MODULE        ?C?LLDPDATA0
  C:12C9H         PUBLIC        ?C?LLDPDATA0
  -------         ENDMOD        ?C?LLDPDATA0

  -------         MODULE        ?C?LLDCODE0
  C:12D6H         PUBLIC        ?C?LLDCODE0
  -------         ENDMOD        ?C?LLDCODE0

  -------         MODULE        ?C?PLDIDATA
  C:12E6H         PUBLIC        ?C?PLDIDATA
  -------         ENDMOD        ?C?PLDIDATA

  -------         MODULE        ?C?PLDXDATA
  C:12EFH         PUBLIC        ?C?PLDXDATA
  -------         ENDMOD        ?C?PLDXDATA

  -------         MODULE        ?C?PLDPDATA
  C:12F8H         PUBLIC        ?C?PLDPDATA
  -------         ENDMOD        ?C?PLDPDATA

  -------         MODULE        ?C?PLDCODE
  C:1301H         PUBLIC        ?C?PLDCODE
  -------         ENDMOD        ?C?PLDCODE

  -------         MODULE        INIT_MEM
  X:0D4AH         PUBLIC        __mem_avail__
  C:7548H         PUBLIC        _init_mempool
  -------         ENDMOD        INIT_MEM

*** WARNING L16: UNCALLED SEGMENT, IGNORED FOR OVERLAY PROCESS
    SEGMENT: ?PR?TEST?SETUP

*** WARNING L16: UNCALLED SEGMENT, IGNORED FOR OVERLAY PROCESS
    SEGMENT: ?PR?MODE1?MODE

*** WARNING L16: UNCALLED SEGMENT, IGNORED FOR OVERLAY PROCESS
    SEGMENT: ?PR?MODE2?MODE

BL51 BANKED LINKER/LOCATER V6.00                                                      08/10/2017  09:22:49  PAGE 136


*** WARNING L16: UNCALLED SEGMENT, IGNORED FOR OVERLAY PROCESS
    SEGMENT: ?PR?MODE3?MODE

*** WARNING L16: UNCALLED SEGMENT, IGNORED FOR OVERLAY PROCESS
    SEGMENT: ?PR?MODE4?MODE

*** WARNING L16: UNCALLED SEGMENT, IGNORED FOR OVERLAY PROCESS
    SEGMENT: ?PR?MODELAUNCHER?MODE

*** WARNING L16: UNCALLED SEGMENT, IGNORED FOR OVERLAY PROCESS
    SEGMENT: ?PR?_KALMANFILTER?FILTER

*** WARNING L16: UNCALLED SEGMENT, IGNORED FOR OVERLAY PROCESS
    SEGMENT: ?PR?_PID_CONFIG?PID

*** WARNING L16: UNCALLED SEGMENT, IGNORED FOR OVERLAY PROCESS
    SEGMENT: ?PR?_OPENPID?PID

*** WARNING L16: UNCALLED SEGMENT, IGNORED FOR OVERLAY PROCESS
    SEGMENT: ?PR?_CLOSEPID?PID

*** WARNING L16: UNCALLED SEGMENT, IGNORED FOR OVERLAY PROCESS
    SEGMENT: ?PR?_SETPARAMETERINFERIORLIMIT?PID

*** WARNING L16: UNCALLED SEGMENT, IGNORED FOR OVERLAY PROCESS
    SEGMENT: ?PR?_SETPARAMETERUPPERLIMIT?PID

*** WARNING L16: UNCALLED SEGMENT, IGNORED FOR OVERLAY PROCESS
    SEGMENT: ?PR?_SETACTUALPARAMETER?PID

*** WARNING L16: UNCALLED SEGMENT, IGNORED FOR OVERLAY PROCESS
    SEGMENT: ?PR?_SETKI?PID

*** WARNING L16: UNCALLED SEGMENT, IGNORED FOR OVERLAY PROCESS
    SEGMENT: ?PR?_SETKP?PID

*** WARNING L16: UNCALLED SEGMENT, IGNORED FOR OVERLAY PROCESS
    SEGMENT: ?PR?_SETKD?PID

*** WARNING L16: UNCALLED SEGMENT, IGNORED FOR OVERLAY PROCESS
    SEGMENT: ?PR?_SETPARAMETER?PID

*** WARNING L16: UNCALLED SEGMENT, IGNORED FOR OVERLAY PROCESS
    SEGMENT: ?PR?_GETPARAMETER?PID

*** WARNING L16: UNCALLED SEGMENT, IGNORED FOR OVERLAY PROCESS
    SEGMENT: ?PR?_GETERR?PID

*** WARNING L16: UNCALLED SEGMENT, IGNORED FOR OVERLAY PROCESS
    SEGMENT: ?PR?_GETERRLAST?PID

*** WARNING L16: UNCALLED SEGMENT, IGNORED FOR OVERLAY PROCESS
    SEGMENT: ?PR?_GETKP?PID

*** WARNING L16: UNCALLED SEGMENT, IGNORED FOR OVERLAY PROCESS
    SEGMENT: ?PR?_GETKI?PID

BL51 BANKED LINKER/LOCATER V6.00                                                      08/10/2017  09:22:49  PAGE 137


*** WARNING L16: UNCALLED SEGMENT, IGNORED FOR OVERLAY PROCESS
    SEGMENT: ?PR?_GETKD?PID

*** WARNING L16: UNCALLED SEGMENT, IGNORED FOR OVERLAY PROCESS
    SEGMENT: ?PR?_GETOUTPUT?PID

*** WARNING L16: UNCALLED SEGMENT, IGNORED FOR OVERLAY PROCESS
    SEGMENT: ?PR?_GETINTEGRAL?PID

*** WARNING L16: UNCALLED SEGMENT, IGNORED FOR OVERLAY PROCESS
    SEGMENT: ?PR?_SETMAXERROR?PID

*** WARNING L16: UNCALLED SEGMENT, IGNORED FOR OVERLAY PROCESS
    SEGMENT: ?PR?_POSCLASSPID?PID

*** WARNING L16: UNCALLED SEGMENT, IGNORED FOR OVERLAY PROCESS
    SEGMENT: ?PR?_INCCLASSPID?PID

*** WARNING L16: UNCALLED SEGMENT, IGNORED FOR OVERLAY PROCESS
    SEGMENT: ?PR?BUTTON_CONFIG?BUTTON

*** WARNING L16: UNCALLED SEGMENT, IGNORED FOR OVERLAY PROCESS
    SEGMENT: ?PR?_GETBUTTONSTATE?BUTTON

*** WARNING L16: UNCALLED SEGMENT, IGNORED FOR OVERLAY PROCESS
    SEGMENT: ?PR?_LCD_CLR_ROW?LCD5510_V2

*** WARNING L16: UNCALLED SEGMENT, IGNORED FOR OVERLAY PROCESS
    SEGMENT: ?PR?_LCD_PRINTS?LCD5510_V2

*** WARNING L16: UNCALLED SEGMENT, IGNORED FOR OVERLAY PROCESS
    SEGMENT: ?PR?_LCD_PRINTNUM_I?LCD5510_V2

*** WARNING L16: UNCALLED SEGMENT, IGNORED FOR OVERLAY PROCESS
    SEGMENT: ?PR?_LCD_PRINTNUM_F?LCD5510_V2

*** WARNING L16: UNCALLED SEGMENT, IGNORED FOR OVERLAY PROCESS
    SEGMENT: ?PR?LCD5510_INIT?LCD5510_V2

*** WARNING L16: UNCALLED SEGMENT, IGNORED FOR OVERLAY PROCESS
    SEGMENT: ?PR?BOARD_LED_INIT?LED

*** WARNING L16: UNCALLED SEGMENT, IGNORED FOR OVERLAY PROCESS
    SEGMENT: ?PR?_BLINK?LED

*** WARNING L16: UNCALLED SEGMENT, IGNORED FOR OVERLAY PROCESS
    SEGMENT: ?PR?GETBOARD_LED_STATE?LED

*** WARNING L16: UNCALLED SEGMENT, IGNORED FOR OVERLAY PROCESS
    SEGMENT: ?PR?_BOARD_LED_PWM?LED

*** WARNING L16: UNCALLED SEGMENT, IGNORED FOR OVERLAY PROCESS
    SEGMENT: ?PR?_SETDC_MOTORSPEED?MOTOR

*** WARNING L16: UNCALLED SEGMENT, IGNORED FOR OVERLAY PROCESS
    SEGMENT: ?PR?_OPEN_DC_MOTOR?MOTOR

BL51 BANKED LINKER/LOCATER V6.00                                                      08/10/2017  09:22:49  PAGE 138


*** WARNING L16: UNCALLED SEGMENT, IGNORED FOR OVERLAY PROCESS
    SEGMENT: ?PR?_CLOSE_DC_MOTOR?MOTOR

*** WARNING L16: UNCALLED SEGMENT, IGNORED FOR OVERLAY PROCESS
    SEGMENT: ?PR?_GETDC_MOTORSTATE?MOTOR

*** WARNING L16: UNCALLED SEGMENT, IGNORED FOR OVERLAY PROCESS
    SEGMENT: ?PR?DC_MOTOR_CONFIG?MOTOR

*** WARNING L16: UNCALLED SEGMENT, IGNORED FOR OVERLAY PROCESS
    SEGMENT: ?PR?_INIT_STR_MOTOR?SERVO

*** WARNING L16: UNCALLED SEGMENT, IGNORED FOR OVERLAY PROCESS
    SEGMENT: ?PR?_SET_STR_ANGLE?SERVO

*** WARNING L16: UNCALLED SEGMENT, IGNORED FOR OVERLAY PROCESS
    SEGMENT: ?PR?_READ_STR_ANGLE?SERVO

*** WARNING L16: UNCALLED SEGMENT, IGNORED FOR OVERLAY PROCESS
    SEGMENT: ?PR?_OPEN_STR?SERVO

*** WARNING L16: UNCALLED SEGMENT, IGNORED FOR OVERLAY PROCESS
    SEGMENT: ?PR?_CLOSE_STR?SERVO

*** WARNING L16: UNCALLED SEGMENT, IGNORED FOR OVERLAY PROCESS
    SEGMENT: ?PR?_SETSTEPMOTORWITHDISTANCE?STEP_MOTOR

*** WARNING L16: UNCALLED SEGMENT, IGNORED FOR OVERLAY PROCESS
    SEGMENT: ?PR?_SETSTEPMOTORWITHROUND?STEP_MOTOR

*** WARNING L16: UNCALLED SEGMENT, IGNORED FOR OVERLAY PROCESS
    SEGMENT: ?PR?_SETSTEPMOTORSTATE?STEP_MOTOR

*** WARNING L16: UNCALLED SEGMENT, IGNORED FOR OVERLAY PROCESS
    SEGMENT: ?PR?_GETSTEPMOTORSTATE?STEP_MOTOR

*** WARNING L16: UNCALLED SEGMENT, IGNORED FOR OVERLAY PROCESS
    SEGMENT: ?PR?_SETSTEPMOTORDIVERSION?STEP_MOTOR

*** WARNING L16: UNCALLED SEGMENT, IGNORED FOR OVERLAY PROCESS
    SEGMENT: ?PR?_CLOSE_STEPMOTOR?STEP_MOTOR

*** WARNING L16: UNCALLED SEGMENT, IGNORED FOR OVERLAY PROCESS
    SEGMENT: ?PR?_OPEN_STEPMOTOR?STEP_MOTOR

*** WARNING L16: UNCALLED SEGMENT, IGNORED FOR OVERLAY PROCESS
    SEGMENT: ?PR?_FREESTEPMOTOR?STEP_MOTOR

*** WARNING L16: UNCALLED SEGMENT, IGNORED FOR OVERLAY PROCESS
    SEGMENT: ?PR?_LOCKSTEPMOTOR?STEP_MOTOR

*** WARNING L16: UNCALLED SEGMENT, IGNORED FOR OVERLAY PROCESS
    SEGMENT: ?PR?_STEPMOTOR_INIT?STEP_MOTOR

*** WARNING L16: UNCALLED SEGMENT, IGNORED FOR OVERLAY PROCESS
    SEGMENT: ?PR?_ADC_CONFIG?ANGLE

BL51 BANKED LINKER/LOCATER V6.00                                                      08/10/2017  09:22:49  PAGE 139


*** WARNING L16: UNCALLED SEGMENT, IGNORED FOR OVERLAY PROCESS
    SEGMENT: ?PR?GETANGLE?ANGLE

*** WARNING L16: UNCALLED SEGMENT, IGNORED FOR OVERLAY PROCESS
    SEGMENT: ?PR?_SETPHCOEFFICIENT?PHSENSOR

*** WARNING L16: UNCALLED SEGMENT, IGNORED FOR OVERLAY PROCESS
    SEGMENT: ?PR?_GETPH_VALUE?PHSENSOR

*** WARNING L16: UNCALLED SEGMENT, IGNORED FOR OVERLAY PROCESS
    SEGMENT: ?PR?_SETSPEAKERPERIOD?SPEAKER

*** WARNING L16: UNCALLED SEGMENT, IGNORED FOR OVERLAY PROCESS
    SEGMENT: ?PR?_SETLENGTH?SPEAKER

*** WARNING L16: UNCALLED SEGMENT, IGNORED FOR OVERLAY PROCESS
    SEGMENT: ?PR?_OPEN_SPEAKER?SPEAKER

*** WARNING L16: UNCALLED SEGMENT, IGNORED FOR OVERLAY PROCESS
    SEGMENT: ?PR?_CLOSE_SPEAKER?SPEAKER

*** WARNING L16: UNCALLED SEGMENT, IGNORED FOR OVERLAY PROCESS
    SEGMENT: ?PR?BUZZSUCCEED?SPEAKER

*** WARNING L16: UNCALLED SEGMENT, IGNORED FOR OVERLAY PROCESS
    SEGMENT: ?PR?BUZZFAILED?SPEAKER

*** WARNING L16: UNCALLED SEGMENT, IGNORED FOR OVERLAY PROCESS
    SEGMENT: ?PR?SPEAKER_INIT?SPEAKER

*** WARNING L16: UNCALLED SEGMENT, IGNORED FOR OVERLAY PROCESS
    SEGMENT: ?PR?_GETPULSERSTATE?FIXEDPULSER

*** WARNING L16: UNCALLED SEGMENT, IGNORED FOR OVERLAY PROCESS
    SEGMENT: ?PR?SETCARFORWARD?MT_1_L298N

*** WARNING L16: UNCALLED SEGMENT, IGNORED FOR OVERLAY PROCESS
    SEGMENT: ?PR?SETCARBACK?MT_1_L298N

*** WARNING L16: UNCALLED SEGMENT, IGNORED FOR OVERLAY PROCESS
    SEGMENT: ?PR?SETCARSTOP?MT_1_L298N

*** WARNING L16: UNCALLED SEGMENT, IGNORED FOR OVERLAY PROCESS
    SEGMENT: ?PR?SETCARRIGHTFORWARD?MT_1_L298N

*** WARNING L16: UNCALLED SEGMENT, IGNORED FOR OVERLAY PROCESS
    SEGMENT: ?PR?SETCARRIGHTBACK?MT_1_L298N

*** WARNING L16: UNCALLED SEGMENT, IGNORED FOR OVERLAY PROCESS
    SEGMENT: ?PR?SETCARRIGHTTURN?MT_1_L298N

*** WARNING L16: UNCALLED SEGMENT, IGNORED FOR OVERLAY PROCESS
    SEGMENT: ?PR?SETCARLEFTFORWARD?MT_1_L298N

*** WARNING L16: UNCALLED SEGMENT, IGNORED FOR OVERLAY PROCESS
    SEGMENT: ?PR?SETCARLEFTBACK?MT_1_L298N

BL51 BANKED LINKER/LOCATER V6.00                                                      08/10/2017  09:22:49  PAGE 140


*** WARNING L16: UNCALLED SEGMENT, IGNORED FOR OVERLAY PROCESS
    SEGMENT: ?PR?SETCARLEFTTURN?MT_1_L298N

*** WARNING L16: UNCALLED SEGMENT, IGNORED FOR OVERLAY PROCESS
    SEGMENT: ?PR?_INITJY901?MPU9250_SBUF

*** WARNING L16: UNCALLED SEGMENT, IGNORED FOR OVERLAY PROCESS
    SEGMENT: ?PR?_ENABLEJY901?MPU9250_SBUF

*** WARNING L16: UNCALLED SEGMENT, IGNORED FOR OVERLAY PROCESS
    SEGMENT: ?PR?_DISABLEJY901?MPU9250_SBUF

*** WARNING L16: UNCALLED SEGMENT, IGNORED FOR OVERLAY PROCESS
    SEGMENT: ?PR?_OPENJY901SBUFMODE?MPU9250_SBUF

*** WARNING L16: UNCALLED SEGMENT, IGNORED FOR OVERLAY PROCESS
    SEGMENT: ?PR?_CLOSEJY901SBUFMODE?MPU9250_SBUF

*** WARNING L16: UNCALLED SEGMENT, IGNORED FOR OVERLAY PROCESS
    SEGMENT: ?PR?_GETJY901ACCELERATION?MPU9250_SBUF

*** WARNING L16: UNCALLED SEGMENT, IGNORED FOR OVERLAY PROCESS
    SEGMENT: ?PR?_GETJY901PALSTANCE?MPU9250_SBUF

*** WARNING L16: UNCALLED SEGMENT, IGNORED FOR OVERLAY PROCESS
    SEGMENT: ?PR?_GETJY901ANGLE?MPU9250_SBUF

*** WARNING L16: UNCALLED SEGMENT, IGNORED FOR OVERLAY PROCESS
    SEGMENT: ?PR?_GETJY901MAGNETIC?MPU9250_SBUF

*** WARNING L16: UNCALLED SEGMENT, IGNORED FOR OVERLAY PROCESS
    SEGMENT: ?PR?RELAY_INIT?RELAY

*** WARNING L16: UNCALLED SEGMENT, IGNORED FOR OVERLAY PROCESS
    SEGMENT: ?PR?_OPENRELAYMODULAR?RELAY

*** WARNING L16: UNCALLED SEGMENT, IGNORED FOR OVERLAY PROCESS
    SEGMENT: ?PR?_CLOSERELAYMODULAR?RELAY

*** WARNING L16: UNCALLED SEGMENT, IGNORED FOR OVERLAY PROCESS
    SEGMENT: ?PR?_OPENRELAYKEY?RELAY

*** WARNING L16: UNCALLED SEGMENT, IGNORED FOR OVERLAY PROCESS
    SEGMENT: ?PR?_CLOSERELAYKEY?RELAY

*** WARNING L16: UNCALLED SEGMENT, IGNORED FOR OVERLAY PROCESS
    SEGMENT: ?PR?_TM1638LEDDISPLAY?TM1638

*** WARNING L16: UNCALLED SEGMENT, IGNORED FOR OVERLAY PROCESS
    SEGMENT: ?PR?CLOSETM1638DISPLAY?TM1638

*** WARNING L16: UNCALLED SEGMENT, IGNORED FOR OVERLAY PROCESS
    SEGMENT: ?PR?_CLOSE_ADS1115?ADS1115

*** WARNING L16: UNCALLED SEGMENT, IGNORED FOR OVERLAY PROCESS
    SEGMENT: ?PR?_HC595_INIT?74HC595

BL51 BANKED LINKER/LOCATER V6.00                                                      08/10/2017  09:22:49  PAGE 141


*** WARNING L16: UNCALLED SEGMENT, IGNORED FOR OVERLAY PROCESS
    SEGMENT: ?PR?_HC595SENDDATA?74HC595

*** WARNING L16: UNCALLED SEGMENT, IGNORED FOR OVERLAY PROCESS
    SEGMENT: ?PR?_CLOSE_ULTRASONIC?HC_SR04

*** WARNING L16: UNCALLED SEGMENT, IGNORED FOR OVERLAY PROCESS
    SEGMENT: ?PR?_GETULTRASONICSTATE?HC_SR04

*** WARNING L16: UNCALLED SEGMENT, IGNORED FOR OVERLAY PROCESS
    SEGMENT: ?PR?_GETTIMERVALUE?HC_SR04

*** WARNING L16: UNCALLED SEGMENT, IGNORED FOR OVERLAY PROCESS
    SEGMENT: ?PR?_NRF24L01_INIT?NRF24L01

*** WARNING L16: UNCALLED SEGMENT, IGNORED FOR OVERLAY PROCESS
    SEGMENT: ?PR?_CHOICEHALFDUPLEXMODE?NRF24L01

*** WARNING L16: UNCALLED SEGMENT, IGNORED FOR OVERLAY PROCESS
    SEGMENT: ?PR?_NRF24L01_RXPACKET?NRF24L01

*** WARNING L16: UNCALLED SEGMENT, IGNORED FOR OVERLAY PROCESS
    SEGMENT: ?PR?_NRF24L01_TXPACKET?NRF24L01

*** WARNING L16: UNCALLED SEGMENT, IGNORED FOR OVERLAY PROCESS
    SEGMENT: ?PR?_READ_RTC_DATE?RTC

*** WARNING L16: UNCALLED SEGMENT, IGNORED FOR OVERLAY PROCESS
    SEGMENT: ?PR?_WRITE_RTC_DATE?RTC

*** WARNING L16: UNCALLED SEGMENT, IGNORED FOR OVERLAY PROCESS
    SEGMENT: ?PR?_GET_RTC_TIME?RTC

*** WARNING L16: UNCALLED SEGMENT, IGNORED FOR OVERLAY PROCESS
    SEGMENT: ?PR?_ADC_POWERCONTROL?ADC

*** WARNING L16: UNCALLED SEGMENT, IGNORED FOR OVERLAY PROCESS
    SEGMENT: ?PR?_EEPROM_READ_N?STC15_EEPROM

*** WARNING L16: UNCALLED SEGMENT, IGNORED FOR OVERLAY PROCESS
    SEGMENT: ?PR?_EEPROM_SECTORERASE?STC15_EEPROM

*** WARNING L16: UNCALLED SEGMENT, IGNORED FOR OVERLAY PROCESS
    SEGMENT: ?PR?_EEPROM_WRITE_N?STC15_EEPROM

*** WARNING L16: UNCALLED SEGMENT, IGNORED FOR OVERLAY PROCESS
    SEGMENT: ?PR?_SETPINSTATE?GPIO

*** WARNING L16: UNCALLED SEGMENT, IGNORED FOR OVERLAY PROCESS
    SEGMENT: ?PR?_IIC_WRDATTOADD?STC15_IIC

*** WARNING L16: UNCALLED SEGMENT, IGNORED FOR OVERLAY PROCESS
    SEGMENT: ?PR?_IIC_RDDATFROMADD?STC15_IIC

*** WARNING L16: UNCALLED SEGMENT, IGNORED FOR OVERLAY PROCESS
    SEGMENT: ?PR?_PWMN_UPDATE?PCA

BL51 BANKED LINKER/LOCATER V6.00                                                      08/10/2017  09:22:49  PAGE 142


*** WARNING L16: UNCALLED SEGMENT, IGNORED FOR OVERLAY PROCESS
    SEGMENT: ?PR?_PCA_INIT?PCA

*** WARNING L16: UNCALLED SEGMENT, IGNORED FOR OVERLAY PROCESS
    SEGMENT: ?PR?_PWMOUTPUT?PCA

*** WARNING L16: UNCALLED SEGMENT, IGNORED FOR OVERLAY PROCESS
    SEGMENT: ?PR?_GET_PWM_PERIOD?STC15_PWM

*** WARNING L16: UNCALLED SEGMENT, IGNORED FOR OVERLAY PROCESS
    SEGMENT: ?PR?_GET_PWM_N_DUTY?STC15_PWM

*** WARNING L16: UNCALLED SEGMENT, IGNORED FOR OVERLAY PROCESS
    SEGMENT: ?PR?_GETPWM_DIV?STC15_PWM

*** WARNING L16: UNCALLED SEGMENT, IGNORED FOR OVERLAY PROCESS
    SEGMENT: ?PR?OPEN_PWM_ALL?STC15_PWM

*** WARNING L16: UNCALLED SEGMENT, IGNORED FOR OVERLAY PROCESS
    SEGMENT: ?PR?CLOSE_PWM_ALL?STC15_PWM

*** WARNING L16: UNCALLED SEGMENT, IGNORED FOR OVERLAY PROCESS
    SEGMENT: ?PR?_GET_PWM_N_STATE?STC15_PWM

*** WARNING L16: UNCALLED SEGMENT, IGNORED FOR OVERLAY PROCESS
    SEGMENT: ?PR?_PWM_INIT?STC15_PWM

*** WARNING L16: UNCALLED SEGMENT, IGNORED FOR OVERLAY PROCESS
    SEGMENT: ?PR?_SETSPIRX_DR?STC15_SPI

*** WARNING L16: UNCALLED SEGMENT, IGNORED FOR OVERLAY PROCESS
    SEGMENT: ?PR?_SETTIMEOUT?TIMER

*** WARNING L16: UNCALLED SEGMENT, IGNORED FOR OVERLAY PROCESS
    SEGMENT: ?PR?_GETTIMEROUT?TIMER

*** WARNING L16: UNCALLED SEGMENT, IGNORED FOR OVERLAY PROCESS
    SEGMENT: ?PR?_SETTIMERHERTZ?TIMER

*** WARNING L16: UNCALLED SEGMENT, IGNORED FOR OVERLAY PROCESS
    SEGMENT: ?PR?_GETTIMERHERTZ?TIMER

*** WARNING L16: UNCALLED SEGMENT, IGNORED FOR OVERLAY PROCESS
    SEGMENT: ?PR?_STOPTIMER?TIMER

*** WARNING L16: UNCALLED SEGMENT, IGNORED FOR OVERLAY PROCESS
    SEGMENT: ?PR?_ISSTOPPED?TIMER

*** WARNING L16: UNCALLED SEGMENT, IGNORED FOR OVERLAY PROCESS
    SEGMENT: ?PR?_ONRESTARTTIMER?TIMER

*** WARNING L16: UNCALLED SEGMENT, IGNORED FOR OVERLAY PROCESS
    SEGMENT: ?PR?GETMICROS?TIMER

*** WARNING L16: UNCALLED SEGMENT, IGNORED FOR OVERLAY PROCESS
    SEGMENT: ?PR?GETMILLIS?TIMER

BL51 BANKED LINKER/LOCATER V6.00                                                      08/10/2017  09:22:49  PAGE 143


*** WARNING L16: UNCALLED SEGMENT, IGNORED FOR OVERLAY PROCESS
    SEGMENT: ?PR?GETSECONDS?TIMER

*** WARNING L16: UNCALLED SEGMENT, IGNORED FOR OVERLAY PROCESS
    SEGMENT: ?PR?GETMINUTES?TIMER

*** WARNING L16: UNCALLED SEGMENT, IGNORED FOR OVERLAY PROCESS
    SEGMENT: ?PR?GETHOURS?TIMER

*** WARNING L16: UNCALLED SEGMENT, IGNORED FOR OVERLAY PROCESS
    SEGMENT: ?PR?GETDAYS?TIMER

*** WARNING L16: UNCALLED SEGMENT, IGNORED FOR OVERLAY PROCESS
    SEGMENT: ?PR?_PRINTSTRING2?USART1

*** WARNING L16: UNCALLED SEGMENT, IGNORED FOR OVERLAY PROCESS
    SEGMENT: ?PR?_PRINTSTRING3?USART1

*** WARNING L16: UNCALLED SEGMENT, IGNORED FOR OVERLAY PROCESS
    SEGMENT: ?PR?_PRINTSTRING4?USART1

*** WARNING L16: UNCALLED SEGMENT, IGNORED FOR OVERLAY PROCESS
    SEGMENT: ?PR?_USART1_PRINTF?USART1

*** WARNING L16: UNCALLED SEGMENT, IGNORED FOR OVERLAY PROCESS
    SEGMENT: ?PR?_INIT_MEMPOOL?INIT_MEM

*** WARNING L15: MULTIPLE CALL TO SEGMENT
    SEGMENT: ?PR?_GETADS1115CONVSIONDATA?ADS1115
    CALLER1: ?PR?PRINTDISTANCE?ABSTASK
    CALLER2: ?PR?DISTANCE?ABSTASK

*** WARNING L15: MULTIPLE CALL TO SEGMENT
    SEGMENT: ?PR?_WRITECONFIGREGISTER?ADS1115
    CALLER1: ?PR?PRINTDISTANCE?ABSTASK
    CALLER2: ?PR?DISTANCE?ABSTASK

*** WARNING L15: MULTIPLE CALL TO SEGMENT
    SEGMENT: ?PR?IIC_RDACK?STC15_IIC
    CALLER1: ?PR?PRINTDISTANCE?ABSTASK
    CALLER2: ?PR?DISTANCE?ABSTASK

*** WARNING L15: MULTIPLE CALL TO SEGMENT
    SEGMENT: ?PR?READCONVERSIONREGISTER?ADS1115
    CALLER1: ?PR?PRINTDISTANCE?ABSTASK
    CALLER2: ?PR?DISTANCE?ABSTASK

*** WARNING L15: MULTIPLE CALL TO SEGMENT
    SEGMENT: ?PR?OUTPUTONEBYTE?STC15_IIC
    CALLER1: ?PR?PRINTDISTANCE?ABSTASK
    CALLER2: ?PR?DISTANCE?ABSTASK

*** WARNING L15: MULTIPLE CALL TO SEGMENT
    SEGMENT: ?PR?_DATASCOPE_GET_CHANNEL_DATA?DATASCOPE_DP
    CALLER1: ?PR?PRINTDISTANCE?ABSTASK
    CALLER2: ?PR?DISTANCE?ABSTASK

BL51 BANKED LINKER/LOCATER V6.00                                                      08/10/2017  09:22:49  PAGE 144


*** WARNING L15: MULTIPLE CALL TO SEGMENT
    SEGMENT: ?PR?_FLOAT2BYTE?DATASCOPE_DP
    CALLER1: ?PR?PRINTDISTANCE?ABSTASK
    CALLER2: ?PR?DISTANCE?ABSTASK

*** WARNING L15: MULTIPLE CALL TO SEGMENT
    SEGMENT: ?PR?_SENDSCOPEDATA?DATASCOPE_DP
    CALLER1: ?PR?PRINTDISTANCE?ABSTASK
    CALLER2: ?PR?DISTANCE?ABSTASK

*** WARNING L15: MULTIPLE CALL TO SEGMENT
    SEGMENT: ?PR?GETBUTTONNUM?TM1638
    CALLER1: ?PR?BUTTONSOUND?ABSTASK
    CALLER2: ?PR?BUTTONSTATEUPDATE?ABSTASK

*** WARNING L15: MULTIPLE CALL TO SEGMENT
    SEGMENT: ?PR?_SETTM1638WRITE?TM1638
    CALLER1: ?PR?BUTTONSOUND?ABSTASK
    CALLER2: ?PR?BUTTONSTATEUPDATE?ABSTASK

*** WARNING L15: MULTIPLE CALL TO SEGMENT
    SEGMENT: ?PR?GETTM1638READ?TM1638
    CALLER1: ?PR?BUTTONSOUND?ABSTASK
    CALLER2: ?PR?BUTTONSTATEUPDATE?ABSTASK

******************************************************************************
* RESTRICTED VERSION WITH FFFFH BYTE CODE SIZE LIMIT; USED: 6B25H BYTE (41%) *
******************************************************************************

Program Size: data=78.4 xdata=3628 code=32696
LINK/LOCATE RUN COMPLETE.  156 WARNING(S),  0 ERROR(S)
